sim.c:22:19:SIM_getData	24	static
sim.c:65:19:SIM_sendATCommand	40	static
sim.c:81:19:SIM_init	16	static
sim.c:96:6:SIM_wakeup	16	static
sim.c:111:6:SIM_sleep	16	static
sim.c:133:19:SIM_setFunction	16	static
sim.c:148:6:SIM_process	16	static
sim.c:164:6:SIM_checkEvent	16	static
sim.c:181:19:SIM_readSMS	24	static
sim.c:200:19:SIM_sendSMS	40	static
sim.c:216:8:SIM_getSMSCounter	16	static
sim.c:234:19:SIM_callUSSD	32	static
sim.c:249:8:SIM_getRSSI	16	static
sim.c:266:9:SIM_getNwtype	24	static
sim.c:284:19:SIM_getSimPhone	24	static
sim.c:302:19:SIM_getIMEI	24	static
sim.c:320:19:SIM_getLocalTime	24	static
sim.c:337:10:SIM_getFileSize	16	static
sim.c:354:19:SIM_deleteFile	16	static
sim.c:370:19:SIM_setLocalTimeAuto	16	static
sim.c:388:19:SIM_setLocalTimeManual	24	static
sim.c:404:19:SIM_selectPhonebookMem	16	static
sim.c:423:19:SIM_savePhonebook	32	static
sim.c:442:19:SIM_readPhonebook	32	static
sim.c:459:19:SIM_findPhonebook	16	static
sim.c:477:19:SIM_sendHTTP	16	static
sim.c:495:19:SIM_getFileHTTP	24	static
