sim7x00.c:16:6:sim_UART_Init	8	static
sim7x00.c:23:9:sim_getCounterTimeout	4	static
sim7x00.c:28:6:sim_setCounterTimeout	16	static
sim7x00.c:43:16:send_AT_cmd	344	static
sim7x00.c:96:12:sim_rx_event	16	static
sim7x00.c:125:7:sim_get_g_rx_buffer	4	static
sim7x00.c:135:6:sim_init	24	static
sim7x00.c:176:6:sim_hard_reset	16	static
sim7x00.c:189:6:sim_sync_local_time	24	static
sim7x00.c:257:9:sim_power_off	8	static
sim7x00.c:277:9:sim_reset_module	8	static
sim7x00.c:285:9:sim_sleep_mode	32	static
sim7x00.c:300:9:sim_set_phone_function	32	static
sim7x00.c:306:9:sim_get_time_zone	24	static
sim7x00.c:328:9:sim_set_local_time	56	static
sim7x00.c:336:9:sim_get_IMEI	24	static
sim7x00.c:364:5:sim_get_RSSI	16	static
sim7x00.c:382:6:sim_get_network	24	static
sim7x00.c:400:9:sim_http_start	8	static
sim7x00.c:404:9:sim_http_stop	8	static
sim7x00.c:408:9:sim_http_set_URL	272	static
sim7x00.c:414:9:sim_http_set_parameter	120	static
sim7x00.c:420:9:sim_http_use_method	64	static
sim7x00.c:442:9:sim_http_upload_data	280	static
sim7x00.c:457:9:sim_http_save_file	80	static
sim7x00.c:464:9:sim_http_read_content	64	static
sim7x00.c:490:9:sim_sendSms	240	static
sim7x00.c:549:9:sim_sms_delete	8	static
sim7x00.c:554:9:sim_call_USSD	80	static
sim7x00.c:572:9:sim_call_hangup	8	static
sim7x00.c:577:9:sim_pbook_save_contact	72	static
sim7x00.c:591:9:sim_pbook_read_contact	56	static
sim7x00.c:616:6:sim_pbook_get_own_number	248	static
