core_cm3.h:1762:34:__NVIC_SystemReset	4	static,ignoring_inline_asm
main.c:104:5:main	8	static
main.c:216:6:SystemClock_Config	96	static
main.c:268:13:MX_ADC_Init	24	static
main.c:321:13:MX_CRC_Init	8	static
main.c:347:13:MX_I2C1_Init	8	static
main.c:381:13:MX_RTC_Init	4	static
main.c:461:13:MX_SPI2_Init	8	static
main.c:499:13:MX_USART2_UART_Init	4	static
main.c:532:13:MX_USART3_UART_Init	8	static
main.c:563:13:MX_DMA_Init	16	static
main.c:581:13:MX_GPIO_Init	48	static
main.c:676:6:POWER_Init	8	static
main.c:712:6:CLOCK_Init	88	static
main.c:762:6:SENSOR_Init	8	static
main.c:784:6:SIM_Init	80	static
main.c:853:6:SDCARD_Init	24	static
main.c:888:6:CONFIG_Init	88	static
main.c:912:6:TELE_Init	8	static
main.c:936:6:HAL_UARTEx_RxEventCallback	16	static
main.c:949:6:HAL_RTC_AlarmAEventCallback	16	static
main.c:961:6:HAL_GPIO_EXTI_Callback	16	static
main.c:988:1:__io_putchar	16	static
main.c:999:6:Error_Handler	8	static,ignoring_inline_asm
