core_cm3.h:1762:34:__NVIC_SystemReset	4	static,ignoring_inline_asm
stm32l1xx_it.c:72:6:NMI_Handler	8	static
stm32l1xx_it.c:86:6:HardFault_Handler	8	static
stm32l1xx_it.c:101:6:MemManage_Handler	8	static
stm32l1xx_it.c:116:6:BusFault_Handler	8	static
stm32l1xx_it.c:131:6:UsageFault_Handler	8	static
stm32l1xx_it.c:146:6:SVC_Handler	8	static
stm32l1xx_it.c:159:6:DebugMon_Handler	8	static
stm32l1xx_it.c:172:6:PendSV_Handler	8	static
stm32l1xx_it.c:185:6:SysTick_Handler	8	static
stm32l1xx_it.c:210:6:EXTI0_IRQHandler	8	static
stm32l1xx_it.c:224:6:EXTI1_IRQHandler	8	static
stm32l1xx_it.c:238:6:DMA1_Channel6_IRQHandler	8	static
stm32l1xx_it.c:252:6:EXTI9_5_IRQHandler	8	static
stm32l1xx_it.c:266:6:USART2_IRQHandler	8	static
stm32l1xx_it.c:280:6:RTC_Alarm_IRQHandler	8	static
