core_cm3.h:1762:34:__NVIC_SystemReset	4	static,ignoring_inline_asm
rain_function.c:91:9:getNextMinute	4	static
rain_function.c:103:9:getNextHour	4	static
rain_function.c:122:6:APP_Device_Init	112	static
rain_function.c:210:6:enableSendAT	8	static
rain_function.c:220:6:disableSendAT	8	static
rain_function.c:227:6:sim_timeout	8	static
rain_function.c:242:14:setDeviceID	72	static
rain_function.c:282:24:setDeviceMode	56	static
rain_function.c:327:6:RTC_SetTime	32	static
rain_function.c:351:13:setTime	80	static
rain_function.c:412:13:APP_set_gate_number	80	static
rain_function.c:438:13:APP_set_config	32	static
rain_function.c:508:13:APP_set_admin_number	40	static
rain_function.c:540:13:APP_set_HTTP_URL	16	static
rain_function.c:562:13:APP_reset_device	8	static
rain_function.c:569:13:APP_restore_device	8	static
rain_function.c:594:13:APP_send_data	16	static
rain_function.c:616:13:APP_resend_data	384	static
rain_function.c:686:13:APP_set_token	16	static
rain_function.c:707:13:APP_set_chat_id	16	static
rain_function.c:736:22:SD_IsDetect	8	static
rain_function.c:742:21:SD_IsWrite	8	static
rain_function.c:764:13:APP_debug_data	632	static
rain_function.c:801:13:APP_update_firmware	8	static
rain_function.c:831:13:ota_compare_version	8	static
rain_function.c:887:13:ota_get_new_firmware	8	static
rain_function.c:897:13:ota_download_firmware	16	static
rain_function.c:919:13:APP_set_alarm	128	static
rain_function.c:953:6:setAlarm	8	static
rain_function.c:962:6:APP_get_SMS_info	24	static
rain_function.c:1002:13:APP_check_SMS_sender	40	static
rain_function.c:1030:16:APP_process_SMS_msg	16	static
rain_function.c:1116:6:processUrc_Sms	240	static
rain_function.c:1141:16:APP_telegram_send_msg	768	static
rain_function.c:1185:16:APP_upload_data	488	static
rain_function.c:1263:13:APP_upload_last_data	64	static
rain_function.c:1296:6:processHttp	72	static
rain_function.c:1424:6:sendRainWarning	80	static
rain_function.c:1450:6:APP_send_batt_warning	80	static
rain_function.c:1478:6:cellularEvent	8	static
rain_function.c:1496:6:reconnect_sim_card	8	static
rain_function.c:1517:6:APP_write_backup_data	16	static
rain_function.c:1537:6:readBKPdata	24	static
rain_function.c:1576:13:APP_write_flash	16	static
rain_function.c:1621:6:readFlash	16	static
rain_function.c:1712:13:APP_create_HTTP_json	136	static
rain_function.c:1790:13:APP_create_SMS_msg	136	static
rain_function.c:1873:16:APP_get_battery_percent	24	static
rain_function.c:1911:13:APP_get_power_state	24	static
rain_function.c:1928:16:APP_get_signal	16	static
rain_function.c:1943:14:APP_get_network_type	8	static
rain_function.c:1949:14:APP_get_device_IMEI	8	static
rain_function.c:1955:13:getTime	56	static
rain_function.c:2004:13:getDeviceData	16	static
rain_function.c:2040:13:APP_create_new_data_file	32	static
