rfm95.c:7:20:RFM95_setNSSPin	16	static
rfm95.c:16:20:RFM95_clearNSSPin	16	static
rfm95.c:25:26:RFM95_writeRegister	24	static
rfm95.c:56:26:RFM95_writeBurstRegister	32	static
rfm95.c:99:26:RFM95_readRegister	32	static
rfm95.c:177:19:RFM95_setHeaderMode	24	static
rfm95.c:218:19:RFM95_setSpreadingFactor	24	static
rfm95.c:322:19:RFM95_setCodingRate	24	static
rfm95.c:358:19:RFM95_setBandwidth	24	static
rfm95.c:430:19:RFM95_setCRCMode	24	static
rfm95.c:475:19:RFM95_LowDataRateOptimize	24	static
rfm95.c:522:19:RFM95_setLNA	24	static
rfm95.c:548:19:RFM95_FHSS	16	static
rfm95.c:581:7:RFM95_CalculateTimeOnAir	48	static
rfm95.c:667:19:RFM95_setMode	24	static
rfm95.c:691:19:RFM95_setFrequency	32	static
rfm95.c:707:19:RFM95_setPreamble	24	static
rfm95.c:724:19:RFM95_transmit	40	static
rfm95.c:927:19:RFM95_receive	24	static
rfm95.c:944:19:RFM95_receiveOnIRQ	24	static
rfm95.c:954:19:RFM95_receiveSingle	40	static
rfm95.c:1040:19:RFM95_receiveContinuous	40	static
rfm95.c:1154:6:RFM95_reset	24	static
rfm95.c:1199:19:RFM95_channelActivityDetection	16	static
rfm95.c:1209:19:RFM95_resetFIFOBaseAddress	16	static
rfm95.c:1226:19:RFM95_setRFPowerAmplifier	24	static
rfm95.c:1279:9:RFM95_getRSSI	24	static
rfm95.c:1314:9:RFM95_getSNR	24	static
rfm95.c:1333:19:RFM95_init	16	static
