Archive member included to satisfy reference by file (symbol)

c:/st/stm32cubeide_1.8.0/stm32cubeide/plugins/com.st.stm32cube.ide.mcu.externaltools.gnu-tools-for-stm32.9-2020-q2-update.win32_2.0.0.202105311346/tools/bin/../lib/gcc/arm-none-eabi/9.3.1/../../../../arm-none-eabi/lib/thumb/v7-m/nofp\libc_nano.a(lib_a-atoi.o)
                              ./VRAIN/APPLICATION/FUNCTIONS/rain_function.o (atoi)
c:/st/stm32cubeide_1.8.0/stm32cubeide/plugins/com.st.stm32cube.ide.mcu.externaltools.gnu-tools-for-stm32.9-2020-q2-update.win32_2.0.0.202105311346/tools/bin/../lib/gcc/arm-none-eabi/9.3.1/../../../../arm-none-eabi/lib/thumb/v7-m/nofp\libc_nano.a(lib_a-errno.o)
                              ./Core/Src/syscalls.o (__errno)
c:/st/stm32cubeide_1.8.0/stm32cubeide/plugins/com.st.stm32cube.ide.mcu.externaltools.gnu-tools-for-stm32.9-2020-q2-update.win32_2.0.0.202105311346/tools/bin/../lib/gcc/arm-none-eabi/9.3.1/../../../../arm-none-eabi/lib/thumb/v7-m/nofp\libc_nano.a(lib_a-exit.o)
                              c:/st/stm32cubeide_1.8.0/stm32cubeide/plugins/com.st.stm32cube.ide.mcu.externaltools.gnu-tools-for-stm32.9-2020-q2-update.win32_2.0.0.202105311346/tools/bin/../lib/gcc/arm-none-eabi/9.3.1/../../../../arm-none-eabi/lib/thumb/v7-m/nofp/crt0.o (exit)
c:/st/stm32cubeide_1.8.0/stm32cubeide/plugins/com.st.stm32cube.ide.mcu.externaltools.gnu-tools-for-stm32.9-2020-q2-update.win32_2.0.0.202105311346/tools/bin/../lib/gcc/arm-none-eabi/9.3.1/../../../../arm-none-eabi/lib/thumb/v7-m/nofp\libc_nano.a(lib_a-impure.o)
                              c:/st/stm32cubeide_1.8.0/stm32cubeide/plugins/com.st.stm32cube.ide.mcu.externaltools.gnu-tools-for-stm32.9-2020-q2-update.win32_2.0.0.202105311346/tools/bin/../lib/gcc/arm-none-eabi/9.3.1/../../../../arm-none-eabi/lib/thumb/v7-m/nofp\libc_nano.a(lib_a-exit.o) (_global_impure_ptr)
c:/st/stm32cubeide_1.8.0/stm32cubeide/plugins/com.st.stm32cube.ide.mcu.externaltools.gnu-tools-for-stm32.9-2020-q2-update.win32_2.0.0.202105311346/tools/bin/../lib/gcc/arm-none-eabi/9.3.1/../../../../arm-none-eabi/lib/thumb/v7-m/nofp\libc_nano.a(lib_a-init.o)
                              c:/st/stm32cubeide_1.8.0/stm32cubeide/plugins/com.st.stm32cube.ide.mcu.externaltools.gnu-tools-for-stm32.9-2020-q2-update.win32_2.0.0.202105311346/tools/bin/../lib/gcc/arm-none-eabi/9.3.1/../../../../arm-none-eabi/lib/thumb/v7-m/nofp/crt0.o (__libc_init_array)
c:/st/stm32cubeide_1.8.0/stm32cubeide/plugins/com.st.stm32cube.ide.mcu.externaltools.gnu-tools-for-stm32.9-2020-q2-update.win32_2.0.0.202105311346/tools/bin/../lib/gcc/arm-none-eabi/9.3.1/../../../../arm-none-eabi/lib/thumb/v7-m/nofp\libc_nano.a(lib_a-memcpy-stub.o)
                              ./VRAIN/APPLICATION/FUNCTIONS/rain_function.o (memcpy)
c:/st/stm32cubeide_1.8.0/stm32cubeide/plugins/com.st.stm32cube.ide.mcu.externaltools.gnu-tools-for-stm32.9-2020-q2-update.win32_2.0.0.202105311346/tools/bin/../lib/gcc/arm-none-eabi/9.3.1/../../../../arm-none-eabi/lib/thumb/v7-m/nofp\libc_nano.a(lib_a-memset.o)
                              c:/st/stm32cubeide_1.8.0/stm32cubeide/plugins/com.st.stm32cube.ide.mcu.externaltools.gnu-tools-for-stm32.9-2020-q2-update.win32_2.0.0.202105311346/tools/bin/../lib/gcc/arm-none-eabi/9.3.1/../../../../arm-none-eabi/lib/thumb/v7-m/nofp/crt0.o (memset)
c:/st/stm32cubeide_1.8.0/stm32cubeide/plugins/com.st.stm32cube.ide.mcu.externaltools.gnu-tools-for-stm32.9-2020-q2-update.win32_2.0.0.202105311346/tools/bin/../lib/gcc/arm-none-eabi/9.3.1/../../../../arm-none-eabi/lib/thumb/v7-m/nofp\libc_nano.a(lib_a-nano-vfprintf_float.o)
                              (_printf_float)
c:/st/stm32cubeide_1.8.0/stm32cubeide/plugins/com.st.stm32cube.ide.mcu.externaltools.gnu-tools-for-stm32.9-2020-q2-update.win32_2.0.0.202105311346/tools/bin/../lib/gcc/arm-none-eabi/9.3.1/../../../../arm-none-eabi/lib/thumb/v7-m/nofp\libc_nano.a(lib_a-nano-vfprintf_i.o)
                              c:/st/stm32cubeide_1.8.0/stm32cubeide/plugins/com.st.stm32cube.ide.mcu.externaltools.gnu-tools-for-stm32.9-2020-q2-update.win32_2.0.0.202105311346/tools/bin/../lib/gcc/arm-none-eabi/9.3.1/../../../../arm-none-eabi/lib/thumb/v7-m/nofp\libc_nano.a(lib_a-nano-vfprintf_float.o) (_printf_common)
c:/st/stm32cubeide_1.8.0/stm32cubeide/plugins/com.st.stm32cube.ide.mcu.externaltools.gnu-tools-for-stm32.9-2020-q2-update.win32_2.0.0.202105311346/tools/bin/../lib/gcc/arm-none-eabi/9.3.1/../../../../arm-none-eabi/lib/thumb/v7-m/nofp\libc_nano.a(lib_a-printf.o)
                              ./Core/Src/main.o (printf)
c:/st/stm32cubeide_1.8.0/stm32cubeide/plugins/com.st.stm32cube.ide.mcu.externaltools.gnu-tools-for-stm32.9-2020-q2-update.win32_2.0.0.202105311346/tools/bin/../lib/gcc/arm-none-eabi/9.3.1/../../../../arm-none-eabi/lib/thumb/v7-m/nofp\libc_nano.a(lib_a-putchar.o)
                              ./VRAIN/DRIVERS/SIM7x00/sim7x00.o (putchar)
[...]
Memory Configuration

Name             Origin             Length             Attributes
RAM              0x0000000020000000 0x0000000000008000 xrw
FLASH            0x0000000008000000 0x000000000001c000 xr
*default*        0x0000000000000000 0xffffffffffffffff

Linker script and memory map

LOAD c:/st/stm32cubeide_1.8.0/stm32cubeide/plugins/com.st.stm32cube.ide.mcu.externaltools.gnu-tools-for-stm32.9-2020-q2-update.win32_2.0.0.202105311346/tools/bin/../lib/gcc/arm-none-eabi/9.3.1/thumb/v7-m/nofp/crti.o
LOAD c:/st/stm32cubeide_1.8.0/stm32cubeide/plugins/com.st.stm32cube.ide.mcu.externaltools.gnu-tools-for-stm32.9-2020-q2-update.win32_2.0.0.202105311346/tools/bin/../lib/gcc/arm-none-eabi/9.3.1/thumb/v7-m/nofp/crtbegin.o
LOAD c:/st/stm32cubeide_1.8.0/stm32cubeide/plugins/com.st.stm32cube.ide.mcu.externaltools.gnu-tools-for-stm32.9-2020-q2-update.win32_2.0.0.202105311346/tools/bin/../lib/gcc/arm-none-eabi/9.3.1/../../../../arm-none-eabi/lib/thumb/v7-m/nofp/crt0.o
LOAD ./Core/Src/main.o
LOAD ./Core/Src/stm32l1xx_hal_msp.o
LOAD ./Core/Src/stm32l1xx_it.o
LOAD ./Core/Src/syscalls.o
LOAD ./Core/Src/sysmem.o
LOAD ./Core/Src/system_stm32l1xx.o
LOAD ./Core/Startup/startup_stm32l152cctx.o
LOAD ./Drivers/STM32L1xx_HAL_Driver/Src/stm32l1xx_hal.o
LOAD ./Drivers/STM32L1xx_HAL_Driver/Src/stm32l1xx_hal_adc.o
LOAD ./Drivers/STM32L1xx_HAL_Driver/Src/stm32l1xx_hal_adc_ex.o
LOAD ./Drivers/STM32L1xx_HAL_Driver/Src/stm32l1xx_hal_cortex.o
LOAD ./Drivers/STM32L1xx_HAL_Driver/Src/stm32l1xx_hal_dma.o
LOAD ./Drivers/STM32L1xx_HAL_Driver/Src/stm32l1xx_hal_exti.o
LOAD ./Drivers/STM32L1xx_HAL_Driver/Src/stm32l1xx_hal_flash.o
LOAD ./Drivers/STM32L1xx_HAL_Driver/Src/stm32l1xx_hal_flash_ex.o
LOAD ./Drivers/STM32L1xx_HAL_Driver/Src/stm32l1xx_hal_flash_ramfunc.o
LOAD ./Drivers/STM32L1xx_HAL_Driver/Src/stm32l1xx_hal_gpio.o
LOAD ./Drivers/STM32L1xx_HAL_Driver/Src/stm32l1xx_hal_i2c.o
LOAD ./Drivers/STM32L1xx_HAL_Driver/Src/stm32l1xx_hal_pwr.o
LOAD ./Drivers/STM32L1xx_HAL_Driver/Src/stm32l1xx_hal_pwr_ex.o
LOAD ./Drivers/STM32L1xx_HAL_Driver/Src/stm32l1xx_hal_rcc.o
LOAD ./Drivers/STM32L1xx_HAL_Driver/Src/stm32l1xx_hal_rcc_ex.o
LOAD ./Drivers/STM32L1xx_HAL_Driver/Src/stm32l1xx_hal_rtc.o
LOAD ./Drivers/STM32L1xx_HAL_Driver/Src/stm32l1xx_hal_rtc_ex.o
LOAD ./Drivers/STM32L1xx_HAL_Driver/Src/stm32l1xx_hal_spi.o
LOAD ./Drivers/STM32L1xx_HAL_Driver/Src/stm32l1xx_hal_tim.o
LOAD ./Drivers/STM32L1xx_HAL_Driver/Src/stm32l1xx_hal_tim_ex.o
LOAD ./Drivers/STM32L1xx_HAL_Driver/Src/stm32l1xx_hal_uart.o
LOAD ./FATFS/App/fatfs.o
LOAD ./FATFS/Target/user_diskio.o
LOAD ./Middlewares/Third_Party/FatFs/src/diskio.o
LOAD ./Middlewares/Third_Party/FatFs/src/ff.o
LOAD ./Middlewares/Third_Party/FatFs/src/ff_gen_drv.o
LOAD ./Middlewares/Third_Party/FatFs/src/option/ccsbcs.o
LOAD ./Middlewares/Third_Party/FatFs/src/option/syscall.o
LOAD ./VRAIN/APPLICATION/FUNCTIONS/rain_function.o
LOAD ./VRAIN/DRIVERS/BQ2429x/bq24298.o
LOAD ./VRAIN/DRIVERS/FLASH/flash.o
LOAD ./VRAIN/DRIVERS/LOG/logger.o
LOAD ./VRAIN/DRIVERS/SDCARD/fatfs_sd.o
LOAD ./VRAIN/DRIVERS/SDCARD/sd.o
LOAD ./VRAIN/DRIVERS/SIM7x00/sim7x00.o
START GROUP
LOAD c:/st/stm32cubeide_1.8.0/stm32cubeide/plugins/com.st.stm32cube.ide.mcu.externaltools.gnu-tools-for-stm32.9-2020-q2-update.win32_2.0.0.202105311346/tools/bin/../lib/gcc/arm-none-eabi/9.3.1/../../../../arm-none-eabi/lib/thumb/v7-m/nofp\libc_nano.a
LOAD c:/st/stm32cubeide_1.8.0/stm32cubeide/plugins/com.st.stm32cube.ide.mcu.externaltools.gnu-tools-for-stm32.9-2020-q2-update.win32_2.0.0.202105311346/tools/bin/../lib/gcc/arm-none-eabi/9.3.1/../../../../arm-none-eabi/lib/thumb/v7-m/nofp\libm.a
END GROUP
START GROUP
LOAD c:/st/stm32cubeide_1.8.0/stm32cubeide/plugins/com.st.stm32cube.ide.mcu.externaltools.gnu-tools-for-stm32.9-2020-q2-update.win32_2.0.0.202105311346/tools/bin/../lib/gcc/arm-none-eabi/9.3.1/thumb/v7-m/nofp\libgcc.a
LOAD c:/st/stm32cubeide_1.8.0/stm32cubeide/plugins/com.st.stm32cube.ide.mcu.externaltools.gnu-tools-for-stm32.9-2020-q2-update.win32_2.0.0.202105311346/tools/bin/../lib/gcc/arm-none-eabi/9.3.1/../../../../arm-none-eabi/lib/thumb/v7-m/nofp\libc_nano.a
END GROUP
START GROUP
LOAD c:/st/stm32cubeide_1.8.0/stm32cubeide/plugins/com.st.stm32cube.ide.mcu.externaltools.gnu-tools-for-stm32.9-2020-q2-update.win32_2.0.0.202105311346/tools/bin/../lib/gcc/arm-none-eabi/9.3.1/thumb/v7-m/nofp\libgcc.a
LOAD c:/st/stm32cubeide_1.8.0/stm32cubeide/plugins/com.st.stm32cube.ide.mcu.externaltools.gnu-tools-for-stm32.9-2020-q2-update.win32_2.0.0.202105311346/tools/bin/../lib/gcc/arm-none-eabi/9.3.1/../../../../arm-none-eabi/lib/thumb/v7-m/nofp\libc_nano.a
LOAD c:/st/stm32cubeide_1.8.0/stm32cubeide/plugins/com.st.stm32cube.ide.mcu.externaltools.gnu-tools-for-stm32.9-2020-q2-update.win32_2.0.0.202105311346/tools/bin/../lib/gcc/arm-none-eabi/9.3.1/../../../../arm-none-eabi/lib/thumb/v7-m/nofp\libnosys.a
END GROUP
START GROUP
LOAD c:/st/stm32cubeide_1.8.0/stm32cubeide/plugins/com.st.stm32cube.ide.mcu.externaltools.gnu-tools-for-stm32.9-2020-q2-update.win32_2.0.0.202105311346/tools/bin/../lib/gcc/arm-none-eabi/9.3.1/thumb/v7-m/nofp\libgcc.a
LOAD c:/st/stm32cubeide_1.8.0/stm32cubeide/plugins/com.st.stm32cube.ide.mcu.externaltools.gnu-tools-for-stm32.9-2020-q2-update.win32_2.0.0.202105311346/tools/bin/../lib/gcc/arm-none-eabi/9.3.1/../../../../arm-none-eabi/lib/thumb/v7-m/nofp\libc_nano.a
LOAD c:/st/stm32cubeide_1.8.0/stm32cubeide/plugins/com.st.stm32cube.ide.mcu.externaltools.gnu-tools-for-stm32.9-2020-q2-update.win32_2.0.0.202105311346/tools/bin/../lib/gcc/arm-none-eabi/9.3.1/../../../../arm-none-eabi/lib/thumb/v7-m/nofp\libnosys.a
END GROUP
LOAD c:/st/stm32cubeide_1.8.0/stm32cubeide/plugins/com.st.stm32cube.ide.mcu.externaltools.gnu-tools-for-stm32.9-2020-q2-update.win32_2.0.0.202105311346/tools/bin/../lib/gcc/arm-none-eabi/9.3.1/thumb/v7-m/nofp/crtend.o
LOAD c:/st/stm32cubeide_1.8.0/stm32cubeide/plugins/com.st.stm32cube.ide.mcu.externaltools.gnu-tools-for-stm32.9-2020-q2-update.win32_2.0.0.202105311346/tools/bin/../lib/gcc/arm-none-eabi/9.3.1/thumb/v7-m/nofp/crtn.o
                0x0000000020008000                _estack = (ORIGIN (RAM) + LENGTH (RAM))
                0x0000000000000200                _Min_Heap_Size = 0x200
                0x0000000000000400                _Min_Stack_Size = 0x400

.isr_vector     0x0000000008000000      0x13c
                0x0000000008000000                . = ALIGN (0x4)
 *(.isr_vector)
 .isr_vector    0x0000000008000000      0x13c ./Core/Startup/startup_stm32l152cctx.o
                0x0000000008000000                g_pfnVectors
                0x000000000800013c                . = ALIGN (0x4)

.text           0x0000000008000140    0x14228
                0x0000000008000140                . = ALIGN (0x4)
 *(.text)
 .text          0x0000000008000140       0x40 c:/st/stm32cubeide_1.8.0/stm32cubeide/plugins/com.st.stm32cube.ide.mcu.externaltools.gnu-tools-for-stm32.9-2020-q2-update.win32_2.0.0.202105311346/tools/bin/../lib/gcc/arm-none-eabi/9.3.1/thumb/v7-m/nofp/crtbegin.o
 .text          0x0000000008000180       0x10 c:/st/stm32cubeide_1.8.0/stm32cubeide/plugins/com.st.stm32cube.ide.mcu.externaltools.gnu-tools-for-stm32.9-2020-q2-update.win32_2.0.0.202105311346/tools/bin/../lib/gcc/arm-none-eabi/9.3.1/../../../../arm-none-eabi/lib/thumb/v7-m/nofp\libc_nano.a(lib_a-strlen.o)
                0x0000000008000180                strlen
 .text          0x0000000008000190      0x378 c:/st/stm32cubeide_1.8.0/stm32cubeide/plugins/com.st.stm32cube.ide.mcu.externaltools.gnu-tools-for-stm32.9-2020-q2-update.win32_2.0.0.202105311346/tools/bin/../lib/gcc/arm-none-eabi/9.3.1/thumb/v7-m/nofp\libgcc.a(_arm_addsubdf3.o)
                0x0000000008000190                __aeabi_drsub
                0x0000000008000198                __aeabi_dsub
                0x0000000008000198                __subdf3
                0x000000000800019c                __aeabi_dadd
                0x000000000800019c                __adddf3
                0x0000000008000414                __floatunsidf
                0x0000000008000414                __aeabi_ui2d
                0x0000000008000434                __floatsidf
                0x0000000008000434                __aeabi_i2d
                0x0000000008000458                __aeabi_f2d
                0x0000000008000458                __extendsfdf2
                0x000000000800049c                __floatundidf
                0x000000000800049c                __aeabi_ul2d
                0x00000000080004ac                __floatdidf
                0x00000000080004ac                __aeabi_l2d
 .text          0x0000000008000508      0x424 c:/st/stm32cubeide_1.8.0/stm32cubeide/plugins/com.st.stm32cube.ide.mcu.externaltools.gnu-tools-for-stm32.9-2020-q2-update.win32_2.0.0.202105311346/tools/bin/../lib/gcc/arm-none-eabi/9.3.1/thumb/v7-m/nofp\libgcc.a(_arm_muldivdf3.o)
                0x0000000008000508                __aeabi_dmul
                0x0000000008000508                __muldf3
                0x000000000800075c                __divdf3
                0x000000000800075c                __aeabi_ddiv
 .text          0x000000000800092c      0x110 c:/st/stm32cubeide_1.8.0/stm32cubeide/plugins/com.st.stm32cube.ide.mcu.externaltools.gnu-tools-for-stm32.9-2020-q2-update.win32_2.0.0.202105311346/tools/bin/../lib/gcc/arm-none-eabi/9.3.1/thumb/v7-m/nofp\libgcc.a(_arm_cmpdf2.o)
                0x000000000800092c                __gtdf2
                0x000000000800092c                __gedf2
                0x0000000008000934                __ltdf2
                0x0000000008000934                __ledf2
                0x000000000800093c                __nedf2
                0x000000000800093c                __eqdf2
                0x000000000800093c                __cmpdf2
                0x00000000080009b8                __aeabi_cdrcmple
                0x00000000080009c8                __aeabi_cdcmpeq
                0x00000000080009c8                __aeabi_cdcmple
                0x00000000080009d8                __aeabi_dcmpeq
                0x00000000080009ec                __aeabi_dcmplt
                0x0000000008000a00                __aeabi_dcmple
                0x0000000008000a14                __aeabi_dcmpge
                0x0000000008000a28                __aeabi_dcmpgt
 .text          0x0000000008000a3c       0x2c c:/st/stm32cubeide_1.8.0/stm32cubeide/plugins/com.st.stm32cube.ide.mcu.externaltools.gnu-tools-for-stm32.9-2020-q2-update.win32_2.0.0.202105311346/tools/bin/../lib/gcc/arm-none-eabi/9.3.1/thumb/v7-m/nofp\libgcc.a(_arm_unorddf2.o)
                0x0000000008000a3c                __unorddf2
                0x0000000008000a3c                __aeabi_dcmpun
 .text          0x0000000008000a68       0x50 c:/st/stm32cubeide_1.8.0/stm32cubeide/plugins/com.st.stm32cube.ide.mcu.externaltools.gnu-tools-for-stm32.9-2020-q2-update.win32_2.0.0.202105311346/tools/bin/../lib/gcc/arm-none-eabi/9.3.1/thumb/v7-m/nofp\libgcc.a(_arm_fixdfsi.o)
                0x0000000008000a68                __aeabi_d2iz
                0x0000000008000a68                __fixdfsi
 .text          0x0000000008000ab8       0xa0 c:/st/stm32cubeide_1.8.0/stm32cubeide/plugins/com.st.stm32cube.ide.mcu.externaltools.gnu-tools-for-stm32.9-2020-q2-update.win32_2.0.0.202105311346/tools/bin/../lib/gcc/arm-none-eabi/9.3.1/thumb/v7-m/nofp\libgcc.a(_arm_truncdfsf2.o)
                0x0000000008000ab8                __truncdfsf2
                0x0000000008000ab8                __aeabi_d2f
 .text          0x0000000008000b58      0x21c c:/st/stm32cubeide_1.8.0/stm32cubeide/plugins/com.st.stm32cube.ide.mcu.externaltools.gnu-tools-for-stm32.9-2020-q2-update.win32_2.0.0.202105311346/tools/bin/../lib/gcc/arm-none-eabi/9.3.1/thumb/v7-m/nofp\libgcc.a(_arm_addsubsf3.o)
                0x0000000008000b58                __aeabi_frsub
                0x0000000008000b60                __subsf3
                0x0000000008000b60                __aeabi_fsub
                0x0000000008000b64                __aeabi_fadd
                0x0000000008000b64                __addsf3
                0x0000000008000cc4                __aeabi_ui2f
                0x0000000008000cc4                __floatunsisf
                0x0000000008000ccc                __aeabi_i2f
                0x0000000008000ccc                __floatsisf
                0x0000000008000ce8                __aeabi_ul2f
                0x0000000008000ce8                __floatundisf
                0x0000000008000cf8                __aeabi_l2f
                0x0000000008000cf8                __floatdisf
 .text          0x0000000008000d74      0x2a0 c:/st/stm32cubeide_1.8.0/stm32cubeide/plugins/com.st.stm32cube.ide.mcu.externaltools.gnu-tools-for-stm32.9-2020-q2-update.win32_2.0.0.202105311346/tools/bin/../lib/gcc/arm-none-eabi/9.3.1/thumb/v7-m/nofp\libgcc.a(_arm_muldivsf3.o)
                0x0000000008000d74                __mulsf3
                0x0000000008000d74                __aeabi_fmul
                0x0000000008000edc                __aeabi_fdiv
                0x0000000008000edc                __divsf3
 .text          0x0000000008001014       0xec c:/st/stm32cubeide_1.8.0/stm32cubeide/plugins/com.st.stm32cube.ide.mcu.externaltools.gnu-tools-for-stm32.9-2020-q2-update.win32_2.0.0.202105311346/tools/bin/../lib/gcc/arm-none-eabi/9.3.1/thumb/v7-m/nofp\libgcc.a(_arm_cmpsf2.o)
                0x0000000008001014                __gesf2
                0x0000000008001014                __gtsf2
                0x000000000800101c                __lesf2
                0x000000000800101c                __ltsf2
                0x0000000008001024                __nesf2
                0x0000000008001024                __eqsf2
                0x0000000008001024                __cmpsf2
                0x0000000008001084                __aeabi_cfrcmple
                0x000000000800108c                __aeabi_cfcmpeq
                0x000000000800108c                __aeabi_cfcmple
                0x000000000800109c                __aeabi_fcmpeq
                0x00000000080010b0                __aeabi_fcmplt
                0x00000000080010c4                __aeabi_fcmple
                0x00000000080010d8                __aeabi_fcmpge
                0x00000000080010ec                __aeabi_fcmpgt
 .text          0x0000000008001100       0x40 c:/st/stm32cubeide_1.8.0/stm32cubeide/plugins/com.st.stm32cube.ide.mcu.externaltools.gnu-tools-for-stm32.9-2020-q2-update.win32_2.0.0.202105311346/tools/bin/../lib/gcc/arm-none-eabi/9.3.1/thumb/v7-m/nofp\libgcc.a(_arm_fixunssfsi.o)
                0x0000000008001100                __fixunssfsi
                0x0000000008001100                __aeabi_f2uiz
 .text          0x0000000008001140       0x30 c:/st/stm32cubeide_1.8.0/stm32cubeide/plugins/com.st.stm32cube.ide.mcu.externaltools.gnu-tools-for-stm32.9-2020-q2-update.win32_2.0.0.202105311346/tools/bin/../lib/gcc/arm-none-eabi/9.3.1/thumb/v7-m/nofp\libgcc.a(_aeabi_uldivmod.o)
                0x0000000008001140                __aeabi_uldivmod
 .text          0x0000000008001170      0x2c4 c:/st/stm32cubeide_1.8.0/stm32cubeide/plugins/com.st.stm32cube.ide.mcu.externaltools.gnu-tools-for-stm32.9-2020-q2-update.win32_2.0.0.202105311346/tools/bin/../lib/gcc/arm-none-eabi/9.3.1/thumb/v7-m/nofp\libgcc.a(_udivmoddi4.o)
                0x0000000008001170                __udivmoddi4
 .text          0x0000000008001434        0x4 c:/st/stm32cubeide_1.8.0/stm32cubeide/plugins/com.st.stm32cube.ide.mcu.externaltools.gnu-tools-for-stm32.9-2020-q2-update.win32_2.0.0.202105311346/tools/bin/../lib/gcc/arm-none-eabi/9.3.1/thumb/v7-m/nofp\libgcc.a(_dvmd_tls.o)
                0x0000000008001434                __aeabi_idiv0
                0x0000000008001434                __aeabi_ldiv0
 *(.text*)
 .text.__NVIC_SystemReset
                0x0000000008001438       0x2c ./Core/Src/main.o
 .text.HAL_GPIO_EXTI_Callback
                0x0000000008001464      0x1d4 ./Core/Src/main.o
                0x0000000008001464                HAL_GPIO_EXTI_Callback
 .text.HAL_UARTEx_RxEventCallback
                0x0000000008001638       0x38 ./Core/Src/main.o
                0x0000000008001638                HAL_UARTEx_RxEventCallback
 .text.HAL_RTC_AlarmAEventCallback
                0x0000000008001670       0x90 ./Core/Src/main.o
                0x0000000008001670                HAL_RTC_AlarmAEventCallback
 .text.main     0x0000000008001700       0x8c ./Core/Src/main.o
                0x0000000008001700                main
 .text.SystemClock_Config
                0x000000000800178c       0xc8 ./Core/Src/main.o
                0x000000000800178c                SystemClock_Config
 .text.MX_ADC_Init
                0x0000000008001854       0xb4 ./Core/Src/main.o
 .text.MX_I2C1_Init
                0x0000000008001908       0x5c ./Core/Src/main.o
 .text.MX_RTC_Init
                0x0000000008001964       0x4c ./Core/Src/main.o
 .text.MX_SPI2_Init
                0x00000000080019b0       0x6c ./Core/Src/main.o
 .text.MX_USART2_UART_Init
                0x0000000008001a1c       0x54 ./Core/Src/main.o
 .text.MX_USART3_UART_Init
                0x0000000008001a70       0x54 ./Core/Src/main.o
 .text.MX_DMA_Init
                0x0000000008001ac4       0x3c ./Core/Src/main.o
 .text.MX_GPIO_Init
                0x0000000008001b00      0x1f0 ./Core/Src/main.o
 .text.Error_Handler
                0x0000000008001cf0        0xc ./Core/Src/main.o
                0x0000000008001cf0                Error_Handler
 .text.HAL_MspInit
                0x0000000008001cfc       0x5c ./Core/Src/stm32l1xx_hal_msp.o
                0x0000000008001cfc                HAL_MspInit
 .text.HAL_ADC_MspInit
                0x0000000008001d58       0x80 ./Core/Src/stm32l1xx_hal_msp.o
                0x0000000008001d58                HAL_ADC_MspInit
 .text.HAL_I2C_MspInit
                0x0000000008001dd8       0x88 ./Core/Src/stm32l1xx_hal_msp.o
                0x0000000008001dd8                HAL_I2C_MspInit
 .text.HAL_RTC_MspInit
                0x0000000008001e60       0x38 ./Core/Src/stm32l1xx_hal_msp.o
                0x0000000008001e60                HAL_RTC_MspInit
 .text.HAL_RTC_MspDeInit
                0x0000000008001e98       0x30 ./Core/Src/stm32l1xx_hal_msp.o
                0x0000000008001e98                HAL_RTC_MspDeInit
 .text.HAL_SPI_MspInit
                0x0000000008001ec8       0x88 ./Core/Src/stm32l1xx_hal_msp.o
                0x0000000008001ec8                HAL_SPI_MspInit
 .text.HAL_UART_MspInit
                0x0000000008001f50      0x150 ./Core/Src/stm32l1xx_hal_msp.o
                0x0000000008001f50                HAL_UART_MspInit
 .text.__NVIC_SystemReset
                0x00000000080020a0       0x2c ./Core/Src/stm32l1xx_it.o
 .text.NMI_Handler
                0x00000000080020cc        0x8 ./Core/Src/stm32l1xx_it.o
                0x00000000080020cc                NMI_Handler
 .text.HardFault_Handler
                0x00000000080020d4        0x8 ./Core/Src/stm32l1xx_it.o
                0x00000000080020d4                HardFault_Handler
 .text.MemManage_Handler
                0x00000000080020dc        0x8 ./Core/Src/stm32l1xx_it.o
                0x00000000080020dc                MemManage_Handler
 .text.BusFault_Handler
                0x00000000080020e4        0x8 ./Core/Src/stm32l1xx_it.o
                0x00000000080020e4                BusFault_Handler
 .text.UsageFault_Handler
                0x00000000080020ec        0x8 ./Core/Src/stm32l1xx_it.o
                0x00000000080020ec                UsageFault_Handler
 .text.SVC_Handler
                0x00000000080020f4        0x8 ./Core/Src/stm32l1xx_it.o
                0x00000000080020f4                SVC_Handler
 .text.DebugMon_Handler
                0x00000000080020fc        0x8 ./Core/Src/stm32l1xx_it.o
                0x00000000080020fc                DebugMon_Handler
 .text.PendSV_Handler
                0x0000000008002104        0x8 ./Core/Src/stm32l1xx_it.o
                0x0000000008002104                PendSV_Handler
 .text.SysTick_Handler
                0x000000000800210c       0x50 ./Core/Src/stm32l1xx_it.o
                0x000000000800210c                SysTick_Handler
 .text.EXTI0_IRQHandler
                0x000000000800215c        0xe ./Core/Src/stm32l1xx_it.o
                0x000000000800215c                EXTI0_IRQHandler
 .text.EXTI1_IRQHandler
                0x000000000800216a        0xe ./Core/Src/stm32l1xx_it.o
                0x000000000800216a                EXTI1_IRQHandler
 .text.DMA1_Channel6_IRQHandler
                0x0000000008002178       0x14 ./Core/Src/stm32l1xx_it.o
                0x0000000008002178                DMA1_Channel6_IRQHandler
 .text.EXTI9_5_IRQHandler
                0x000000000800218c       0x10 ./Core/Src/stm32l1xx_it.o
                0x000000000800218c                EXTI9_5_IRQHandler
 .text.USART2_IRQHandler
                0x000000000800219c       0x14 ./Core/Src/stm32l1xx_it.o
                0x000000000800219c                USART2_IRQHandler
 .text.RTC_Alarm_IRQHandler
                0x00000000080021b0       0x14 ./Core/Src/stm32l1xx_it.o
                0x00000000080021b0                RTC_Alarm_IRQHandler
 .text._getpid  0x00000000080021c4        0xe ./Core/Src/syscalls.o
                0x00000000080021c4                _getpid
 .text._kill    0x00000000080021d2       0x20 ./Core/Src/syscalls.o
                0x00000000080021d2                _kill
 .text._exit    0x00000000080021f2       0x14 ./Core/Src/syscalls.o
                0x00000000080021f2                _exit
 .text._read    0x0000000008002206       0x3a ./Core/Src/syscalls.o
                0x0000000008002206                _read
 .text._write   0x0000000008002240       0x38 ./Core/Src/syscalls.o
                0x0000000008002240                _write
 .text._close   0x0000000008002278       0x16 ./Core/Src/syscalls.o
                0x0000000008002278                _close
 .text._fstat   0x000000000800228e       0x1e ./Core/Src/syscalls.o
                0x000000000800228e                _fstat
 .text._isatty  0x00000000080022ac       0x14 ./Core/Src/syscalls.o
                0x00000000080022ac                _isatty
 .text._lseek   0x00000000080022c0       0x18 ./Core/Src/syscalls.o
                0x00000000080022c0                _lseek
 .text._sbrk    0x00000000080022d8       0x6c ./Core/Src/sysmem.o
                0x00000000080022d8                _sbrk
 .text.SystemInit
                0x0000000008002344       0x18 ./Core/Src/system_stm32l1xx.o
                0x0000000008002344                SystemInit
 .text.Reset_Handler
                0x000000000800235c       0x48 ./Core/Startup/startup_stm32l152cctx.o
                0x000000000800235c                Reset_Handler
 .text.Default_Handler
                0x00000000080023a4        0x2 ./Core/Startup/startup_stm32l152cctx.o
                0x00000000080023a4                EXTI2_IRQHandler
                0x00000000080023a4                COMP_ACQ_IRQHandler
                0x00000000080023a4                TIM10_IRQHandler
                0x00000000080023a4                USB_HP_IRQHandler
                0x00000000080023a4                TIM6_IRQHandler
                0x00000000080023a4                PVD_IRQHandler
                0x00000000080023a4                EXTI3_IRQHandler
                0x00000000080023a4                I2C2_EV_IRQHandler
                0x00000000080023a4                SPI1_IRQHandler
                0x00000000080023a4                USB_FS_WKUP_IRQHandler
                0x00000000080023a4                DMA2_Channel2_IRQHandler
                0x00000000080023a4                DMA1_Channel4_IRQHandler
                0x00000000080023a4                ADC1_IRQHandler
                0x00000000080023a4                USART3_IRQHandler
                0x00000000080023a4                DMA1_Channel7_IRQHandler
                0x00000000080023a4                LCD_IRQHandler
                0x00000000080023a4                TIM4_IRQHandler
                0x00000000080023a4                DMA2_Channel1_IRQHandler
                0x00000000080023a4                I2C1_EV_IRQHandler
                0x00000000080023a4                DMA2_Channel4_IRQHandler
                0x00000000080023a4                TIM3_IRQHandler
                0x00000000080023a4                RCC_IRQHandler
                0x00000000080023a4                DMA1_Channel1_IRQHandler
                0x00000000080023a4                Default_Handler
                0x00000000080023a4                EXTI15_10_IRQHandler
                0x00000000080023a4                TIM7_IRQHandler
                0x00000000080023a4                TIM5_IRQHandler
                0x00000000080023a4                TIM9_IRQHandler
                0x00000000080023a4                TAMPER_STAMP_IRQHandler
                0x00000000080023a4                RTC_WKUP_IRQHandler
                0x00000000080023a4                SPI2_IRQHandler
                0x00000000080023a4                DMA2_Channel5_IRQHandler
                0x00000000080023a4                DMA1_Channel5_IRQHandler
                0x00000000080023a4                USB_LP_IRQHandler
                0x00000000080023a4                EXTI4_IRQHandler
                0x00000000080023a4                DMA1_Channel3_IRQHandler
                0x00000000080023a4                COMP_IRQHandler
                0x00000000080023a4                WWDG_IRQHandler
                0x00000000080023a4                TIM2_IRQHandler
                0x00000000080023a4                DAC_IRQHandler
                0x00000000080023a4                TIM11_IRQHandler
                0x00000000080023a4                I2C2_ER_IRQHandler
                0x00000000080023a4                DMA1_Channel2_IRQHandler
                0x00000000080023a4                FLASH_IRQHandler
                0x00000000080023a4                USART1_IRQHandler
                0x00000000080023a4                SPI3_IRQHandler
                0x00000000080023a4                I2C1_ER_IRQHandler
                0x00000000080023a4                DMA2_Channel3_IRQHandler
 .text.HAL_Init
                0x00000000080023a6       0x30 ./Drivers/STM32L1xx_HAL_Driver/Src/stm32l1xx_hal.o
                0x00000000080023a6                HAL_Init
 *fill*         0x00000000080023d6        0x2 
 .text.HAL_InitTick
                0x00000000080023d8       0x74 ./Drivers/STM32L1xx_HAL_Driver/Src/stm32l1xx_hal.o
                0x00000000080023d8                HAL_InitTick
 .text.HAL_IncTick
                0x000000000800244c       0x24 ./Drivers/STM32L1xx_HAL_Driver/Src/stm32l1xx_hal.o
                0x000000000800244c                HAL_IncTick
 .text.HAL_GetTick
                0x0000000008002470       0x14 ./Drivers/STM32L1xx_HAL_Driver/Src/stm32l1xx_hal.o
                0x0000000008002470                HAL_GetTick
 .text.HAL_Delay
                0x0000000008002484       0x44 ./Drivers/STM32L1xx_HAL_Driver/Src/stm32l1xx_hal.o
                0x0000000008002484                HAL_Delay
 .text.HAL_SuspendTick
                0x00000000080024c8       0x1c ./Drivers/STM32L1xx_HAL_Driver/Src/stm32l1xx_hal.o
                0x00000000080024c8                HAL_SuspendTick
 .text.HAL_ResumeTick
                0x00000000080024e4       0x1c ./Drivers/STM32L1xx_HAL_Driver/Src/stm32l1xx_hal.o
                0x00000000080024e4                HAL_ResumeTick
 .text.HAL_ADC_Init
                0x0000000008002500      0x28c ./Drivers/STM32L1xx_HAL_Driver/Src/stm32l1xx_hal_adc.o
                0x0000000008002500                HAL_ADC_Init
 .text.HAL_ADC_Start
                0x000000000800278c       0xc0 ./Drivers/STM32L1xx_HAL_Driver/Src/stm32l1xx_hal_adc.o
                0x000000000800278c                HAL_ADC_Start
 .text.HAL_ADC_Stop
                0x000000000800284c       0x58 ./Drivers/STM32L1xx_HAL_Driver/Src/stm32l1xx_hal_adc.o
                0x000000000800284c                HAL_ADC_Stop
 .text.HAL_ADC_GetValue
                0x00000000080028a4       0x18 ./Drivers/STM32L1xx_HAL_Driver/Src/stm32l1xx_hal_adc.o
                0x00000000080028a4                HAL_ADC_GetValue
 .text.HAL_ADC_ConfigChannel
                0x00000000080028bc      0x2a0 ./Drivers/STM32L1xx_HAL_Driver/Src/stm32l1xx_hal_adc.o
                0x00000000080028bc                HAL_ADC_ConfigChannel
 .text.ADC_Enable
                0x0000000008002b5c       0xb8 ./Drivers/STM32L1xx_HAL_Driver/Src/stm32l1xx_hal_adc.o
                0x0000000008002b5c                ADC_Enable
 .text.ADC_ConversionStop_Disable
                0x0000000008002c14       0x82 ./Drivers/STM32L1xx_HAL_Driver/Src/stm32l1xx_hal_adc.o
                0x0000000008002c14                ADC_ConversionStop_Disable
 *fill*         0x0000000008002c96        0x2 
 .text.__NVIC_SetPriorityGrouping
                0x0000000008002c98       0x48 ./Drivers/STM32L1xx_HAL_Driver/Src/stm32l1xx_hal_cortex.o
 .text.__NVIC_GetPriorityGrouping
                0x0000000008002ce0       0x1c ./Drivers/STM32L1xx_HAL_Driver/Src/stm32l1xx_hal_cortex.o
 .text.__NVIC_EnableIRQ
                0x0000000008002cfc       0x38 ./Drivers/STM32L1xx_HAL_Driver/Src/stm32l1xx_hal_cortex.o
 .text.__NVIC_DisableIRQ
                0x0000000008002d34       0x48 ./Drivers/STM32L1xx_HAL_Driver/Src/stm32l1xx_hal_cortex.o
 .text.__NVIC_SetPriority
                0x0000000008002d7c       0x54 ./Drivers/STM32L1xx_HAL_Driver/Src/stm32l1xx_hal_cortex.o
 .text.NVIC_EncodePriority
                0x0000000008002dd0       0x64 ./Drivers/STM32L1xx_HAL_Driver/Src/stm32l1xx_hal_cortex.o
 .text.SysTick_Config
                0x0000000008002e34       0x44 ./Drivers/STM32L1xx_HAL_Driver/Src/stm32l1xx_hal_cortex.o
 .text.HAL_NVIC_SetPriorityGrouping
                0x0000000008002e78       0x16 ./Drivers/STM32L1xx_HAL_Driver/Src/stm32l1xx_hal_cortex.o
                0x0000000008002e78                HAL_NVIC_SetPriorityGrouping
 .text.HAL_NVIC_SetPriority
                0x0000000008002e8e       0x38 ./Drivers/STM32L1xx_HAL_Driver/Src/stm32l1xx_hal_cortex.o
                0x0000000008002e8e                HAL_NVIC_SetPriority
 .text.HAL_NVIC_EnableIRQ
                0x0000000008002ec6       0x1c ./Drivers/STM32L1xx_HAL_Driver/Src/stm32l1xx_hal_cortex.o
                0x0000000008002ec6                HAL_NVIC_EnableIRQ
 .text.HAL_NVIC_DisableIRQ
                0x0000000008002ee2       0x1c ./Drivers/STM32L1xx_HAL_Driver/Src/stm32l1xx_hal_cortex.o
                0x0000000008002ee2                HAL_NVIC_DisableIRQ
 .text.HAL_SYSTICK_Config
                0x0000000008002efe       0x18 ./Drivers/STM32L1xx_HAL_Driver/Src/stm32l1xx_hal_cortex.o
                0x0000000008002efe                HAL_SYSTICK_Config
 .text.HAL_SYSTICK_IRQHandler
                0x0000000008002f16        0xc ./Drivers/STM32L1xx_HAL_Driver/Src/stm32l1xx_hal_cortex.o
                0x0000000008002f16                HAL_SYSTICK_IRQHandler
 .text.HAL_SYSTICK_Callback
                0x0000000008002f22        0xc ./Drivers/STM32L1xx_HAL_Driver/Src/stm32l1xx_hal_cortex.o
                0x0000000008002f22                HAL_SYSTICK_Callback
 *fill*         0x0000000008002f2e        0x2 
 .text.HAL_DMA_Init
                0x0000000008002f30       0xe8 ./Drivers/STM32L1xx_HAL_Driver/Src/stm32l1xx_hal_dma.o
                0x0000000008002f30                HAL_DMA_Init
 .text.HAL_DMA_Start_IT
                0x0000000008003018       0xc0 ./Drivers/STM32L1xx_HAL_Driver/Src/stm32l1xx_hal_dma.o
                0x0000000008003018                HAL_DMA_Start_IT
 .text.HAL_DMA_Abort
                0x00000000080030d8       0x7a ./Drivers/STM32L1xx_HAL_Driver/Src/stm32l1xx_hal_dma.o
                0x00000000080030d8                HAL_DMA_Abort
 .text.HAL_DMA_Abort_IT
                0x0000000008003152       0x82 ./Drivers/STM32L1xx_HAL_Driver/Src/stm32l1xx_hal_dma.o
                0x0000000008003152                HAL_DMA_Abort_IT
 .text.HAL_DMA_IRQHandler
                0x00000000080031d4      0x15e ./Drivers/STM32L1xx_HAL_Driver/Src/stm32l1xx_hal_dma.o
                0x00000000080031d4                HAL_DMA_IRQHandler
 .text.DMA_SetConfig
                0x0000000008003332       0x5e ./Drivers/STM32L1xx_HAL_Driver/Src/stm32l1xx_hal_dma.o
 .text.HAL_FLASH_Unlock
                0x0000000008003390       0x74 ./Drivers/STM32L1xx_HAL_Driver/Src/stm32l1xx_hal_flash.o
                0x0000000008003390                HAL_FLASH_Unlock
 .text.HAL_FLASH_Lock
                0x0000000008003404       0x20 ./Drivers/STM32L1xx_HAL_Driver/Src/stm32l1xx_hal_flash.o
                0x0000000008003404                HAL_FLASH_Lock
 .text.HAL_GPIO_Init
                0x0000000008003424      0x300 ./Drivers/STM32L1xx_HAL_Driver/Src/stm32l1xx_hal_gpio.o
                0x0000000008003424                HAL_GPIO_Init
 .text.HAL_GPIO_ReadPin
                0x0000000008003724       0x2e ./Drivers/STM32L1xx_HAL_Driver/Src/stm32l1xx_hal_gpio.o
                0x0000000008003724                HAL_GPIO_ReadPin
 .text.HAL_GPIO_WritePin
                0x0000000008003752       0x30 ./Drivers/STM32L1xx_HAL_Driver/Src/stm32l1xx_hal_gpio.o
                0x0000000008003752                HAL_GPIO_WritePin
 *fill*         0x0000000008003782        0x2 
 .text.HAL_GPIO_EXTI_IRQHandler
                0x0000000008003784       0x30 ./Drivers/STM32L1xx_HAL_Driver/Src/stm32l1xx_hal_gpio.o
                0x0000000008003784                HAL_GPIO_EXTI_IRQHandler
 .text.HAL_I2C_Init
                0x00000000080037b4      0x288 ./Drivers/STM32L1xx_HAL_Driver/Src/stm32l1xx_hal_i2c.o
                0x00000000080037b4                HAL_I2C_Init
 .text.HAL_I2C_Master_Transmit
                0x0000000008003a3c      0x1fc ./Drivers/STM32L1xx_HAL_Driver/Src/stm32l1xx_hal_i2c.o
                0x0000000008003a3c                HAL_I2C_Master_Transmit
 .text.HAL_I2C_Master_Receive
                0x0000000008003c38      0x44c ./Drivers/STM32L1xx_HAL_Driver/Src/stm32l1xx_hal_i2c.o
                0x0000000008003c38                HAL_I2C_Master_Receive
 .text.I2C_MasterRequestWrite
                0x0000000008004084      0x104 ./Drivers/STM32L1xx_HAL_Driver/Src/stm32l1xx_hal_i2c.o
 .text.I2C_MasterRequestRead
                0x0000000008004188      0x19c ./Drivers/STM32L1xx_HAL_Driver/Src/stm32l1xx_hal_i2c.o
 .text.I2C_WaitOnFlagUntilTimeout
                0x0000000008004324       0xae ./Drivers/STM32L1xx_HAL_Driver/Src/stm32l1xx_hal_i2c.o
 .text.I2C_WaitOnMasterAddressFlagUntilTimeout
                0x00000000080043d2       0xfe ./Drivers/STM32L1xx_HAL_Driver/Src/stm32l1xx_hal_i2c.o
 .text.I2C_WaitOnTXEFlagUntilTimeout
                0x00000000080044d0       0x82 ./Drivers/STM32L1xx_HAL_Driver/Src/stm32l1xx_hal_i2c.o
 .text.I2C_WaitOnBTFFlagUntilTimeout
                0x0000000008004552       0x82 ./Drivers/STM32L1xx_HAL_Driver/Src/stm32l1xx_hal_i2c.o
 .text.I2C_WaitOnRXNEFlagUntilTimeout
                0x00000000080045d4       0xac ./Drivers/STM32L1xx_HAL_Driver/Src/stm32l1xx_hal_i2c.o
 .text.I2C_IsAcknowledgeFailed
                0x0000000008004680       0x5c ./Drivers/STM32L1xx_HAL_Driver/Src/stm32l1xx_hal_i2c.o
 .text.HAL_PWR_EnterSLEEPMode
                0x00000000080046dc       0x4c ./Drivers/STM32L1xx_HAL_Driver/Src/stm32l1xx_hal_pwr.o
                0x00000000080046dc                HAL_PWR_EnterSLEEPMode
 .text.HAL_PWR_EnableSleepOnExit
                0x0000000008004728       0x1c ./Drivers/STM32L1xx_HAL_Driver/Src/stm32l1xx_hal_pwr.o
                0x0000000008004728                HAL_PWR_EnableSleepOnExit
 .text.HAL_PWREx_EnableFastWakeUp
                0x0000000008004744       0x36 ./Drivers/STM32L1xx_HAL_Driver/Src/stm32l1xx_hal_pwr_ex.o
                0x0000000008004744                HAL_PWREx_EnableFastWakeUp
 .text.HAL_PWREx_EnableUltraLowPower
                0x000000000800477a       0x36 ./Drivers/STM32L1xx_HAL_Driver/Src/stm32l1xx_hal_pwr_ex.o
                0x000000000800477a                HAL_PWREx_EnableUltraLowPower
 .text.HAL_RCC_OscConfig
                0x00000000080047b0      0x660 ./Drivers/STM32L1xx_HAL_Driver/Src/stm32l1xx_hal_rcc.o
                0x00000000080047b0                HAL_RCC_OscConfig
 .text.HAL_RCC_ClockConfig
                0x0000000008004e10      0x268 ./Drivers/STM32L1xx_HAL_Driver/Src/stm32l1xx_hal_rcc.o
                0x0000000008004e10                HAL_RCC_ClockConfig
 .text.HAL_RCC_GetSysClockFreq
                0x0000000008005078      0x14c ./Drivers/STM32L1xx_HAL_Driver/Src/stm32l1xx_hal_rcc.o
                0x0000000008005078                HAL_RCC_GetSysClockFreq
 .text.HAL_RCC_GetHCLKFreq
                0x00000000080051c4       0x14 ./Drivers/STM32L1xx_HAL_Driver/Src/stm32l1xx_hal_rcc.o
                0x00000000080051c4                HAL_RCC_GetHCLKFreq
 .text.HAL_RCC_GetPCLK1Freq
                0x00000000080051d8       0x28 ./Drivers/STM32L1xx_HAL_Driver/Src/stm32l1xx_hal_rcc.o
                0x00000000080051d8                HAL_RCC_GetPCLK1Freq
 .text.HAL_RCC_GetPCLK2Freq
                0x0000000008005200       0x28 ./Drivers/STM32L1xx_HAL_Driver/Src/stm32l1xx_hal_rcc.o
                0x0000000008005200                HAL_RCC_GetPCLK2Freq
 .text.RCC_SetFlashLatencyFromMSIRange
                0x0000000008005228       0xc0 ./Drivers/STM32L1xx_HAL_Driver/Src/stm32l1xx_hal_rcc.o
 .text.HAL_RCCEx_PeriphCLKConfig
                0x00000000080052e8      0x214 ./Drivers/STM32L1xx_HAL_Driver/Src/stm32l1xx_hal_rcc_ex.o
                0x00000000080052e8                HAL_RCCEx_PeriphCLKConfig
 .text.HAL_RCCEx_EnableLSECSS
                0x00000000080054fc       0x18 ./Drivers/STM32L1xx_HAL_Driver/Src/stm32l1xx_hal_rcc_ex.o
                0x00000000080054fc                HAL_RCCEx_EnableLSECSS
 .text.HAL_RTC_Init
                0x0000000008005514      0x122 ./Drivers/STM32L1xx_HAL_Driver/Src/stm32l1xx_hal_rtc.o
                0x0000000008005514                HAL_RTC_Init
 *fill*         0x0000000008005636        0x2 
 .text.HAL_RTC_DeInit
                0x0000000008005638      0x144 ./Drivers/STM32L1xx_HAL_Driver/Src/stm32l1xx_hal_rtc.o
                0x0000000008005638                HAL_RTC_DeInit
 .text.HAL_RTC_SetTime
                0x000000000800577c      0x168 ./Drivers/STM32L1xx_HAL_Driver/Src/stm32l1xx_hal_rtc.o
                0x000000000800577c                HAL_RTC_SetTime
 .text.HAL_RTC_GetTime
                0x00000000080058e4       0xba ./Drivers/STM32L1xx_HAL_Driver/Src/stm32l1xx_hal_rtc.o
                0x00000000080058e4                HAL_RTC_GetTime
 .text.HAL_RTC_SetDate
                0x000000000800599e      0x13c ./Drivers/STM32L1xx_HAL_Driver/Src/stm32l1xx_hal_rtc.o
                0x000000000800599e                HAL_RTC_SetDate
 .text.HAL_RTC_GetDate
                0x0000000008005ada       0x9a ./Drivers/STM32L1xx_HAL_Driver/Src/stm32l1xx_hal_rtc.o
                0x0000000008005ada                HAL_RTC_GetDate
 .text.HAL_RTC_SetAlarm_IT
                0x0000000008005b74      0x270 ./Drivers/STM32L1xx_HAL_Driver/Src/stm32l1xx_hal_rtc.o
                0x0000000008005b74                HAL_RTC_SetAlarm_IT
 .text.HAL_RTC_GetAlarm
                0x0000000008005de4      0x116 ./Drivers/STM32L1xx_HAL_Driver/Src/stm32l1xx_hal_rtc.o
                0x0000000008005de4                HAL_RTC_GetAlarm
 *fill*         0x0000000008005efa        0x2 
 .text.HAL_RTC_AlarmIRQHandler
                0x0000000008005efc       0x8c ./Drivers/STM32L1xx_HAL_Driver/Src/stm32l1xx_hal_rtc.o
                0x0000000008005efc                HAL_RTC_AlarmIRQHandler
 .text.HAL_RTC_WaitForSynchro
                0x0000000008005f88       0x5a ./Drivers/STM32L1xx_HAL_Driver/Src/stm32l1xx_hal_rtc.o
                0x0000000008005f88                HAL_RTC_WaitForSynchro
 .text.RTC_EnterInitMode
                0x0000000008005fe2       0x54 ./Drivers/STM32L1xx_HAL_Driver/Src/stm32l1xx_hal_rtc.o
                0x0000000008005fe2                RTC_EnterInitMode
 .text.RTC_ByteToBcd2
                0x0000000008006036       0x3e ./Drivers/STM32L1xx_HAL_Driver/Src/stm32l1xx_hal_rtc.o
                0x0000000008006036                RTC_ByteToBcd2
 .text.RTC_Bcd2ToByte
                0x0000000008006074       0x36 ./Drivers/STM32L1xx_HAL_Driver/Src/stm32l1xx_hal_rtc.o
                0x0000000008006074                RTC_Bcd2ToByte
 .text.HAL_RTCEx_BKUPWrite
                0x00000000080060aa       0x2e ./Drivers/STM32L1xx_HAL_Driver/Src/stm32l1xx_hal_rtc_ex.o
                0x00000000080060aa                HAL_RTCEx_BKUPWrite
 .text.HAL_RTCEx_BKUPRead
                0x00000000080060d8       0x2a ./Drivers/STM32L1xx_HAL_Driver/Src/stm32l1xx_hal_rtc_ex.o
                0x00000000080060d8                HAL_RTCEx_BKUPRead
 .text.HAL_RTCEx_AlarmBEventCallback
                0x0000000008006102       0x12 ./Drivers/STM32L1xx_HAL_Driver/Src/stm32l1xx_hal_rtc_ex.o
                0x0000000008006102                HAL_RTCEx_AlarmBEventCallback
 .text.HAL_SPI_Init
                0x0000000008006114      0x112 ./Drivers/STM32L1xx_HAL_Driver/Src/stm32l1xx_hal_spi.o
                0x0000000008006114                HAL_SPI_Init
 .text.HAL_SPI_Transmit
                0x0000000008006226      0x278 ./Drivers/STM32L1xx_HAL_Driver/Src/stm32l1xx_hal_spi.o
                0x0000000008006226                HAL_SPI_Transmit
 .text.HAL_SPI_TransmitReceive
                0x000000000800649e      0x344 ./Drivers/STM32L1xx_HAL_Driver/Src/stm32l1xx_hal_spi.o
                0x000000000800649e                HAL_SPI_TransmitReceive
 *fill*         0x00000000080067e2        0x2 
 .text.SPI_WaitFlagStateUntilTimeout
                0x00000000080067e4      0x110 ./Drivers/STM32L1xx_HAL_Driver/Src/stm32l1xx_hal_spi.o
 .text.SPI_EndRxTxTransaction
                0x00000000080068f4       0x84 ./Drivers/STM32L1xx_HAL_Driver/Src/stm32l1xx_hal_spi.o
 .text.HAL_UART_Init
                0x0000000008006978       0x9a ./Drivers/STM32L1xx_HAL_Driver/Src/stm32l1xx_hal_uart.o
                0x0000000008006978                HAL_UART_Init
 .text.HAL_UART_Transmit
                0x0000000008006a12      0x124 ./Drivers/STM32L1xx_HAL_Driver/Src/stm32l1xx_hal_uart.o
                0x0000000008006a12                HAL_UART_Transmit
 .text.HAL_UARTEx_ReceiveToIdle_DMA
                0x0000000008006b36       0x9e ./Drivers/STM32L1xx_HAL_Driver/Src/stm32l1xx_hal_uart.o
                0x0000000008006b36                HAL_UARTEx_ReceiveToIdle_DMA
 .text.HAL_UART_IRQHandler
                0x0000000008006bd4      0x354 ./Drivers/STM32L1xx_HAL_Driver/Src/stm32l1xx_hal_uart.o
                0x0000000008006bd4                HAL_UART_IRQHandler
 .text.HAL_UART_TxCpltCallback
                0x0000000008006f28       0x12 ./Drivers/STM32L1xx_HAL_Driver/Src/stm32l1xx_hal_uart.o
                0x0000000008006f28                HAL_UART_TxCpltCallback
 .text.HAL_UART_RxCpltCallback
                0x0000000008006f3a       0x12 ./Drivers/STM32L1xx_HAL_Driver/Src/stm32l1xx_hal_uart.o
                0x0000000008006f3a                HAL_UART_RxCpltCallback
 .text.HAL_UART_RxHalfCpltCallback
                0x0000000008006f4c       0x12 ./Drivers/STM32L1xx_HAL_Driver/Src/stm32l1xx_hal_uart.o
                0x0000000008006f4c                HAL_UART_RxHalfCpltCallback
 .text.HAL_UART_ErrorCallback
                0x0000000008006f5e       0x12 ./Drivers/STM32L1xx_HAL_Driver/Src/stm32l1xx_hal_uart.o
                0x0000000008006f5e                HAL_UART_ErrorCallback
 .text.UART_DMAReceiveCplt
                0x0000000008006f70       0x96 ./Drivers/STM32L1xx_HAL_Driver/Src/stm32l1xx_hal_uart.o
 .text.UART_DMARxHalfCplt
                0x0000000008007006       0x36 ./Drivers/STM32L1xx_HAL_Driver/Src/stm32l1xx_hal_uart.o
 .text.UART_DMAError
                0x000000000800703c       0x94 ./Drivers/STM32L1xx_HAL_Driver/Src/stm32l1xx_hal_uart.o
 .text.UART_WaitOnFlagUntilTimeout
                0x00000000080070d0       0x94 ./Drivers/STM32L1xx_HAL_Driver/Src/stm32l1xx_hal_uart.o
 .text.UART_Start_Receive_DMA
                0x0000000008007164       0xc8 ./Drivers/STM32L1xx_HAL_Driver/Src/stm32l1xx_hal_uart.o
                0x0000000008007164                UART_Start_Receive_DMA
 .text.UART_EndTxTransfer
                0x000000000800722c       0x2a ./Drivers/STM32L1xx_HAL_Driver/Src/stm32l1xx_hal_uart.o
 .text.UART_EndRxTransfer
                0x0000000008007256       0x58 ./Drivers/STM32L1xx_HAL_Driver/Src/stm32l1xx_hal_uart.o
 .text.UART_DMAAbortOnError
                0x00000000080072ae       0x28 ./Drivers/STM32L1xx_HAL_Driver/Src/stm32l1xx_hal_uart.o
 .text.UART_Transmit_IT
                0x00000000080072d6       0x9e ./Drivers/STM32L1xx_HAL_Driver/Src/stm32l1xx_hal_uart.o
 .text.UART_EndTransmit_IT
                0x0000000008007374       0x30 ./Drivers/STM32L1xx_HAL_Driver/Src/stm32l1xx_hal_uart.o
 .text.UART_Receive_IT
                0x00000000080073a4      0x152 ./Drivers/STM32L1xx_HAL_Driver/Src/stm32l1xx_hal_uart.o
 *fill*         0x00000000080074f6        0x2 
 .text.UART_SetConfig
                0x00000000080074f8      0x1c8 ./Drivers/STM32L1xx_HAL_Driver/Src/stm32l1xx_hal_uart.o
 .text.MX_FATFS_Init
                0x00000000080076c0       0x24 ./FATFS/App/fatfs.o
                0x00000000080076c0                MX_FATFS_Init
 .text.get_fattime
                0x00000000080076e4        0xe ./FATFS/App/fatfs.o
                0x00000000080076e4                get_fattime
 .text.USER_initialize
                0x00000000080076f2       0x1c ./FATFS/Target/user_diskio.o
                0x00000000080076f2                USER_initialize
 .text.USER_status
                0x000000000800770e       0x1c ./FATFS/Target/user_diskio.o
                0x000000000800770e                USER_status
 .text.USER_read
                0x000000000800772a       0x26 ./FATFS/Target/user_diskio.o
                0x000000000800772a                USER_read
 .text.USER_write
                0x0000000008007750       0x26 ./FATFS/Target/user_diskio.o
                0x0000000008007750                USER_write
 .text.USER_ioctl
                0x0000000008007776       0x26 ./FATFS/Target/user_diskio.o
                0x0000000008007776                USER_ioctl
 .text.disk_status
                0x000000000800779c       0x34 ./Middlewares/Third_Party/FatFs/src/diskio.o
                0x000000000800779c                disk_status
 .text.disk_initialize
                0x00000000080077d0       0x4c ./Middlewares/Third_Party/FatFs/src/diskio.o
                0x00000000080077d0                disk_initialize
 .text.disk_read
                0x000000000800781c       0x40 ./Middlewares/Third_Party/FatFs/src/diskio.o
                0x000000000800781c                disk_read
 .text.disk_write
                0x000000000800785c       0x40 ./Middlewares/Third_Party/FatFs/src/diskio.o
                0x000000000800785c                disk_write
 .text.disk_ioctl
                0x000000000800789c       0x3c ./Middlewares/Third_Party/FatFs/src/diskio.o
                0x000000000800789c                disk_ioctl
 .text.ld_word  0x00000000080078d8       0x2e ./Middlewares/Third_Party/FatFs/src/ff.o
 .text.ld_dword
                0x0000000008007906       0x44 ./Middlewares/Third_Party/FatFs/src/ff.o
 .text.st_word  0x000000000800794a       0x34 ./Middlewares/Third_Party/FatFs/src/ff.o
 .text.st_dword
                0x000000000800797e       0x56 ./Middlewares/Third_Party/FatFs/src/ff.o
 .text.mem_cpy  0x00000000080079d4       0x40 ./Middlewares/Third_Party/FatFs/src/ff.o
 .text.mem_set  0x0000000008007a14       0x34 ./Middlewares/Third_Party/FatFs/src/ff.o
 .text.mem_cmp  0x0000000008007a48       0x4c ./Middlewares/Third_Party/FatFs/src/ff.o
 .text.chk_chr  0x0000000008007a94       0x34 ./Middlewares/Third_Party/FatFs/src/ff.o
 .text.chk_lock
                0x0000000008007ac8       0xb4 ./Middlewares/Third_Party/FatFs/src/ff.o
 .text.enq_lock
                0x0000000008007b7c       0x40 ./Middlewares/Third_Party/FatFs/src/ff.o
 .text.inc_lock
                0x0000000008007bbc      0x11c ./Middlewares/Third_Party/FatFs/src/ff.o
 .text.dec_lock
                0x0000000008007cd8       0x74 ./Middlewares/Third_Party/FatFs/src/ff.o
 .text.clear_lock
                0x0000000008007d4c       0x48 ./Middlewares/Third_Party/FatFs/src/ff.o
 .text.sync_window
                0x0000000008007d94       0x88 ./Middlewares/Third_Party/FatFs/src/ff.o
 .text.move_window
                0x0000000008007e1c       0x5a ./Middlewares/Third_Party/FatFs/src/ff.o
 *fill*         0x0000000008007e76        0x2 
 .text.sync_fs  0x0000000008007e78       0xe0 ./Middlewares/Third_Party/FatFs/src/ff.o
 .text.clust2sect
                0x0000000008007f58       0x3c ./Middlewares/Third_Party/FatFs/src/ff.o
 .text.get_fat  0x0000000008007f94      0x1a8 ./Middlewares/Third_Party/FatFs/src/ff.o
 .text.put_fat  0x000000000800813c      0x238 ./Middlewares/Third_Party/FatFs/src/ff.o
 .text.remove_chain
                0x0000000008008374       0xca ./Middlewares/Third_Party/FatFs/src/ff.o
 .text.create_chain
                0x000000000800843e      0x130 ./Middlewares/Third_Party/FatFs/src/ff.o
 .text.clmt_clust
                0x000000000800856e       0x6e ./Middlewares/Third_Party/FatFs/src/ff.o
 .text.dir_sdi  0x00000000080085dc      0x112 ./Middlewares/Third_Party/FatFs/src/ff.o
 .text.dir_next
                0x00000000080086ee      0x1ac ./Middlewares/Third_Party/FatFs/src/ff.o
 .text.dir_alloc
                0x000000000800889a       0x8e ./Middlewares/Third_Party/FatFs/src/ff.o
 .text.ld_clust
                0x0000000008008928       0x3e ./Middlewares/Third_Party/FatFs/src/ff.o
 .text.st_clust
                0x0000000008008966       0x40 ./Middlewares/Third_Party/FatFs/src/ff.o
 *fill*         0x00000000080089a6        0x2 
 .text.cmp_lfn  0x00000000080089a8       0xe0 ./Middlewares/Third_Party/FatFs/src/ff.o
 .text.pick_lfn
                0x0000000008008a88       0xc8 ./Middlewares/Third_Party/FatFs/src/ff.o
 .text.put_lfn  0x0000000008008b50       0xd0 ./Middlewares/Third_Party/FatFs/src/ff.o
 .text.gen_numname
                0x0000000008008c20      0x120 ./Middlewares/Third_Party/FatFs/src/ff.o
 .text.sum_sfn  0x0000000008008d40       0x40 ./Middlewares/Third_Party/FatFs/src/ff.o
 .text.dir_read
                0x0000000008008d80      0x14e ./Middlewares/Third_Party/FatFs/src/ff.o
 .text.dir_find
                0x0000000008008ece      0x180 ./Middlewares/Third_Party/FatFs/src/ff.o
 *fill*         0x000000000800904e        0x2 
 .text.dir_register
                0x0000000008009050      0x1f0 ./Middlewares/Third_Party/FatFs/src/ff.o
 .text.dir_remove
                0x0000000008009240       0x94 ./Middlewares/Third_Party/FatFs/src/ff.o
 .text.get_fileinfo
                0x00000000080092d4      0x1ba ./Middlewares/Third_Party/FatFs/src/ff.o
 *fill*         0x000000000800948e        0x2 
 .text.create_name
                0x0000000008009490      0x370 ./Middlewares/Third_Party/FatFs/src/ff.o
 .text.follow_path
                0x0000000008009800       0xec ./Middlewares/Third_Party/FatFs/src/ff.o
 .text.get_ldnumber
                0x00000000080098ec       0x86 ./Middlewares/Third_Party/FatFs/src/ff.o
 *fill*         0x0000000008009972        0x2 
 .text.check_fs
                0x0000000008009974       0xac ./Middlewares/Third_Party/FatFs/src/ff.o
 .text.find_volume
                0x0000000008009a20      0x510 ./Middlewares/Third_Party/FatFs/src/ff.o
 .text.validate
                0x0000000008009f30       0x6a ./Middlewares/Third_Party/FatFs/src/ff.o
 *fill*         0x0000000008009f9a        0x2 
 .text.f_mount  0x0000000008009f9c       0x8c ./Middlewares/Third_Party/FatFs/src/ff.o
                0x0000000008009f9c                f_mount
 .text.f_open   0x000000000800a028      0x368 ./Middlewares/Third_Party/FatFs/src/ff.o
                0x000000000800a028                f_open
 .text.f_read   0x000000000800a390      0x272 ./Middlewares/Third_Party/FatFs/src/ff.o
                0x000000000800a390                f_read
 .text.f_write  0x000000000800a602      0x310 ./Middlewares/Third_Party/FatFs/src/ff.o
                0x000000000800a602                f_write
 .text.f_sync   0x000000000800a912       0xc6 ./Middlewares/Third_Party/FatFs/src/ff.o
                0x000000000800a912                f_sync
 .text.f_close  0x000000000800a9d8       0x54 ./Middlewares/Third_Party/FatFs/src/ff.o
                0x000000000800a9d8                f_close
 .text.f_lseek  0x000000000800aa2c      0x38c ./Middlewares/Third_Party/FatFs/src/ff.o
                0x000000000800aa2c                f_lseek
 .text.f_stat   0x000000000800adb8       0x72 ./Middlewares/Third_Party/FatFs/src/ff.o
                0x000000000800adb8                f_stat
 .text.f_unlink
                0x000000000800ae2a      0x156 ./Middlewares/Third_Party/FatFs/src/ff.o
                0x000000000800ae2a                f_unlink
 .text.f_mkdir  0x000000000800af80      0x21a ./Middlewares/Third_Party/FatFs/src/ff.o
                0x000000000800af80                f_mkdir
 .text.f_gets   0x000000000800b19a       0x7a ./Middlewares/Third_Party/FatFs/src/ff.o
                0x000000000800b19a                f_gets
 .text.FATFS_LinkDriverEx
                0x000000000800b214       0x94 ./Middlewares/Third_Party/FatFs/src/ff_gen_drv.o
                0x000000000800b214                FATFS_LinkDriverEx
 .text.FATFS_LinkDriver
                0x000000000800b2a8       0x1e ./Middlewares/Third_Party/FatFs/src/ff_gen_drv.o
                0x000000000800b2a8                FATFS_LinkDriver
 *fill*         0x000000000800b2c6        0x2 
 .text.ff_convert
                0x000000000800b2c8       0x74 ./Middlewares/Third_Party/FatFs/src/option/ccsbcs.o
                0x000000000800b2c8                ff_convert
 .text.ff_wtoupper
                0x000000000800b33c      0x110 ./Middlewares/Third_Party/FatFs/src/option/ccsbcs.o
                0x000000000800b33c                ff_wtoupper
 .text.__NVIC_SystemReset
                0x000000000800b44c       0x2c ./VRAIN/APPLICATION/FUNCTIONS/rain_function.o
 .text.getNextMinute
                0x000000000800b478       0x54 ./VRAIN/APPLICATION/FUNCTIONS/rain_function.o
                0x000000000800b478                getNextMinute
 .text.getNextHour
                0x000000000800b4cc       0x38 ./VRAIN/APPLICATION/FUNCTIONS/rain_function.o
                0x000000000800b4cc                getNextHour
 .text.APP_Device_Init
                0x000000000800b504      0x200 ./VRAIN/APPLICATION/FUNCTIONS/rain_function.o
                0x000000000800b504                APP_Device_Init
 .text.enableSendAT
                0x000000000800b704       0x28 ./VRAIN/APPLICATION/FUNCTIONS/rain_function.o
                0x000000000800b704                enableSendAT
 .text.disableSendAT
                0x000000000800b72c       0x3c ./VRAIN/APPLICATION/FUNCTIONS/rain_function.o
                0x000000000800b72c                disableSendAT
 .text.sim_timeout
                0x000000000800b768       0x48 ./VRAIN/APPLICATION/FUNCTIONS/rain_function.o
                0x000000000800b768                sim_timeout
 .text.setDeviceID
                0x000000000800b7b0      0x104 ./VRAIN/APPLICATION/FUNCTIONS/rain_function.o
 .text.setDeviceMode
                0x000000000800b8b4      0x128 ./VRAIN/APPLICATION/FUNCTIONS/rain_function.o
 .text.RTC_SetTime
                0x000000000800b9dc      0x124 ./VRAIN/APPLICATION/FUNCTIONS/rain_function.o
                0x000000000800b9dc                RTC_SetTime
 .text.setTime  0x000000000800bb00      0x158 ./VRAIN/APPLICATION/FUNCTIONS/rain_function.o
 .text.APP_set_gate_number
                0x000000000800bc58       0xc4 ./VRAIN/APPLICATION/FUNCTIONS/rain_function.o
 .text.APP_set_config
                0x000000000800bd1c      0x1a4 ./VRAIN/APPLICATION/FUNCTIONS/rain_function.o
 .text.APP_set_admin_number
                0x000000000800bec0       0xdc ./VRAIN/APPLICATION/FUNCTIONS/rain_function.o
 .text.APP_set_HTTP_URL
                0x000000000800bf9c       0x84 ./VRAIN/APPLICATION/FUNCTIONS/rain_function.o
 .text.APP_reset_device
                0x000000000800c020       0x20 ./VRAIN/APPLICATION/FUNCTIONS/rain_function.o
 .text.APP_restore_device
                0x000000000800c040       0xac ./VRAIN/APPLICATION/FUNCTIONS/rain_function.o
 .text.APP_send_data
                0x000000000800c0ec       0xa0 ./VRAIN/APPLICATION/FUNCTIONS/rain_function.o
 .text.APP_resend_data
                0x000000000800c18c      0x230 ./VRAIN/APPLICATION/FUNCTIONS/rain_function.o
 .text.APP_set_token
                0x000000000800c3bc       0x80 ./VRAIN/APPLICATION/FUNCTIONS/rain_function.o
 .text.APP_set_chat_id
                0x000000000800c43c       0x8c ./VRAIN/APPLICATION/FUNCTIONS/rain_function.o
 .text.SD_IsDetect
                0x000000000800c4c8       0x1c ./VRAIN/APPLICATION/FUNCTIONS/rain_function.o
                0x000000000800c4c8                SD_IsDetect
 .text.SD_IsWrite
                0x000000000800c4e4       0x58 ./VRAIN/APPLICATION/FUNCTIONS/rain_function.o
                0x000000000800c4e4                SD_IsWrite
 .text.APP_debug_data
                0x000000000800c53c      0x188 ./VRAIN/APPLICATION/FUNCTIONS/rain_function.o
 .text.APP_update_firmware
                0x000000000800c6c4       0x88 ./VRAIN/APPLICATION/FUNCTIONS/rain_function.o
 .text.ota_compare_version
                0x000000000800c74c      0x100 ./VRAIN/APPLICATION/FUNCTIONS/rain_function.o
 .text.ota_get_new_firmware
                0x000000000800c84c       0x1e ./VRAIN/APPLICATION/FUNCTIONS/rain_function.o
 *fill*         0x000000000800c86a        0x2 
 .text.ota_download_firmware
                0x000000000800c86c       0x60 ./VRAIN/APPLICATION/FUNCTIONS/rain_function.o
 .text.APP_set_alarm
                0x000000000800c8cc      0x118 ./VRAIN/APPLICATION/FUNCTIONS/rain_function.o
 .text.setAlarm
                0x000000000800c9e4       0x40 ./VRAIN/APPLICATION/FUNCTIONS/rain_function.o
                0x000000000800c9e4                setAlarm
 .text.APP_get_SMS_info
                0x000000000800ca24       0xf8 ./VRAIN/APPLICATION/FUNCTIONS/rain_function.o
                0x000000000800ca24                APP_get_SMS_info
 .text.APP_check_SMS_sender
                0x000000000800cb1c       0xd0 ./VRAIN/APPLICATION/FUNCTIONS/rain_function.o
 .text.APP_process_SMS_msg
                0x000000000800cbec      0x1d0 ./VRAIN/APPLICATION/FUNCTIONS/rain_function.o
 .text.processUrc_Sms
                0x000000000800cdbc       0xa0 ./VRAIN/APPLICATION/FUNCTIONS/rain_function.o
                0x000000000800cdbc                processUrc_Sms
 .text.APP_telegram_send_msg
                0x000000000800ce5c      0x14c ./VRAIN/APPLICATION/FUNCTIONS/rain_function.o
 .text.APP_upload_data
                0x000000000800cfa8      0x2e8 ./VRAIN/APPLICATION/FUNCTIONS/rain_function.o
 .text.APP_upload_last_data
                0x000000000800d290       0xcc ./VRAIN/APPLICATION/FUNCTIONS/rain_function.o
 .text.processHttp
                0x000000000800d35c      0x330 ./VRAIN/APPLICATION/FUNCTIONS/rain_function.o
                0x000000000800d35c                processHttp
 .text.sendRainWarning
                0x000000000800d68c       0xd8 ./VRAIN/APPLICATION/FUNCTIONS/rain_function.o
                0x000000000800d68c                sendRainWarning
 .text.APP_send_batt_warning
                0x000000000800d764       0xc8 ./VRAIN/APPLICATION/FUNCTIONS/rain_function.o
                0x000000000800d764                APP_send_batt_warning
 .text.cellularEvent
                0x000000000800d82c       0x58 ./VRAIN/APPLICATION/FUNCTIONS/rain_function.o
                0x000000000800d82c                cellularEvent
 .text.reconnect_sim_card
                0x000000000800d884       0x64 ./VRAIN/APPLICATION/FUNCTIONS/rain_function.o
                0x000000000800d884                reconnect_sim_card
 .text.APP_write_backup_data
                0x000000000800d8e8       0xb4 ./VRAIN/APPLICATION/FUNCTIONS/rain_function.o
                0x000000000800d8e8                APP_write_backup_data
 .text.readBKPdata
                0x000000000800d99c      0x160 ./VRAIN/APPLICATION/FUNCTIONS/rain_function.o
                0x000000000800d99c                readBKPdata
 .text.APP_write_flash
                0x000000000800dafc      0x1d4 ./VRAIN/APPLICATION/FUNCTIONS/rain_function.o
 .text.readFlash
                0x000000000800dcd0      0x28c ./VRAIN/APPLICATION/FUNCTIONS/rain_function.o
 .text.APP_create_HTTP_json
                0x000000000800df5c      0x398 ./VRAIN/APPLICATION/FUNCTIONS/rain_function.o
 .text.APP_create_SMS_msg
                0x000000000800e2f4      0x3f0 ./VRAIN/APPLICATION/FUNCTIONS/rain_function.o
 *fill*         0x000000000800e6e4        0x4 
 .text.APP_get_battery_percent
                0x000000000800e6e8      0x138 ./VRAIN/APPLICATION/FUNCTIONS/rain_function.o
 .text.APP_get_power_state
                0x000000000800e820       0x60 ./VRAIN/APPLICATION/FUNCTIONS/rain_function.o
 .text.APP_get_signal
                0x000000000800e880       0x48 ./VRAIN/APPLICATION/FUNCTIONS/rain_function.o
 .text.APP_get_network_type
                0x000000000800e8c8       0x14 ./VRAIN/APPLICATION/FUNCTIONS/rain_function.o
 .text.APP_get_device_IMEI
                0x000000000800e8dc       0x14 ./VRAIN/APPLICATION/FUNCTIONS/rain_function.o
 .text.getTime  0x000000000800e8f0      0x260 ./VRAIN/APPLICATION/FUNCTIONS/rain_function.o
 .text.getDeviceData
                0x000000000800eb50       0x94 ./VRAIN/APPLICATION/FUNCTIONS/rain_function.o
 .text.APP_create_new_data_file
                0x000000000800ebe4       0xd4 ./VRAIN/APPLICATION/FUNCTIONS/rain_function.o
 .text.bq2429x_updateBit
                0x000000000800ecb8      0x160 ./VRAIN/DRIVERS/BQ2429x/bq24298.o
                0x000000000800ecb8                bq2429x_updateBit
 .text.bq2429x_setInputLimit
                0x000000000800ee18       0x44 ./VRAIN/DRIVERS/BQ2429x/bq24298.o
                0x000000000800ee18                bq2429x_setInputLimit
 .text.bq2429x_powerConfig
                0x000000000800ee5c       0x44 ./VRAIN/DRIVERS/BQ2429x/bq24298.o
                0x000000000800ee5c                bq2429x_powerConfig
 .text.bq2429x_chargeCurrentCtrl
                0x000000000800eea0       0x44 ./VRAIN/DRIVERS/BQ2429x/bq24298.o
                0x000000000800eea0                bq2429x_chargeCurrentCtrl
 .text.bq2429x_ipreIterCtrl
                0x000000000800eee4       0x44 ./VRAIN/DRIVERS/BQ2429x/bq24298.o
                0x000000000800eee4                bq2429x_ipreIterCtrl
 .text.bq2429x_chargeVoltCtrl
                0x000000000800ef28       0x44 ./VRAIN/DRIVERS/BQ2429x/bq24298.o
                0x000000000800ef28                bq2429x_chargeVoltCtrl
 .text.bq2429x_chargeTimerCtrl
                0x000000000800ef6c       0x44 ./VRAIN/DRIVERS/BQ2429x/bq24298.o
                0x000000000800ef6c                bq2429x_chargeTimerCtrl
 .text.bq2429x_boostCtrl
                0x000000000800efb0       0x44 ./VRAIN/DRIVERS/BQ2429x/bq24298.o
                0x000000000800efb0                bq2429x_boostCtrl
 .text.bq2429x_miscCtrl
                0x000000000800eff4       0x44 ./VRAIN/DRIVERS/BQ2429x/bq24298.o
                0x000000000800eff4                bq2429x_miscCtrl
 .text.bq2429x_read
                0x000000000800f038       0x68 ./VRAIN/DRIVERS/BQ2429x/bq24298.o
                0x000000000800f038                bq2429x_read
 .text.bq2429x_write
                0x000000000800f0a0       0x7c ./VRAIN/DRIVERS/BQ2429x/bq24298.o
                0x000000000800f0a0                bq2429x_write
 .text.flash_lock
                0x000000000800f11c        0xc ./VRAIN/DRIVERS/FLASH/flash.o
                0x000000000800f11c                flash_lock
 .text.flash_unlock
                0x000000000800f128        0xc ./VRAIN/DRIVERS/FLASH/flash.o
                0x000000000800f128                flash_unlock
 .text.flash_erase
                0x000000000800f134       0x70 ./VRAIN/DRIVERS/FLASH/flash.o
                0x000000000800f134                flash_erase
 .text.flash_write_int
                0x000000000800f1a4       0x3c ./VRAIN/DRIVERS/FLASH/flash.o
                0x000000000800f1a4                flash_write_int
 .text.flash_write_array
                0x000000000800f1e0       0x8c ./VRAIN/DRIVERS/FLASH/flash.o
                0x000000000800f1e0                flash_write_array
 .text.flash_read_int
                0x000000000800f26c       0x1a ./VRAIN/DRIVERS/FLASH/flash.o
                0x000000000800f26c                flash_read_int
 .text.flash_read_array
                0x000000000800f286       0x52 ./VRAIN/DRIVERS/FLASH/flash.o
                0x000000000800f286                flash_read_array
 .text.__io_putchar
                0x000000000800f2d8       0x24 ./VRAIN/DRIVERS/LOG/logger.o
                0x000000000800f2d8                __io_putchar
 .text.SELECT   0x000000000800f2fc       0x20 ./VRAIN/DRIVERS/SDCARD/fatfs_sd.o
 .text.DESELECT
                0x000000000800f31c       0x20 ./VRAIN/DRIVERS/SDCARD/fatfs_sd.o
 .text.SPI_TxByte
                0x000000000800f33c       0x34 ./VRAIN/DRIVERS/SDCARD/fatfs_sd.o
 .text.SPI_TxBuffer
                0x000000000800f370       0x34 ./VRAIN/DRIVERS/SDCARD/fatfs_sd.o
 .text.SPI_RxByte
                0x000000000800f3a4       0x38 ./VRAIN/DRIVERS/SDCARD/fatfs_sd.o
 .text.SPI_RxBytePtr
                0x000000000800f3dc       0x1c ./VRAIN/DRIVERS/SDCARD/fatfs_sd.o
 .text.SD_ReadyWait
                0x000000000800f3f8       0x34 ./VRAIN/DRIVERS/SDCARD/fatfs_sd.o
 .text.SD_PowerOn
                0x000000000800f42c       0x84 ./VRAIN/DRIVERS/SDCARD/fatfs_sd.o
 .text.SD_PowerOff
                0x000000000800f4b0       0x18 ./VRAIN/DRIVERS/SDCARD/fatfs_sd.o
 .text.SD_CheckPower
                0x000000000800f4c8       0x14 ./VRAIN/DRIVERS/SDCARD/fatfs_sd.o
 .text.SD_RxDataBlock
                0x000000000800f4dc       0x5c ./VRAIN/DRIVERS/SDCARD/fatfs_sd.o
 .text.SD_TxDataBlock
                0x000000000800f538       0x86 ./VRAIN/DRIVERS/SDCARD/fatfs_sd.o
 .text.SD_SendCmd
                0x000000000800f5be       0xa8 ./VRAIN/DRIVERS/SDCARD/fatfs_sd.o
 *fill*         0x000000000800f666        0x2 
 .text.SD_disk_initialize
                0x000000000800f668      0x1cc ./VRAIN/DRIVERS/SDCARD/fatfs_sd.o
                0x000000000800f668                SD_disk_initialize
 .text.SD_disk_status
                0x000000000800f834       0x28 ./VRAIN/DRIVERS/SDCARD/fatfs_sd.o
                0x000000000800f834                SD_disk_status
 .text.SD_disk_read
                0x000000000800f85c       0xd4 ./VRAIN/DRIVERS/SDCARD/fatfs_sd.o
                0x000000000800f85c                SD_disk_read
 .text.SD_disk_write
                0x000000000800f930      0x108 ./VRAIN/DRIVERS/SDCARD/fatfs_sd.o
                0x000000000800f930                SD_disk_write
 .text.SD_disk_ioctl
                0x000000000800fa38      0x258 ./VRAIN/DRIVERS/SDCARD/fatfs_sd.o
                0x000000000800fa38                SD_disk_ioctl
 .text.SD_Detect
                0x000000000800fc90       0x2c ./VRAIN/DRIVERS/SDCARD/sd.o
                0x000000000800fc90                SD_Detect
 .text.sd_mount
                0x000000000800fcbc       0x54 ./VRAIN/DRIVERS/SDCARD/sd.o
                0x000000000800fcbc                sd_mount
 .text.sd_unmount
                0x000000000800fd10       0x44 ./VRAIN/DRIVERS/SDCARD/sd.o
                0x000000000800fd10                sd_unmount
 .text.sd_create_new_file
                0x000000000800fd54       0x80 ./VRAIN/DRIVERS/SDCARD/sd.o
                0x000000000800fd54                sd_create_new_file
 .text.sd_update_file
                0x000000000800fdd4       0xd4 ./VRAIN/DRIVERS/SDCARD/sd.o
                0x000000000800fdd4                sd_update_file
 .text.sd_get_file_size
                0x000000000800fea8       0x3e ./VRAIN/DRIVERS/SDCARD/sd.o
                0x000000000800fea8                sd_get_file_size
 *fill*         0x000000000800fee6        0x2 
 .text.sd_create_new_dir
                0x000000000800fee8       0x54 ./VRAIN/DRIVERS/SDCARD/sd.o
                0x000000000800fee8                sd_create_new_dir
 .text.sim_UART_Init
                0x000000000800ff3c       0x30 ./VRAIN/DRIVERS/SIM7x00/sim7x00.o
                0x000000000800ff3c                sim_UART_Init
 .text.sim_getCounterTimeout
                0x000000000800ff6c       0x14 ./VRAIN/DRIVERS/SIM7x00/sim7x00.o
                0x000000000800ff6c                sim_getCounterTimeout
 .text.sim_setCounterTimeout
                0x000000000800ff80       0x20 ./VRAIN/DRIVERS/SIM7x00/sim7x00.o
                0x000000000800ff80                sim_setCounterTimeout
 .text.send_AT_cmd
                0x000000000800ffa0      0x170 ./VRAIN/DRIVERS/SIM7x00/sim7x00.o
 .text.sim_rx_event
                0x0000000008010110       0x9c ./VRAIN/DRIVERS/SIM7x00/sim7x00.o
                0x0000000008010110                sim_rx_event
 .text.sim_get_g_rx_buffer
                0x00000000080101ac       0x14 ./VRAIN/DRIVERS/SIM7x00/sim7x00.o
                0x00000000080101ac                sim_get_g_rx_buffer
 .text.sim_init
                0x00000000080101c0      0x1b8 ./VRAIN/DRIVERS/SIM7x00/sim7x00.o
                0x00000000080101c0                sim_init
 .text.sim_hard_reset
                0x0000000008010378       0x5c ./VRAIN/DRIVERS/SIM7x00/sim7x00.o
                0x0000000008010378                sim_hard_reset
 .text.sim_sync_local_time
                0x00000000080103d4       0xc0 ./VRAIN/DRIVERS/SIM7x00/sim7x00.o
                0x00000000080103d4                sim_sync_local_time
 .text.sim_set_phone_function
                0x0000000008010494       0x4c ./VRAIN/DRIVERS/SIM7x00/sim7x00.o
                0x0000000008010494                sim_set_phone_function
 .text.sim_get_time_zone
                0x00000000080104e0       0x74 ./VRAIN/DRIVERS/SIM7x00/sim7x00.o
                0x00000000080104e0                sim_get_time_zone
 .text.sim_set_local_time
                0x0000000008010554       0x4c ./VRAIN/DRIVERS/SIM7x00/sim7x00.o
                0x0000000008010554                sim_set_local_time
 .text.sim_get_IMEI
                0x00000000080105a0       0xb8 ./VRAIN/DRIVERS/SIM7x00/sim7x00.o
                0x00000000080105a0                sim_get_IMEI
 .text.sim_get_RSSI
                0x0000000008010658       0x64 ./VRAIN/DRIVERS/SIM7x00/sim7x00.o
                0x0000000008010658                sim_get_RSSI
 .text.sim_get_network
                0x00000000080106bc       0xc4 ./VRAIN/DRIVERS/SIM7x00/sim7x00.o
                0x00000000080106bc                sim_get_network
 .text.sim_http_start
                0x0000000008010780       0x20 ./VRAIN/DRIVERS/SIM7x00/sim7x00.o
                0x0000000008010780                sim_http_start
 .text.sim_http_stop
                0x00000000080107a0       0x20 ./VRAIN/DRIVERS/SIM7x00/sim7x00.o
                0x00000000080107a0                sim_http_stop
 .text.sim_http_set_URL
                0x00000000080107c0       0x50 ./VRAIN/DRIVERS/SIM7x00/sim7x00.o
                0x00000000080107c0                sim_http_set_URL
 .text.sim_http_set_parameter
                0x0000000008010810       0x4c ./VRAIN/DRIVERS/SIM7x00/sim7x00.o
                0x0000000008010810                sim_http_set_parameter
 .text.sim_http_use_method
                0x000000000801085c       0xc4 ./VRAIN/DRIVERS/SIM7x00/sim7x00.o
                0x000000000801085c                sim_http_use_method
 .text.sim_http_upload_data
                0x0000000008010920       0x94 ./VRAIN/DRIVERS/SIM7x00/sim7x00.o
                0x0000000008010920                sim_http_upload_data
 .text.sim_http_save_file
                0x00000000080109b4       0x4c ./VRAIN/DRIVERS/SIM7x00/sim7x00.o
                0x00000000080109b4                sim_http_save_file
 .text.sim_http_read_content
                0x0000000008010a00       0xac ./VRAIN/DRIVERS/SIM7x00/sim7x00.o
                0x0000000008010a00                sim_http_read_content
 .text.sim_sendSms
                0x0000000008010aac      0x1f0 ./VRAIN/DRIVERS/SIM7x00/sim7x00.o
                0x0000000008010aac                sim_sendSms
 .text.sim_sms_delete
                0x0000000008010c9c       0x20 ./VRAIN/DRIVERS/SIM7x00/sim7x00.o
                0x0000000008010c9c                sim_sms_delete
 .text.sim_call_USSD
                0x0000000008010cbc       0xcc ./VRAIN/DRIVERS/SIM7x00/sim7x00.o
                0x0000000008010cbc                sim_call_USSD
 .text.sim_pbook_save_contact
                0x0000000008010d88       0x7c ./VRAIN/DRIVERS/SIM7x00/sim7x00.o
                0x0000000008010d88                sim_pbook_save_contact
 .text.sim_pbook_read_contact
                0x0000000008010e04       0xec ./VRAIN/DRIVERS/SIM7x00/sim7x00.o
                0x0000000008010e04                sim_pbook_read_contact
 .text.sim_pbook_get_own_number
                0x0000000008010ef0      0x244 ./VRAIN/DRIVERS/SIM7x00/sim7x00.o
                0x0000000008010ef0                sim_pbook_get_own_number
 .text.atoi     0x0000000008011134        0x8 c:/st/stm32cubeide_1.8.0/stm32cubeide/plugins/com.st.stm32cube.ide.mcu.externaltools.gnu-tools-for-stm32.9-2020-q2-update.win32_2.0.0.202105311346/tools/bin/../lib/gcc/arm-none-eabi/9.3.1/../../../../arm-none-eabi/lib/thumb/v7-m/nofp\libc_nano.a(lib_a-atoi.o)
                0x0000000008011134                atoi
 .text.__errno  0x000000000801113c        0xc c:/st/stm32cubeide_1.8.0/stm32cubeide/plugins/com.st.stm32cube.ide.mcu.externaltools.gnu-tools-for-stm32.9-2020-q2-update.win32_2.0.0.202105311346/tools/bin/../lib/gcc/arm-none-eabi/9.3.1/../../../../arm-none-eabi/lib/thumb/v7-m/nofp\libc_nano.a(lib_a-errno.o)
                0x000000000801113c                __errno
 .text.__libc_init_array
                0x0000000008011148       0x48 c:/st/stm32cubeide_1.8.0/stm32cubeide/plugins/com.st.stm32cube.ide.mcu.externaltools.gnu-tools-for-stm32.9-2020-q2-update.win32_2.0.0.202105311346/tools/bin/../lib/gcc/arm-none-eabi/9.3.1/../../../../arm-none-eabi/lib/thumb/v7-m/nofp\libc_nano.a(lib_a-init.o)
                0x0000000008011148                __libc_init_array
 .text.memcpy   0x0000000008011190       0x1c c:/st/stm32cubeide_1.8.0/stm32cubeide/plugins/com.st.stm32cube.ide.mcu.externaltools.gnu-tools-for-stm32.9-2020-q2-update.win32_2.0.0.202105311346/tools/bin/../lib/gcc/arm-none-eabi/9.3.1/../../../../arm-none-eabi/lib/thumb/v7-m/nofp\libc_nano.a(lib_a-memcpy-stub.o)
                0x0000000008011190                memcpy
 .text.memset   0x00000000080111ac       0x10 c:/st/stm32cubeide_1.8.0/stm32cubeide/plugins/com.st.stm32cube.ide.mcu.externaltools.gnu-tools-for-stm32.9-2020-q2-update.win32_2.0.0.202105311346/tools/bin/../lib/gcc/arm-none-eabi/9.3.1/../../../../arm-none-eabi/lib/thumb/v7-m/nofp\libc_nano.a(lib_a-memset.o)
                0x00000000080111ac                memset
 .text.__cvt    0x00000000080111bc       0xbe c:/st/stm32cubeide_1.8.0/stm32cubeide/plugins/com.st.stm32cube.ide.mcu.externaltools.gnu-tools-for-stm32.9-2020-q2-update.win32_2.0.0.202105311346/tools/bin/../lib/gcc/arm-none-eabi/9.3.1/../../../../arm-none-eabi/lib/thumb/v7-m/nofp\libc_nano.a(lib_a-nano-vfprintf_float.o)
                0x00000000080111bc                __cvt
 .text.__exponent
                0x000000000801127a       0x7c c:/st/stm32cubeide_1.8.0/stm32cubeide/plugins/com.st.stm32cube.ide.mcu.externaltools.gnu-tools-for-stm32.9-2020-q2-update.win32_2.0.0.202105311346/tools/bin/../lib/gcc/arm-none-eabi/9.3.1/../../../../arm-none-eabi/lib/thumb/v7-m/nofp\libc_nano.a(lib_a-nano-vfprintf_float.o)
                0x000000000801127a                __exponent
 *fill*         0x00000000080112f6        0x2 
 .text._printf_float
                0x00000000080112f8      0x458 c:/st/stm32cubeide_1.8.0/stm32cubeide/plugins/com.st.stm32cube.ide.mcu.externaltools.gnu-tools-for-stm32.9-2020-q2-update.win32_2.0.0.202105311346/tools/bin/../lib/gcc/arm-none-eabi/9.3.1/../../../../arm-none-eabi/lib/thumb/v7-m/nofp\libc_nano.a(lib_a-nano-vfprintf_float.o)
                0x00000000080112f8                _printf_float
 .text._printf_common
                0x0000000008011750       0xde c:/st/stm32cubeide_1.8.0/stm32cubeide/plugins/com.st.stm32cube.ide.mcu.externaltools.gnu-tools-for-stm32.9-2020-q2-update.win32_2.0.0.202105311346/tools/bin/../lib/gcc/arm-none-eabi/9.3.1/../../../../arm-none-eabi/lib/thumb/v7-m/nofp\libc_nano.a(lib_a-nano-vfprintf_i.o)
                0x0000000008011750                _printf_common
 *fill*         0x000000000801182e        0x2 
 .text._printf_i
                0x0000000008011830      0x24c c:/st/stm32cubeide_1.8.0/stm32cubeide/plugins/com.st.stm32cube.ide.mcu.externaltools.gnu-tools-for-stm32.9-2020-q2-update.win32_2.0.0.202105311346/tools/bin/../lib/gcc/arm-none-eabi/9.3.1/../../../../arm-none-eabi/lib/thumb/v7-m/nofp\libc_nano.a(lib_a-nano-vfprintf_i.o)
                0x0000000008011830                _printf_i
 .text.printf   0x0000000008011a7c       0x30 c:/st/stm32cubeide_1.8.0/stm32cubeide/plugins/com.st.stm32cube.ide.mcu.externaltools.gnu-tools-for-stm32.9-2020-q2-update.win32_2.0.0.202105311346/tools/bin/../lib/gcc/arm-none-eabi/9.3.1/../../../../arm-none-eabi/lib/thumb/v7-m/nofp\libc_nano.a(lib_a-printf.o)
                0x0000000008011a7c                iprintf
                0x0000000008011a7c                printf
 .text.putchar  0x0000000008011aac       0x28 c:/st/stm32cubeide_1.8.0/stm32cubeide/plugins/com.st.stm32cube.ide.mcu.externaltools.gnu-tools-for-stm32.9-2020-q2-update.win32_2.0.0.202105311346/tools/bin/../lib/gcc/arm-none-eabi/9.3.1/../../../../arm-none-eabi/lib/thumb/v7-m/nofp\libc_nano.a(lib_a-putchar.o)
                0x0000000008011aac                putchar
 .text._puts_r  0x0000000008011ad4       0xdc c:/st/stm32cubeide_1.8.0/stm32cubeide/plugins/com.st.stm32cube.ide.mcu.externaltools.gnu-tools-for-stm32.9-2020-q2-update.win32_2.0.0.202105311346/tools/bin/../lib/gcc/arm-none-eabi/9.3.1/../../../../arm-none-eabi/lib/thumb/v7-m/nofp\libc_nano.a(lib_a-puts.o)
                0x0000000008011ad4                _puts_r
 .text.puts     0x0000000008011bb0       0x10 c:/st/stm32cubeide_1.8.0/stm32cubeide/plugins/com.st.stm32cube.ide.mcu.externaltools.gnu-tools-for-stm32.9-2020-q2-update.win32_2.0.0.202105311346/tools/bin/../lib/gcc/arm-none-eabi/9.3.1/../../../../arm-none-eabi/lib/thumb/v7-m/nofp\libc_nano.a(lib_a-puts.o)
                0x0000000008011bb0                puts
 .text.snprintf
                0x0000000008011bc0       0x68 c:/st/stm32cubeide_1.8.0/stm32cubeide/plugins/com.st.stm32cube.ide.mcu.externaltools.gnu-tools-for-stm32.9-2020-q2-update.win32_2.0.0.202105311346/tools/bin/../lib/gcc/arm-none-eabi/9.3.1/../../../../arm-none-eabi/lib/thumb/v7-m/nofp\libc_nano.a(lib_a-snprintf.o)
                0x0000000008011bc0                sniprintf
                0x0000000008011bc0                snprintf
 .text.sprintf  0x0000000008011c28       0x40 c:/st/stm32cubeide_1.8.0/stm32cubeide/plugins/com.st.stm32cube.ide.mcu.externaltools.gnu-tools-for-stm32.9-2020-q2-update.win32_2.0.0.202105311346/tools/bin/../lib/gcc/arm-none-eabi/9.3.1/../../../../arm-none-eabi/lib/thumb/v7-m/nofp\libc_nano.a(lib_a-sprintf.o)
                0x0000000008011c28                siprintf
                0x0000000008011c28                sprintf
 .text.strcpy   0x0000000008011c68       0x10 c:/st/stm32cubeide_1.8.0/stm32cubeide/plugins/com.st.stm32cube.ide.mcu.externaltools.gnu-tools-for-stm32.9-2020-q2-update.win32_2.0.0.202105311346/tools/bin/../lib/gcc/arm-none-eabi/9.3.1/../../../../arm-none-eabi/lib/thumb/v7-m/nofp\libc_nano.a(lib_a-strcpy.o)
                0x0000000008011c68                strcpy
 .text.strncpy  0x0000000008011c78       0x26 c:/st/stm32cubeide_1.8.0/stm32cubeide/plugins/com.st.stm32cube.ide.mcu.externaltools.gnu-tools-for-stm32.9-2020-q2-update.win32_2.0.0.202105311346/tools/bin/../lib/gcc/arm-none-eabi/9.3.1/../../../../arm-none-eabi/lib/thumb/v7-m/nofp\libc_nano.a(lib_a-strncpy.o)
                0x0000000008011c78                strncpy
 .text.strstr   0x0000000008011c9e       0x2e c:/st/stm32cubeide_1.8.0/stm32cubeide/plugins/com.st.stm32cube.ide.mcu.externaltools.gnu-tools-for-stm32.9-2020-q2-update.win32_2.0.0.202105311346/tools/bin/../lib/gcc/arm-none-eabi/9.3.1/../../../../arm-none-eabi/lib/thumb/v7-m/nofp\libc_nano.a(lib_a-strstr.o)
                0x0000000008011c9e                strstr
 .text.strtok   0x0000000008011ccc       0x68 c:/st/stm32cubeide_1.8.0/stm32cubeide/plugins/com.st.stm32cube.ide.mcu.externaltools.gnu-tools-for-stm32.9-2020-q2-update.win32_2.0.0.202105311346/tools/bin/../lib/gcc/arm-none-eabi/9.3.1/../../../../arm-none-eabi/lib/thumb/v7-m/nofp\libc_nano.a(lib_a-strtok.o)
                0x0000000008011ccc                strtok
 .text.__strtok_r
                0x0000000008011d34       0x50 c:/st/stm32cubeide_1.8.0/stm32cubeide/plugins/com.st.stm32cube.ide.mcu.externaltools.gnu-tools-for-stm32.9-2020-q2-update.win32_2.0.0.202105311346/tools/bin/../lib/gcc/arm-none-eabi/9.3.1/../../../../arm-none-eabi/lib/thumb/v7-m/nofp\libc_nano.a(lib_a-strtok_r.o)
                0x0000000008011d34                __strtok_r
 .text._strtol_l.isra.0
                0x0000000008011d84      0x10c c:/st/stm32cubeide_1.8.0/stm32cubeide/plugins/com.st.stm32cube.ide.mcu.externaltools.gnu-tools-for-stm32.9-2020-q2-update.win32_2.0.0.202105311346/tools/bin/../lib/gcc/arm-none-eabi/9.3.1/../../../../arm-none-eabi/lib/thumb/v7-m/nofp\libc_nano.a(lib_a-strtol.o)
 .text.strtol   0x0000000008011e90       0x14 c:/st/stm32cubeide_1.8.0/stm32cubeide/plugins/com.st.stm32cube.ide.mcu.externaltools.gnu-tools-for-stm32.9-2020-q2-update.win32_2.0.0.202105311346/tools/bin/../lib/gcc/arm-none-eabi/9.3.1/../../../../arm-none-eabi/lib/thumb/v7-m/nofp\libc_nano.a(lib_a-strtol.o)
                0x0000000008011e90                strtol
 .text.__swbuf_r
                0x0000000008011ea4       0xa4 c:/st/stm32cubeide_1.8.0/stm32cubeide/plugins/com.st.stm32cube.ide.mcu.externaltools.gnu-tools-for-stm32.9-2020-q2-update.win32_2.0.0.202105311346/tools/bin/../lib/gcc/arm-none-eabi/9.3.1/../../../../arm-none-eabi/lib/thumb/v7-m/nofp\libc_nano.a(lib_a-wbuf.o)
                0x0000000008011ea4                __swbuf_r
 .text.__swsetup_r
                0x0000000008011f48       0xdc c:/st/stm32cubeide_1.8.0/stm32cubeide/plugins/com.st.stm32cube.ide.mcu.externaltools.gnu-tools-for-stm32.9-2020-q2-update.win32_2.0.0.202105311346/tools/bin/../lib/gcc/arm-none-eabi/9.3.1/../../../../arm-none-eabi/lib/thumb/v7-m/nofp\libc_nano.a(lib_a-wsetup.o)
                0x0000000008011f48                __swsetup_r
 .text.__assert_func
                0x0000000008012024       0x3c c:/st/stm32cubeide_1.8.0/stm32cubeide/plugins/com.st.stm32cube.ide.mcu.externaltools.gnu-tools-for-stm32.9-2020-q2-update.win32_2.0.0.202105311346/tools/bin/../lib/gcc/arm-none-eabi/9.3.1/../../../../arm-none-eabi/lib/thumb/v7-m/nofp\libc_nano.a(lib_a-assert.o)
                0x0000000008012024                __assert_func
 .text.quorem   0x0000000008012060      0x11a c:/st/stm32cubeide_1.8.0/stm32cubeide/plugins/com.st.stm32cube.ide.mcu.externaltools.gnu-tools-for-stm32.9-2020-q2-update.win32_2.0.0.202105311346/tools/bin/../lib/gcc/arm-none-eabi/9.3.1/../../../../arm-none-eabi/lib/thumb/v7-m/nofp\libc_nano.a(lib_a-dtoa.o)
 *fill*         0x000000000801217a        0x6 
 .text._dtoa_r  0x0000000008012180      0xbdc c:/st/stm32cubeide_1.8.0/stm32cubeide/plugins/com.st.stm32cube.ide.mcu.externaltools.gnu-tools-for-stm32.9-2020-q2-update.win32_2.0.0.202105311346/tools/bin/../lib/gcc/arm-none-eabi/9.3.1/../../../../arm-none-eabi/lib/thumb/v7-m/nofp\libc_nano.a(lib_a-dtoa.o)
                0x0000000008012180                _dtoa_r
 .text.__sflush_r
                0x0000000008012d5c      0x10c c:/st/stm32cubeide_1.8.0/stm32cubeide/plugins/com.st.stm32cube.ide.mcu.externaltools.gnu-tools-for-stm32.9-2020-q2-update.win32_2.0.0.202105311346/tools/bin/../lib/gcc/arm-none-eabi/9.3.1/../../../../arm-none-eabi/lib/thumb/v7-m/nofp\libc_nano.a(lib_a-fflush.o)
                0x0000000008012d5c                __sflush_r
 .text._fflush_r
                0x0000000008012e68       0x78 c:/st/stm32cubeide_1.8.0/stm32cubeide/plugins/com.st.stm32cube.ide.mcu.externaltools.gnu-tools-for-stm32.9-2020-q2-update.win32_2.0.0.202105311346/tools/bin/../lib/gcc/arm-none-eabi/9.3.1/../../../../arm-none-eabi/lib/thumb/v7-m/nofp\libc_nano.a(lib_a-fflush.o)
                0x0000000008012e68                _fflush_r
 .text.std      0x0000000008012ee0       0x48 c:/st/stm32cubeide_1.8.0/stm32cubeide/plugins/com.st.stm32cube.ide.mcu.externaltools.gnu-tools-for-stm32.9-2020-q2-update.win32_2.0.0.202105311346/tools/bin/../lib/gcc/arm-none-eabi/9.3.1/../../../../arm-none-eabi/lib/thumb/v7-m/nofp\libc_nano.a(lib_a-findfp.o)
 .text._cleanup_r
                0x0000000008012f28        0xc c:/st/stm32cubeide_1.8.0/stm32cubeide/plugins/com.st.stm32cube.ide.mcu.externaltools.gnu-tools-for-stm32.9-2020-q2-update.win32_2.0.0.202105311346/tools/bin/../lib/gcc/arm-none-eabi/9.3.1/../../../../arm-none-eabi/lib/thumb/v7-m/nofp\libc_nano.a(lib_a-findfp.o)
                0x0000000008012f28                _cleanup_r
 .text.__sfmoreglue
                0x0000000008012f34       0x2c c:/st/stm32cubeide_1.8.0/stm32cubeide/plugins/com.st.stm32cube.ide.mcu.externaltools.gnu-tools-for-stm32.9-2020-q2-update.win32_2.0.0.202105311346/tools/bin/../lib/gcc/arm-none-eabi/9.3.1/../../../../arm-none-eabi/lib/thumb/v7-m/nofp\libc_nano.a(lib_a-findfp.o)
                0x0000000008012f34                __sfmoreglue
 .text.__sfp_lock_acquire
                0x0000000008012f60        0xc c:/st/stm32cubeide_1.8.0/stm32cubeide/plugins/com.st.stm32cube.ide.mcu.externaltools.gnu-tools-for-stm32.9-2020-q2-update.win32_2.0.0.202105311346/tools/bin/../lib/gcc/arm-none-eabi/9.3.1/../../../../arm-none-eabi/lib/thumb/v7-m/nofp\libc_nano.a(lib_a-findfp.o)
                0x0000000008012f60                __sfp_lock_acquire
 .text.__sfp_lock_release
                0x0000000008012f6c        0xc c:/st/stm32cubeide_1.8.0/stm32cubeide/plugins/com.st.stm32cube.ide.mcu.externaltools.gnu-tools-for-stm32.9-2020-q2-update.win32_2.0.0.202105311346/tools/bin/../lib/gcc/arm-none-eabi/9.3.1/../../../../arm-none-eabi/lib/thumb/v7-m/nofp\libc_nano.a(lib_a-findfp.o)
                0x0000000008012f6c                __sfp_lock_release
 .text.__sinit_lock_acquire
                0x0000000008012f78        0xc c:/st/stm32cubeide_1.8.0/stm32cubeide/plugins/com.st.stm32cube.ide.mcu.externaltools.gnu-tools-for-stm32.9-2020-q2-update.win32_2.0.0.202105311346/tools/bin/../lib/gcc/arm-none-eabi/9.3.1/../../../../arm-none-eabi/lib/thumb/v7-m/nofp\libc_nano.a(lib_a-findfp.o)
                0x0000000008012f78                __sinit_lock_acquire
 .text.__sinit_lock_release
                0x0000000008012f84        0xc c:/st/stm32cubeide_1.8.0/stm32cubeide/plugins/com.st.stm32cube.ide.mcu.externaltools.gnu-tools-for-stm32.9-2020-q2-update.win32_2.0.0.202105311346/tools/bin/../lib/gcc/arm-none-eabi/9.3.1/../../../../arm-none-eabi/lib/thumb/v7-m/nofp\libc_nano.a(lib_a-findfp.o)
                0x0000000008012f84                __sinit_lock_release
 .text.__sinit  0x0000000008012f90       0x70 c:/st/stm32cubeide_1.8.0/stm32cubeide/plugins/com.st.stm32cube.ide.mcu.externaltools.gnu-tools-for-stm32.9-2020-q2-update.win32_2.0.0.202105311346/tools/bin/../lib/gcc/arm-none-eabi/9.3.1/../../../../arm-none-eabi/lib/thumb/v7-m/nofp\libc_nano.a(lib_a-findfp.o)
                0x0000000008012f90                __sinit
 .text.__sfp    0x0000000008013000       0x8c c:/st/stm32cubeide_1.8.0/stm32cubeide/plugins/com.st.stm32cube.ide.mcu.externaltools.gnu-tools-for-stm32.9-2020-q2-update.win32_2.0.0.202105311346/tools/bin/../lib/gcc/arm-none-eabi/9.3.1/../../../../arm-none-eabi/lib/thumb/v7-m/nofp\libc_nano.a(lib_a-findfp.o)
                0x0000000008013000                __sfp
 .text.fprintf  0x000000000801308c       0x24 c:/st/stm32cubeide_1.8.0/stm32cubeide/plugins/com.st.stm32cube.ide.mcu.externaltools.gnu-tools-for-stm32.9-2020-q2-update.win32_2.0.0.202105311346/tools/bin/../lib/gcc/arm-none-eabi/9.3.1/../../../../arm-none-eabi/lib/thumb/v7-m/nofp\libc_nano.a(lib_a-fprintf.o)
                0x000000000801308c                fiprintf
                0x000000000801308c                fprintf
 .text._fwalk_reent
                0x00000000080130b0       0x3e c:/st/stm32cubeide_1.8.0/stm32cubeide/plugins/com.st.stm32cube.ide.mcu.externaltools.gnu-tools-for-stm32.9-2020-q2-update.win32_2.0.0.202105311346/tools/bin/../lib/gcc/arm-none-eabi/9.3.1/../../../../arm-none-eabi/lib/thumb/v7-m/nofp\libc_nano.a(lib_a-fwalk.o)
                0x00000000080130b0                _fwalk_reent
 *fill*         0x00000000080130ee        0x2 
 .text._localeconv_r
                0x00000000080130f0        0x8 c:/st/stm32cubeide_1.8.0/stm32cubeide/plugins/com.st.stm32cube.ide.mcu.externaltools.gnu-tools-for-stm32.9-2020-q2-update.win32_2.0.0.202105311346/tools/bin/../lib/gcc/arm-none-eabi/9.3.1/../../../../arm-none-eabi/lib/thumb/v7-m/nofp\libc_nano.a(lib_a-localeconv.o)
                0x00000000080130f0                _localeconv_r
 .text.__retarget_lock_init_recursive
                0x00000000080130f8        0x2 c:/st/stm32cubeide_1.8.0/stm32cubeide/plugins/com.st.stm32cube.ide.mcu.externaltools.gnu-tools-for-stm32.9-2020-q2-update.win32_2.0.0.202105311346/tools/bin/../lib/gcc/arm-none-eabi/9.3.1/../../../../arm-none-eabi/lib/thumb/v7-m/nofp\libc_nano.a(lib_a-lock.o)
                0x00000000080130f8                __retarget_lock_init_recursive
 .text.__retarget_lock_acquire_recursive
                0x00000000080130fa        0x2 c:/st/stm32cubeide_1.8.0/stm32cubeide/plugins/com.st.stm32cube.ide.mcu.externaltools.gnu-tools-for-stm32.9-2020-q2-update.win32_2.0.0.202105311346/tools/bin/../lib/gcc/arm-none-eabi/9.3.1/../../../../arm-none-eabi/lib/thumb/v7-m/nofp\libc_nano.a(lib_a-lock.o)
                0x00000000080130fa                __retarget_lock_acquire_recursive
 .text.__retarget_lock_release_recursive
                0x00000000080130fc        0x2 c:/st/stm32cubeide_1.8.0/stm32cubeide/plugins/com.st.stm32cube.ide.mcu.externaltools.gnu-tools-for-stm32.9-2020-q2-update.win32_2.0.0.202105311346/tools/bin/../lib/gcc/arm-none-eabi/9.3.1/../../../../arm-none-eabi/lib/thumb/v7-m/nofp\libc_nano.a(lib_a-lock.o)
                0x00000000080130fc                __retarget_lock_release_recursive
 .text.__swhatbuf_r
                0x00000000080130fe       0x48 c:/st/stm32cubeide_1.8.0/stm32cubeide/plugins/com.st.stm32cube.ide.mcu.externaltools.gnu-tools-for-stm32.9-2020-q2-update.win32_2.0.0.202105311346/tools/bin/../lib/gcc/arm-none-eabi/9.3.1/../../../../arm-none-eabi/lib/thumb/v7-m/nofp\libc_nano.a(lib_a-makebuf.o)
                0x00000000080130fe                __swhatbuf_r
 *fill*         0x0000000008013146        0x2 
 .text.__smakebuf_r
                0x0000000008013148       0x80 c:/st/stm32cubeide_1.8.0/stm32cubeide/plugins/com.st.stm32cube.ide.mcu.externaltools.gnu-tools-for-stm32.9-2020-q2-update.win32_2.0.0.202105311346/tools/bin/../lib/gcc/arm-none-eabi/9.3.1/../../../../arm-none-eabi/lib/thumb/v7-m/nofp\libc_nano.a(lib_a-makebuf.o)
                0x0000000008013148                __smakebuf_r
 .text.malloc   0x00000000080131c8       0x10 c:/st/stm32cubeide_1.8.0/stm32cubeide/plugins/com.st.stm32cube.ide.mcu.externaltools.gnu-tools-for-stm32.9-2020-q2-update.win32_2.0.0.202105311346/tools/bin/../lib/gcc/arm-none-eabi/9.3.1/../../../../arm-none-eabi/lib/thumb/v7-m/nofp\libc_nano.a(lib_a-malloc.o)
                0x00000000080131c8                malloc
 .text.memchr   0x00000000080131d8       0x1c c:/st/stm32cubeide_1.8.0/stm32cubeide/plugins/com.st.stm32cube.ide.mcu.externaltools.gnu-tools-for-stm32.9-2020-q2-update.win32_2.0.0.202105311346/tools/bin/../lib/gcc/arm-none-eabi/9.3.1/../../../../arm-none-eabi/lib/thumb/v7-m/nofp\libc_nano.a(lib_a-memchr-stub.o)
                0x00000000080131d8                memchr
 .text._Balloc  0x00000000080131f4       0x80 c:/st/stm32cubeide_1.8.0/stm32cubeide/plugins/com.st.stm32cube.ide.mcu.externaltools.gnu-tools-for-stm32.9-2020-q2-update.win32_2.0.0.202105311346/tools/bin/../lib/gcc/arm-none-eabi/9.3.1/../../../../arm-none-eabi/lib/thumb/v7-m/nofp\libc_nano.a(lib_a-mprec.o)
                0x00000000080131f4                _Balloc
 .text._Bfree   0x0000000008013274       0x44 c:/st/stm32cubeide_1.8.0/stm32cubeide/plugins/com.st.stm32cube.ide.mcu.externaltools.gnu-tools-for-stm32.9-2020-q2-update.win32_2.0.0.202105311346/tools/bin/../lib/gcc/arm-none-eabi/9.3.1/../../../../arm-none-eabi/lib/thumb/v7-m/nofp\libc_nano.a(lib_a-mprec.o)
                0x0000000008013274                _Bfree
 .text.__multadd
                0x00000000080132b8       0x94 c:/st/stm32cubeide_1.8.0/stm32cubeide/plugins/com.st.stm32cube.ide.mcu.externaltools.gnu-tools-for-stm32.9-2020-q2-update.win32_2.0.0.202105311346/tools/bin/../lib/gcc/arm-none-eabi/9.3.1/../../../../arm-none-eabi/lib/thumb/v7-m/nofp\libc_nano.a(lib_a-mprec.o)
                0x00000000080132b8                __multadd
 .text.__hi0bits
                0x000000000801334c       0x40 c:/st/stm32cubeide_1.8.0/stm32cubeide/plugins/com.st.stm32cube.ide.mcu.externaltools.gnu-tools-for-stm32.9-2020-q2-update.win32_2.0.0.202105311346/tools/bin/../lib/gcc/arm-none-eabi/9.3.1/../../../../arm-none-eabi/lib/thumb/v7-m/nofp\libc_nano.a(lib_a-mprec.o)
                0x000000000801334c                __hi0bits
 .text.__lo0bits
                0x000000000801338c       0x5c c:/st/stm32cubeide_1.8.0/stm32cubeide/plugins/com.st.stm32cube.ide.mcu.externaltools.gnu-tools-for-stm32.9-2020-q2-update.win32_2.0.0.202105311346/tools/bin/../lib/gcc/arm-none-eabi/9.3.1/../../../../arm-none-eabi/lib/thumb/v7-m/nofp\libc_nano.a(lib_a-mprec.o)
                0x000000000801338c                __lo0bits
 .text.__i2b    0x00000000080133e8       0x2c c:/st/stm32cubeide_1.8.0/stm32cubeide/plugins/com.st.stm32cube.ide.mcu.externaltools.gnu-tools-for-stm32.9-2020-q2-update.win32_2.0.0.202105311346/tools/bin/../lib/gcc/arm-none-eabi/9.3.1/../../../../arm-none-eabi/lib/thumb/v7-m/nofp\libc_nano.a(lib_a-mprec.o)
                0x00000000080133e8                __i2b
 .text.__multiply