Archive member included to satisfy reference by file (symbol)

c:/st/stm32cubeide_1.8.0/stm32cubeide/plugins/com.st.stm32cube.ide.mcu.externaltools.gnu-tools-for-stm32.9-2020-q2-update.win32_2.0.0.202105311346/tools/bin/../lib/gcc/arm-none-eabi/9.3.1/../../../../arm-none-eabi/lib/thumb/v7-m/nofp\libc_nano.a(lib_a-atoi.o)
                              ./THT_Libraries/Low Libraries/sim7600.o (atoi)
c:/st/stm32cubeide_1.8.0/stm32cubeide/plugins/com.st.stm32cube.ide.mcu.externaltools.gnu-tools-for-stm32.9-2020-q2-update.win32_2.0.0.202105311346/tools/bin/../lib/gcc/arm-none-eabi/9.3.1/../../../../arm-none-eabi/lib/thumb/v7-m/nofp\libc_nano.a(lib_a-atol.o)
                              ./THT_Libraries/Low Libraries/sim7600.o (atol)
c:/st/stm32cubeide_1.8.0/stm32cubeide/plugins/com.st.stm32cube.ide.mcu.externaltools.gnu-tools-for-stm32.9-2020-q2-update.win32_2.0.0.202105311346/tools/bin/../lib/gcc/arm-none-eabi/9.3.1/../../../../arm-none-eabi/lib/thumb/v7-m/nofp\libc_nano.a(lib_a-errno.o)
                              ./Core/Src/syscalls.o (__errno)
c:/st/stm32cubeide_1.8.0/stm32cubeide/plugins/com.st.stm32cube.ide.mcu.externaltools.gnu-tools-for-stm32.9-2020-q2-update.win32_2.0.0.202105311346/tools/bin/../lib/gcc/arm-none-eabi/9.3.1/../../../../arm-none-eabi/lib/thumb/v7-m/nofp\libc_nano.a(lib_a-exit.o)
                              c:/st/stm32cubeide_1.8.0/stm32cubeide/plugins/com.st.stm32cube.ide.mcu.externaltools.gnu-tools-for-stm32.9-2020-q2-update.win32_2.0.0.202105311346/tools/bin/../lib/gcc/arm-none-eabi/9.3.1/../../../../arm-none-eabi/lib/thumb/v7-m/nofp/crt0.o (exit)
c:/st/stm32cubeide_1.8.0/stm32cubeide/plugins/com.st.stm32cube.ide.mcu.externaltools.gnu-tools-for-stm32.9-2020-q2-update.win32_2.0.0.202105311346/tools/bin/../lib/gcc/arm-none-eabi/9.3.1/../../../../arm-none-eabi/lib/thumb/v7-m/nofp\libc_nano.a(lib_a-impure.o)
                              c:/st/stm32cubeide_1.8.0/stm32cubeide/plugins/com.st.stm32cube.ide.mcu.externaltools.gnu-tools-for-stm32.9-2020-q2-update.win32_2.0.0.202105311346/tools/bin/../lib/gcc/arm-none-eabi/9.3.1/../../../../arm-none-eabi/lib/thumb/v7-m/nofp\libc_nano.a(lib_a-exit.o) (_global_impure_ptr)
c:/st/stm32cubeide_1.8.0/stm32cubeide/plugins/com.st.stm32cube.ide.mcu.externaltools.gnu-tools-for-stm32.9-2020-q2-update.win32_2.0.0.202105311346/tools/bin/../lib/gcc/arm-none-eabi/9.3.1/../../../../arm-none-eabi/lib/thumb/v7-m/nofp\libc_nano.a(lib_a-init.o)
                              c:/st/stm32cubeide_1.8.0/stm32cubeide/plugins/com.st.stm32cube.ide.mcu.externaltools.gnu-tools-for-stm32.9-2020-q2-update.win32_2.0.0.202105311346/tools/bin/../lib/gcc/arm-none-eabi/9.3.1/../../../../arm-none-eabi/lib/thumb/v7-m/nofp/crt0.o (__libc_init_array)
c:/st/stm32cubeide_1.8.0/stm32cubeide/plugins/com.st.stm32cube.ide.mcu.externaltools.gnu-tools-for-stm32.9-2020-q2-update.win32_2.0.0.202105311346/tools/bin/../lib/gcc/arm-none-eabi/9.3.1/../../../../arm-none-eabi/lib/thumb/v7-m/nofp\libc_nano.a(lib_a-memcpy-stub.o)
                              ./THT_Libraries/Low Libraries/sim7600.o (memcpy)
c:/st/stm32cubeide_1.8.0/stm32cubeide/plugins/com.st.stm32cube.ide.mcu.externaltools.gnu-tools-for-stm32.9-2020-q2-update.win32_2.0.0.202105311346/tools/bin/../lib/gcc/arm-none-eabi/9.3.1/../../../../arm-none-eabi/lib/thumb/v7-m/nofp\libc_nano.a(lib_a-memset.o)
                              c:/st/stm32cubeide_1.8.0/stm32cubeide/plugins/com.st.stm32cube.ide.mcu.externaltools.gnu-tools-for-stm32.9-2020-q2-update.win32_2.0.0.202105311346/tools/bin/../lib/gcc/arm-none-eabi/9.3.1/../../../../arm-none-eabi/lib/thumb/v7-m/nofp/crt0.o (memset)
c:/st/stm32cubeide_1.8.0/stm32cubeide/plugins/com.st.stm32cube.ide.mcu.externaltools.gnu-tools-for-stm32.9-2020-q2-update.win32_2.0.0.202105311346/tools/bin/../lib/gcc/arm-none-eabi/9.3.1/../../../../arm-none-eabi/lib/thumb/v7-m/nofp\libc_nano.a(lib_a-nano-vfprintf_float.o)
                              (_printf_float)
c:/st/stm32cubeide_1.8.0/stm32cubeide/plugins/com.st.stm32cube.ide.mcu.externaltools.gnu-tools-for-stm32.9-2020-q2-update.win32_2.0.0.202105311346/tools/bin/../lib/gcc/arm-none-eabi/9.3.1/../../../../arm-none-eabi/lib/thumb/v7-m/nofp\libc_nano.a(lib_a-nano-vfprintf_i.o)
                              c:/st/stm32cubeide_1.8.0/stm32cubeide/plugins/com.st.stm32cube.ide.mcu.externaltools.gnu-tools-for-stm32.9-2020-q2-update.win32_2.0.0.202105311346/tools/bin/../lib/gcc/arm-none-eabi/9.3.1/../../../../arm-none-eabi/lib/thumb/v7-m/nofp\libc_nano.a(lib_a-nano-vfprintf_float.o) (_printf_common)
c:/st/stm32cubeide_1.8.0/stm32cubeide/plugins/com.st.stm32cube.ide.mcu.externaltools.gnu-tools-for-stm32.9-2020-q2-update.win32_2.0.0.202105311346/tools/bin/../lib/gcc/arm-none-eabi/9.3.1/../../../../arm-none-eabi/lib/thumb/v7-m/nofp\libc_nano.a(lib_a-printf.o)
                              ./Core/Src/main.o (printf)
[...]
Memory Configuration

Name             Origin             Length             Attributes
RAM              0x0000000020000000 0x0000000000008000 xrw
FLASH            0x0000000008000000 0x000000000001c000 xr
*default*        0x0000000000000000 0xffffffffffffffff

Linker script and memory map

LOAD c:/st/stm32cubeide_1.8.0/stm32cubeide/plugins/com.st.stm32cube.ide.mcu.externaltools.gnu-tools-for-stm32.9-2020-q2-update.win32_2.0.0.202105311346/tools/bin/../lib/gcc/arm-none-eabi/9.3.1/thumb/v7-m/nofp/crti.o
LOAD c:/st/stm32cubeide_1.8.0/stm32cubeide/plugins/com.st.stm32cube.ide.mcu.externaltools.gnu-tools-for-stm32.9-2020-q2-update.win32_2.0.0.202105311346/tools/bin/../lib/gcc/arm-none-eabi/9.3.1/thumb/v7-m/nofp/crtbegin.o
LOAD c:/st/stm32cubeide_1.8.0/stm32cubeide/plugins/com.st.stm32cube.ide.mcu.externaltools.gnu-tools-for-stm32.9-2020-q2-update.win32_2.0.0.202105311346/tools/bin/../lib/gcc/arm-none-eabi/9.3.1/../../../../arm-none-eabi/lib/thumb/v7-m/nofp/crt0.o
LOAD ./Core/Inc/logger.o
LOAD ./Core/Src/main.o
LOAD ./Core/Src/stm32l1xx_hal_msp.o
LOAD ./Core/Src/stm32l1xx_it.o
LOAD ./Core/Src/syscalls.o
LOAD ./Core/Src/sysmem.o
LOAD ./Core/Src/system_stm32l1xx.o
LOAD ./Core/Startup/startup_stm32l152cctx.o
LOAD ./Drivers/STM32L1xx_HAL_Driver/Src/stm32l1xx_hal.o
LOAD ./Drivers/STM32L1xx_HAL_Driver/Src/stm32l1xx_hal_adc.o
LOAD ./Drivers/STM32L1xx_HAL_Driver/Src/stm32l1xx_hal_adc_ex.o
LOAD ./Drivers/STM32L1xx_HAL_Driver/Src/stm32l1xx_hal_cortex.o
LOAD ./Drivers/STM32L1xx_HAL_Driver/Src/stm32l1xx_hal_crc.o
LOAD ./Drivers/STM32L1xx_HAL_Driver/Src/stm32l1xx_hal_dma.o
LOAD ./Drivers/STM32L1xx_HAL_Driver/Src/stm32l1xx_hal_exti.o
LOAD ./Drivers/STM32L1xx_HAL_Driver/Src/stm32l1xx_hal_flash.o
LOAD ./Drivers/STM32L1xx_HAL_Driver/Src/stm32l1xx_hal_flash_ex.o
LOAD ./Drivers/STM32L1xx_HAL_Driver/Src/stm32l1xx_hal_flash_ramfunc.o
LOAD ./Drivers/STM32L1xx_HAL_Driver/Src/stm32l1xx_hal_gpio.o
LOAD ./Drivers/STM32L1xx_HAL_Driver/Src/stm32l1xx_hal_i2c.o
LOAD ./Drivers/STM32L1xx_HAL_Driver/Src/stm32l1xx_hal_pwr.o
LOAD ./Drivers/STM32L1xx_HAL_Driver/Src/stm32l1xx_hal_pwr_ex.o
LOAD ./Drivers/STM32L1xx_HAL_Driver/Src/stm32l1xx_hal_rcc.o
LOAD ./Drivers/STM32L1xx_HAL_Driver/Src/stm32l1xx_hal_rcc_ex.o
LOAD ./Drivers/STM32L1xx_HAL_Driver/Src/stm32l1xx_hal_rtc.o
LOAD ./Drivers/STM32L1xx_HAL_Driver/Src/stm32l1xx_hal_rtc_ex.o
LOAD ./Drivers/STM32L1xx_HAL_Driver/Src/stm32l1xx_hal_spi.o
LOAD ./Drivers/STM32L1xx_HAL_Driver/Src/stm32l1xx_hal_tim.o
LOAD ./Drivers/STM32L1xx_HAL_Driver/Src/stm32l1xx_hal_tim_ex.o
LOAD ./Drivers/STM32L1xx_HAL_Driver/Src/stm32l1xx_hal_uart.o
LOAD ./FATFS/App/fatfs.o
LOAD ./FATFS/Target/user_diskio.o
LOAD ./Middlewares/Third_Party/FatFs/src/diskio.o
LOAD ./Middlewares/Third_Party/FatFs/src/ff.o
LOAD ./Middlewares/Third_Party/FatFs/src/ff_gen_drv.o
LOAD ./Middlewares/Third_Party/FatFs/src/option/ccsbcs.o
LOAD ./Middlewares/Third_Party/FatFs/src/option/syscall.o
LOAD ./THT_Libraries/Low Libraries/battery.o
LOAD ./THT_Libraries/Low Libraries/bq2429x.o
LOAD ./THT_Libraries/Low Libraries/fatfs_sd.o
LOAD ./THT_Libraries/Low Libraries/rainfall.o
LOAD ./THT_Libraries/Low Libraries/sd.o
LOAD ./THT_Libraries/Low Libraries/sim7600.o
LOAD ./THT_Libraries/Middle Libraries/clock.o
LOAD ./THT_Libraries/Middle Libraries/dev_config.o
LOAD ./THT_Libraries/Middle Libraries/fota.o
LOAD ./THT_Libraries/Middle Libraries/http.o
LOAD ./THT_Libraries/Middle Libraries/level_sensor.o
LOAD ./THT_Libraries/Middle Libraries/power.o
LOAD ./THT_Libraries/Middle Libraries/sdcard.o
LOAD ./THT_Libraries/Middle Libraries/sim.o
LOAD ./THT_Libraries/Middle Libraries/sms.o
LOAD ./THT_Libraries/Middle Libraries/telegram.o
LOAD ./THT_Libraries/Middle Libraries/wlv_def.o
START GROUP
LOAD c:/st/stm32cubeide_1.8.0/stm32cubeide/plugins/com.st.stm32cube.ide.mcu.externaltools.gnu-tools-for-stm32.9-2020-q2-update.win32_2.0.0.202105311346/tools/bin/../lib/gcc/arm-none-eabi/9.3.1/../../../../arm-none-eabi/lib/thumb/v7-m/nofp\libc_nano.a
LOAD c:/st/stm32cubeide_1.8.0/stm32cubeide/plugins/com.st.stm32cube.ide.mcu.externaltools.gnu-tools-for-stm32.9-2020-q2-update.win32_2.0.0.202105311346/tools/bin/../lib/gcc/arm-none-eabi/9.3.1/../../../../arm-none-eabi/lib/thumb/v7-m/nofp\libm.a
END GROUP
START GROUP
LOAD c:/st/stm32cubeide_1.8.0/stm32cubeide/plugins/com.st.stm32cube.ide.mcu.externaltools.gnu-tools-for-stm32.9-2020-q2-update.win32_2.0.0.202105311346/tools/bin/../lib/gcc/arm-none-eabi/9.3.1/thumb/v7-m/nofp\libgcc.a
LOAD c:/st/stm32cubeide_1.8.0/stm32cubeide/plugins/com.st.stm32cube.ide.mcu.externaltools.gnu-tools-for-stm32.9-2020-q2-update.win32_2.0.0.202105311346/tools/bin/../lib/gcc/arm-none-eabi/9.3.1/../../../../arm-none-eabi/lib/thumb/v7-m/nofp\libc_nano.a
END GROUP
START GROUP
LOAD c:/st/stm32cubeide_1.8.0/stm32cubeide/plugins/com.st.stm32cube.ide.mcu.externaltools.gnu-tools-for-stm32.9-2020-q2-update.win32_2.0.0.202105311346/tools/bin/../lib/gcc/arm-none-eabi/9.3.1/thumb/v7-m/nofp\libgcc.a
LOAD c:/st/stm32cubeide_1.8.0/stm32cubeide/plugins/com.st.stm32cube.ide.mcu.externaltools.gnu-tools-for-stm32.9-2020-q2-update.win32_2.0.0.202105311346/tools/bin/../lib/gcc/arm-none-eabi/9.3.1/../../../../arm-none-eabi/lib/thumb/v7-m/nofp\libc_nano.a
LOAD c:/st/stm32cubeide_1.8.0/stm32cubeide/plugins/com.st.stm32cube.ide.mcu.externaltools.gnu-tools-for-stm32.9-2020-q2-update.win32_2.0.0.202105311346/tools/bin/../lib/gcc/arm-none-eabi/9.3.1/../../../../arm-none-eabi/lib/thumb/v7-m/nofp\libnosys.a
END GROUP
START GROUP
LOAD c:/st/stm32cubeide_1.8.0/stm32cubeide/plugins/com.st.stm32cube.ide.mcu.externaltools.gnu-tools-for-stm32.9-2020-q2-update.win32_2.0.0.202105311346/tools/bin/../lib/gcc/arm-none-eabi/9.3.1/thumb/v7-m/nofp\libgcc.a
LOAD c:/st/stm32cubeide_1.8.0/stm32cubeide/plugins/com.st.stm32cube.ide.mcu.externaltools.gnu-tools-for-stm32.9-2020-q2-update.win32_2.0.0.202105311346/tools/bin/../lib/gcc/arm-none-eabi/9.3.1/../../../../arm-none-eabi/lib/thumb/v7-m/nofp\libc_nano.a
LOAD c:/st/stm32cubeide_1.8.0/stm32cubeide/plugins/com.st.stm32cube.ide.mcu.externaltools.gnu-tools-for-stm32.9-2020-q2-update.win32_2.0.0.202105311346/tools/bin/../lib/gcc/arm-none-eabi/9.3.1/../../../../arm-none-eabi/lib/thumb/v7-m/nofp\libnosys.a
END GROUP
LOAD c:/st/stm32cubeide_1.8.0/stm32cubeide/plugins/com.st.stm32cube.ide.mcu.externaltools.gnu-tools-for-stm32.9-2020-q2-update.win32_2.0.0.202105311346/tools/bin/../lib/gcc/arm-none-eabi/9.3.1/thumb/v7-m/nofp/crtend.o
LOAD c:/st/stm32cubeide_1.8.0/stm32cubeide/plugins/com.st.stm32cube.ide.mcu.externaltools.gnu-tools-for-stm32.9-2020-q2-update.win32_2.0.0.202105311346/tools/bin/../lib/gcc/arm-none-eabi/9.3.1/thumb/v7-m/nofp/crtn.o
                0x0000000020008000                _estack = (ORIGIN (RAM) + LENGTH (RAM))
                0x0000000000000200                _Min_Heap_Size = 0x200
                0x0000000000000400                _Min_Stack_Size = 0x400

.isr_vector     0x0000000008000000      0x13c
                0x0000000008000000                . = ALIGN (0x4)
 *(.isr_vector)
 .isr_vector    0x0000000008000000      0x13c ./Core/Startup/startup_stm32l152cctx.o
                0x0000000008000000                g_pfnVectors
                0x000000000800013c                . = ALIGN (0x4)

.text           0x0000000008000140    0x167f8
                0x0000000008000140                . = ALIGN (0x4)
 *(.text)
 .text          0x0000000008000140       0x40 c:/st/stm32cubeide_1.8.0/stm32cubeide/plugins/com.st.stm32cube.ide.mcu.externaltools.gnu-tools-for-stm32.9-2020-q2-update.win32_2.0.0.202105311346/tools/bin/../lib/gcc/arm-none-eabi/9.3.1/thumb/v7-m/nofp/crtbegin.o
 .text          0x0000000008000180       0x10 c:/st/stm32cubeide_1.8.0/stm32cubeide/plugins/com.st.stm32cube.ide.mcu.externaltools.gnu-tools-for-stm32.9-2020-q2-update.win32_2.0.0.202105311346/tools/bin/../lib/gcc/arm-none-eabi/9.3.1/../../../../arm-none-eabi/lib/thumb/v7-m/nofp\libc_nano.a(lib_a-strlen.o)
                0x0000000008000180                strlen
 .text          0x0000000008000190      0x378 c:/st/stm32cubeide_1.8.0/stm32cubeide/plugins/com.st.stm32cube.ide.mcu.externaltools.gnu-tools-for-stm32.9-2020-q2-update.win32_2.0.0.202105311346/tools/bin/../lib/gcc/arm-none-eabi/9.3.1/thumb/v7-m/nofp\libgcc.a(_arm_addsubdf3.o)
                0x0000000008000190                __aeabi_drsub
                0x0000000008000198                __aeabi_dsub
                0x0000000008000198                __subdf3
                0x000000000800019c                __aeabi_dadd
                0x000000000800019c                __adddf3
                0x0000000008000414                __floatunsidf
                0x0000000008000414                __aeabi_ui2d
                0x0000000008000434                __floatsidf
                0x0000000008000434                __aeabi_i2d
                0x0000000008000458                __aeabi_f2d
                0x0000000008000458                __extendsfdf2
                0x000000000800049c                __floatundidf
                0x000000000800049c                __aeabi_ul2d
                0x00000000080004ac                __floatdidf
                0x00000000080004ac                __aeabi_l2d
 .text          0x0000000008000508      0x424 c:/st/stm32cubeide_1.8.0/stm32cubeide/plugins/com.st.stm32cube.ide.mcu.externaltools.gnu-tools-for-stm32.9-2020-q2-update.win32_2.0.0.202105311346/tools/bin/../lib/gcc/arm-none-eabi/9.3.1/thumb/v7-m/nofp\libgcc.a(_arm_muldivdf3.o)
                0x0000000008000508                __aeabi_dmul
                0x0000000008000508                __muldf3
                0x000000000800075c                __divdf3
                0x000000000800075c                __aeabi_ddiv
 .text          0x000000000800092c      0x110 c:/st/stm32cubeide_1.8.0/stm32cubeide/plugins/com.st.stm32cube.ide.mcu.externaltools.gnu-tools-for-stm32.9-2020-q2-update.win32_2.0.0.202105311346/tools/bin/../lib/gcc/arm-none-eabi/9.3.1/thumb/v7-m/nofp\libgcc.a(_arm_cmpdf2.o)
                0x000000000800092c                __gtdf2
                0x000000000800092c                __gedf2
                0x0000000008000934                __ltdf2
                0x0000000008000934                __ledf2
                0x000000000800093c                __nedf2
                0x000000000800093c                __eqdf2
                0x000000000800093c                __cmpdf2
                0x00000000080009b8                __aeabi_cdrcmple
                0x00000000080009c8                __aeabi_cdcmpeq
                0x00000000080009c8                __aeabi_cdcmple
                0x00000000080009d8                __aeabi_dcmpeq
                0x00000000080009ec                __aeabi_dcmplt
                0x0000000008000a00                __aeabi_dcmple
                0x0000000008000a14                __aeabi_dcmpge
                0x0000000008000a28                __aeabi_dcmpgt
 .text          0x0000000008000a3c       0x2c c:/st/stm32cubeide_1.8.0/stm32cubeide/plugins/com.st.stm32cube.ide.mcu.externaltools.gnu-tools-for-stm32.9-2020-q2-update.win32_2.0.0.202105311346/tools/bin/../lib/gcc/arm-none-eabi/9.3.1/thumb/v7-m/nofp\libgcc.a(_arm_unorddf2.o)
                0x0000000008000a3c                __unorddf2
                0x0000000008000a3c                __aeabi_dcmpun
 .text          0x0000000008000a68       0x50 c:/st/stm32cubeide_1.8.0/stm32cubeide/plugins/com.st.stm32cube.ide.mcu.externaltools.gnu-tools-for-stm32.9-2020-q2-update.win32_2.0.0.202105311346/tools/bin/../lib/gcc/arm-none-eabi/9.3.1/thumb/v7-m/nofp\libgcc.a(_arm_fixdfsi.o)
                0x0000000008000a68                __aeabi_d2iz
                0x0000000008000a68                __fixdfsi
 .text          0x0000000008000ab8      0x21c c:/st/stm32cubeide_1.8.0/stm32cubeide/plugins/com.st.stm32cube.ide.mcu.externaltools.gnu-tools-for-stm32.9-2020-q2-update.win32_2.0.0.202105311346/tools/bin/../lib/gcc/arm-none-eabi/9.3.1/thumb/v7-m/nofp\libgcc.a(_arm_addsubsf3.o)
                0x0000000008000ab8                __aeabi_frsub
                0x0000000008000ac0                __subsf3
                0x0000000008000ac0                __aeabi_fsub
                0x0000000008000ac4                __aeabi_fadd
                0x0000000008000ac4                __addsf3
                0x0000000008000c24                __aeabi_ui2f
                0x0000000008000c24                __floatunsisf
                0x0000000008000c2c                __aeabi_i2f
                0x0000000008000c2c                __floatsisf
                0x0000000008000c48                __aeabi_ul2f
                0x0000000008000c48                __floatundisf
                0x0000000008000c58                __aeabi_l2f
                0x0000000008000c58                __floatdisf
 .text          0x0000000008000cd4      0x2a0 c:/st/stm32cubeide_1.8.0/stm32cubeide/plugins/com.st.stm32cube.ide.mcu.externaltools.gnu-tools-for-stm32.9-2020-q2-update.win32_2.0.0.202105311346/tools/bin/../lib/gcc/arm-none-eabi/9.3.1/thumb/v7-m/nofp\libgcc.a(_arm_muldivsf3.o)
                0x0000000008000cd4                __mulsf3
                0x0000000008000cd4                __aeabi_fmul
                0x0000000008000e3c                __aeabi_fdiv
                0x0000000008000e3c                __divsf3
 .text          0x0000000008000f74       0xec c:/st/stm32cubeide_1.8.0/stm32cubeide/plugins/com.st.stm32cube.ide.mcu.externaltools.gnu-tools-for-stm32.9-2020-q2-update.win32_2.0.0.202105311346/tools/bin/../lib/gcc/arm-none-eabi/9.3.1/thumb/v7-m/nofp\libgcc.a(_arm_cmpsf2.o)
                0x0000000008000f74                __gesf2
                0x0000000008000f74                __gtsf2
                0x0000000008000f7c                __lesf2
                0x0000000008000f7c                __ltsf2
                0x0000000008000f84                __nesf2
                0x0000000008000f84                __eqsf2
                0x0000000008000f84                __cmpsf2
                0x0000000008000fe4                __aeabi_cfrcmple
                0x0000000008000fec                __aeabi_cfcmpeq
                0x0000000008000fec                __aeabi_cfcmple
                0x0000000008000ffc                __aeabi_fcmpeq
                0x0000000008001010                __aeabi_fcmplt
                0x0000000008001024                __aeabi_fcmple
                0x0000000008001038                __aeabi_fcmpge
                0x000000000800104c                __aeabi_fcmpgt
 .text          0x0000000008001060       0x40 c:/st/stm32cubeide_1.8.0/stm32cubeide/plugins/com.st.stm32cube.ide.mcu.externaltools.gnu-tools-for-stm32.9-2020-q2-update.win32_2.0.0.202105311346/tools/bin/../lib/gcc/arm-none-eabi/9.3.1/thumb/v7-m/nofp\libgcc.a(_arm_fixunssfsi.o)
                0x0000000008001060                __fixunssfsi
                0x0000000008001060                __aeabi_f2uiz
 .text          0x00000000080010a0       0x30 c:/st/stm32cubeide_1.8.0/stm32cubeide/plugins/com.st.stm32cube.ide.mcu.externaltools.gnu-tools-for-stm32.9-2020-q2-update.win32_2.0.0.202105311346/tools/bin/../lib/gcc/arm-none-eabi/9.3.1/thumb/v7-m/nofp\libgcc.a(_aeabi_uldivmod.o)
                0x00000000080010a0                __aeabi_uldivmod
 .text          0x00000000080010d0      0x2c4 c:/st/stm32cubeide_1.8.0/stm32cubeide/plugins/com.st.stm32cube.ide.mcu.externaltools.gnu-tools-for-stm32.9-2020-q2-update.win32_2.0.0.202105311346/tools/bin/../lib/gcc/arm-none-eabi/9.3.1/thumb/v7-m/nofp\libgcc.a(_udivmoddi4.o)
                0x00000000080010d0                __udivmoddi4
 .text          0x0000000008001394        0x4 c:/st/stm32cubeide_1.8.0/stm32cubeide/plugins/com.st.stm32cube.ide.mcu.externaltools.gnu-tools-for-stm32.9-2020-q2-update.win32_2.0.0.202105311346/tools/bin/../lib/gcc/arm-none-eabi/9.3.1/thumb/v7-m/nofp\libgcc.a(_dvmd_tls.o)
                0x0000000008001394                __aeabi_idiv0
                0x0000000008001394                __aeabi_ldiv0
 *(.text*)
 .text.__NVIC_SystemReset
                0x0000000008001398       0x2c ./Core/Src/main.o
 .text.main     0x00000000080013c4      0x128 ./Core/Src/main.o
                0x00000000080013c4                main
 .text.SystemClock_Config
                0x00000000080014ec       0xc8 ./Core/Src/main.o
                0x00000000080014ec                SystemClock_Config
 .text.MX_ADC_Init
                0x00000000080015b4       0xb4 ./Core/Src/main.o
 .text.MX_CRC_Init
                0x0000000008001668       0x28 ./Core/Src/main.o
 .text.MX_I2C1_Init
                0x0000000008001690       0x5c ./Core/Src/main.o
 .text.MX_RTC_Init
                0x00000000080016ec        0xc ./Core/Src/main.o
 .text.MX_SPI2_Init
                0x00000000080016f8       0x6c ./Core/Src/main.o
 .text.MX_USART2_UART_Init
                0x0000000008001764        0xc ./Core/Src/main.o
 .text.MX_USART3_UART_Init
                0x0000000008001770       0x54 ./Core/Src/main.o
 .text.MX_DMA_Init
                0x00000000080017c4       0x3c ./Core/Src/main.o
 .text.MX_GPIO_Init
                0x0000000008001800      0x1d8 ./Core/Src/main.o
 .text.POWER_Init
                0x00000000080019d8       0xb4 ./Core/Src/main.o
                0x00000000080019d8                POWER_Init
 .text.CLOCK_Init
                0x0000000008001a8c       0xcc ./Core/Src/main.o
                0x0000000008001a8c                CLOCK_Init
 .text.SENSOR_Init
                0x0000000008001b58       0x50 ./Core/Src/main.o
                0x0000000008001b58                SENSOR_Init
 .text.SIM_Init
                0x0000000008001ba8      0x21c ./Core/Src/main.o
                0x0000000008001ba8                SIM_Init
 .text.SDCARD_Init
                0x0000000008001dc4       0xa0 ./Core/Src/main.o
                0x0000000008001dc4                SDCARD_Init
 .text.CONFIG_Init
                0x0000000008001e64       0x60 ./Core/Src/main.o
                0x0000000008001e64                CONFIG_Init
 .text.TELE_Init
                0x0000000008001ec4       0x2c ./Core/Src/main.o
                0x0000000008001ec4                TELE_Init
 .text.HAL_UARTEx_RxEventCallback
                0x0000000008001ef0       0x34 ./Core/Src/main.o
                0x0000000008001ef0                HAL_UARTEx_RxEventCallback
 .text.HAL_RTC_AlarmAEventCallback
                0x0000000008001f24       0x24 ./Core/Src/main.o
                0x0000000008001f24                HAL_RTC_AlarmAEventCallback
 .text.HAL_GPIO_EXTI_Callback
                0x0000000008001f48       0x30 ./Core/Src/main.o
                0x0000000008001f48                HAL_GPIO_EXTI_Callback
 .text.__io_putchar
                0x0000000008001f78       0x24 ./Core/Src/main.o
                0x0000000008001f78                __io_putchar
 .text.Error_Handler
                0x0000000008001f9c        0xc ./Core/Src/main.o
                0x0000000008001f9c                Error_Handler
 .text.HAL_MspInit
                0x0000000008001fa8       0x5c ./Core/Src/stm32l1xx_hal_msp.o
                0x0000000008001fa8                HAL_MspInit
 .text.HAL_ADC_MspInit
                0x0000000008002004       0x80 ./Core/Src/stm32l1xx_hal_msp.o
                0x0000000008002004                HAL_ADC_MspInit
 .text.HAL_CRC_MspInit
                0x0000000008002084       0x3c ./Core/Src/stm32l1xx_hal_msp.o
                0x0000000008002084                HAL_CRC_MspInit
 .text.HAL_I2C_MspInit
                0x00000000080020c0       0x88 ./Core/Src/stm32l1xx_hal_msp.o
                0x00000000080020c0                HAL_I2C_MspInit
 .text.HAL_RTC_MspInit
                0x0000000008002148       0x38 ./Core/Src/stm32l1xx_hal_msp.o
                0x0000000008002148                HAL_RTC_MspInit
 .text.HAL_SPI_MspInit
                0x0000000008002180       0x88 ./Core/Src/stm32l1xx_hal_msp.o
                0x0000000008002180                HAL_SPI_MspInit
 .text.HAL_UART_MspInit
                0x0000000008002208      0x150 ./Core/Src/stm32l1xx_hal_msp.o
                0x0000000008002208                HAL_UART_MspInit
 .text.__NVIC_SystemReset
                0x0000000008002358       0x2c ./Core/Src/stm32l1xx_it.o
 .text.NMI_Handler
                0x0000000008002384        0x8 ./Core/Src/stm32l1xx_it.o
                0x0000000008002384                NMI_Handler
 .text.HardFault_Handler
                0x000000000800238c        0x8 ./Core/Src/stm32l1xx_it.o
                0x000000000800238c                HardFault_Handler
 .text.MemManage_Handler
                0x0000000008002394        0x8 ./Core/Src/stm32l1xx_it.o
                0x0000000008002394                MemManage_Handler
 .text.BusFault_Handler
                0x000000000800239c        0x8 ./Core/Src/stm32l1xx_it.o
                0x000000000800239c                BusFault_Handler
 .text.UsageFault_Handler
                0x00000000080023a4        0x8 ./Core/Src/stm32l1xx_it.o
                0x00000000080023a4                UsageFault_Handler
 .text.SVC_Handler
                0x00000000080023ac        0x8 ./Core/Src/stm32l1xx_it.o
                0x00000000080023ac                SVC_Handler
 .text.DebugMon_Handler
                0x00000000080023b4        0x8 ./Core/Src/stm32l1xx_it.o
                0x00000000080023b4                DebugMon_Handler
 .text.PendSV_Handler
                0x00000000080023bc        0x8 ./Core/Src/stm32l1xx_it.o
                0x00000000080023bc                PendSV_Handler
 .text.SysTick_Handler
                0x00000000080023c4       0x50 ./Core/Src/stm32l1xx_it.o
                0x00000000080023c4                SysTick_Handler
 .text.EXTI0_IRQHandler
                0x0000000008002414        0xe ./Core/Src/stm32l1xx_it.o
                0x0000000008002414                EXTI0_IRQHandler
 .text.EXTI1_IRQHandler
                0x0000000008002422        0xe ./Core/Src/stm32l1xx_it.o
                0x0000000008002422                EXTI1_IRQHandler
 .text.DMA1_Channel6_IRQHandler
                0x0000000008002430       0x14 ./Core/Src/stm32l1xx_it.o
                0x0000000008002430                DMA1_Channel6_IRQHandler
 .text.EXTI9_5_IRQHandler
                0x0000000008002444       0x10 ./Core/Src/stm32l1xx_it.o
                0x0000000008002444                EXTI9_5_IRQHandler
 .text.USART2_IRQHandler
                0x0000000008002454       0x14 ./Core/Src/stm32l1xx_it.o
                0x0000000008002454                USART2_IRQHandler
 .text.RTC_Alarm_IRQHandler
                0x0000000008002468       0x14 ./Core/Src/stm32l1xx_it.o
                0x0000000008002468                RTC_Alarm_IRQHandler
 .text._getpid  0x000000000800247c        0xe ./Core/Src/syscalls.o
                0x000000000800247c                _getpid
 .text._kill    0x000000000800248a       0x20 ./Core/Src/syscalls.o
                0x000000000800248a                _kill
 .text._exit    0x00000000080024aa       0x14 ./Core/Src/syscalls.o
                0x00000000080024aa                _exit
 .text._read    0x00000000080024be       0x3a ./Core/Src/syscalls.o
                0x00000000080024be                _read
 .text._write   0x00000000080024f8       0x38 ./Core/Src/syscalls.o
                0x00000000080024f8                _write
 .text._close   0x0000000008002530       0x16 ./Core/Src/syscalls.o
                0x0000000008002530                _close
 .text._fstat   0x0000000008002546       0x1e ./Core/Src/syscalls.o
                0x0000000008002546                _fstat
 .text._isatty  0x0000000008002564       0x14 ./Core/Src/syscalls.o
                0x0000000008002564                _isatty
 .text._lseek   0x0000000008002578       0x18 ./Core/Src/syscalls.o
                0x0000000008002578                _lseek
 .text._sbrk    0x0000000008002590       0x6c ./Core/Src/sysmem.o
                0x0000000008002590                _sbrk
 .text.SystemInit
                0x00000000080025fc       0x18 ./Core/Src/system_stm32l1xx.o
                0x00000000080025fc                SystemInit
 .text.Reset_Handler
                0x0000000008002614       0x48 ./Core/Startup/startup_stm32l152cctx.o
                0x0000000008002614                Reset_Handler
 .text.Default_Handler
                0x000000000800265c        0x2 ./Core/Startup/startup_stm32l152cctx.o
                0x000000000800265c                EXTI2_IRQHandler
                0x000000000800265c                COMP_ACQ_IRQHandler
                0x000000000800265c                TIM10_IRQHandler
                0x000000000800265c                USB_HP_IRQHandler
                0x000000000800265c                TIM6_IRQHandler
                0x000000000800265c                PVD_IRQHandler
                0x000000000800265c                EXTI3_IRQHandler
                0x000000000800265c                I2C2_EV_IRQHandler
                0x000000000800265c                SPI1_IRQHandler
                0x000000000800265c                USB_FS_WKUP_IRQHandler
                0x000000000800265c                DMA2_Channel2_IRQHandler
                0x000000000800265c                DMA1_Channel4_IRQHandler
                0x000000000800265c                ADC1_IRQHandler
                0x000000000800265c                USART3_IRQHandler
                0x000000000800265c                DMA1_Channel7_IRQHandler
                0x000000000800265c                LCD_IRQHandler
                0x000000000800265c                TIM4_IRQHandler
                0x000000000800265c                DMA2_Channel1_IRQHandler
                0x000000000800265c                I2C1_EV_IRQHandler
                0x000000000800265c                DMA2_Channel4_IRQHandler
                0x000000000800265c                TIM3_IRQHandler
                0x000000000800265c                RCC_IRQHandler
                0x000000000800265c                DMA1_Channel1_IRQHandler
                0x000000000800265c                Default_Handler
                0x000000000800265c                EXTI15_10_IRQHandler
                0x000000000800265c                TIM7_IRQHandler
                0x000000000800265c                TIM5_IRQHandler
                0x000000000800265c                TIM9_IRQHandler
                0x000000000800265c                TAMPER_STAMP_IRQHandler
                0x000000000800265c                RTC_WKUP_IRQHandler
                0x000000000800265c                SPI2_IRQHandler
                0x000000000800265c                DMA2_Channel5_IRQHandler
                0x000000000800265c                DMA1_Channel5_IRQHandler
                0x000000000800265c                USB_LP_IRQHandler
                0x000000000800265c                EXTI4_IRQHandler
                0x000000000800265c                DMA1_Channel3_IRQHandler
                0x000000000800265c                COMP_IRQHandler
                0x000000000800265c                WWDG_IRQHandler
                0x000000000800265c                TIM2_IRQHandler
                0x000000000800265c                DAC_IRQHandler
                0x000000000800265c                TIM11_IRQHandler
                0x000000000800265c                I2C2_ER_IRQHandler
                0x000000000800265c                DMA1_Channel2_IRQHandler
                0x000000000800265c                FLASH_IRQHandler
                0x000000000800265c                USART1_IRQHandler
                0x000000000800265c                SPI3_IRQHandler
                0x000000000800265c                I2C1_ER_IRQHandler
                0x000000000800265c                DMA2_Channel3_IRQHandler
 .text.HAL_Init
                0x000000000800265e       0x30 ./Drivers/STM32L1xx_HAL_Driver/Src/stm32l1xx_hal.o
                0x000000000800265e                HAL_Init
 *fill*         0x000000000800268e        0x2 
 .text.HAL_InitTick
                0x0000000008002690       0x74 ./Drivers/STM32L1xx_HAL_Driver/Src/stm32l1xx_hal.o
                0x0000000008002690                HAL_InitTick
 .text.HAL_IncTick
                0x0000000008002704       0x24 ./Drivers/STM32L1xx_HAL_Driver/Src/stm32l1xx_hal.o
                0x0000000008002704                HAL_IncTick
 .text.HAL_GetTick
                0x0000000008002728       0x14 ./Drivers/STM32L1xx_HAL_Driver/Src/stm32l1xx_hal.o
                0x0000000008002728                HAL_GetTick
 .text.HAL_Delay
                0x000000000800273c       0x44 ./Drivers/STM32L1xx_HAL_Driver/Src/stm32l1xx_hal.o
                0x000000000800273c                HAL_Delay
 .text.HAL_SuspendTick
                0x0000000008002780       0x1c ./Drivers/STM32L1xx_HAL_Driver/Src/stm32l1xx_hal.o
                0x0000000008002780                HAL_SuspendTick
 .text.HAL_ResumeTick
                0x000000000800279c       0x1c ./Drivers/STM32L1xx_HAL_Driver/Src/stm32l1xx_hal.o
                0x000000000800279c                HAL_ResumeTick
 .text.HAL_ADC_Init
                0x00000000080027b8      0x28c ./Drivers/STM32L1xx_HAL_Driver/Src/stm32l1xx_hal_adc.o
                0x00000000080027b8                HAL_ADC_Init
 .text.HAL_ADC_Start
                0x0000000008002a44       0xc0 ./Drivers/STM32L1xx_HAL_Driver/Src/stm32l1xx_hal_adc.o
                0x0000000008002a44                HAL_ADC_Start
 .text.HAL_ADC_Stop
                0x0000000008002b04       0x58 ./Drivers/STM32L1xx_HAL_Driver/Src/stm32l1xx_hal_adc.o
                0x0000000008002b04                HAL_ADC_Stop
 .text.HAL_ADC_GetValue
                0x0000000008002b5c       0x18 ./Drivers/STM32L1xx_HAL_Driver/Src/stm32l1xx_hal_adc.o
                0x0000000008002b5c                HAL_ADC_GetValue
 .text.HAL_ADC_ConfigChannel
                0x0000000008002b74      0x2a0 ./Drivers/STM32L1xx_HAL_Driver/Src/stm32l1xx_hal_adc.o
                0x0000000008002b74                HAL_ADC_ConfigChannel
 .text.ADC_Enable
                0x0000000008002e14       0xb8 ./Drivers/STM32L1xx_HAL_Driver/Src/stm32l1xx_hal_adc.o
                0x0000000008002e14                ADC_Enable
 .text.ADC_ConversionStop_Disable
                0x0000000008002ecc       0x82 ./Drivers/STM32L1xx_HAL_Driver/Src/stm32l1xx_hal_adc.o
                0x0000000008002ecc                ADC_ConversionStop_Disable
 *fill*         0x0000000008002f4e        0x2 
 .text.__NVIC_SetPriorityGrouping
                0x0000000008002f50       0x48 ./Drivers/STM32L1xx_HAL_Driver/Src/stm32l1xx_hal_cortex.o
 .text.__NVIC_GetPriorityGrouping
                0x0000000008002f98       0x1c ./Drivers/STM32L1xx_HAL_Driver/Src/stm32l1xx_hal_cortex.o
 .text.__NVIC_EnableIRQ
                0x0000000008002fb4       0x38 ./Drivers/STM32L1xx_HAL_Driver/Src/stm32l1xx_hal_cortex.o
 .text.__NVIC_SetPriority
                0x0000000008002fec       0x54 ./Drivers/STM32L1xx_HAL_Driver/Src/stm32l1xx_hal_cortex.o
 .text.NVIC_EncodePriority
                0x0000000008003040       0x64 ./Drivers/STM32L1xx_HAL_Driver/Src/stm32l1xx_hal_cortex.o
 .text.SysTick_Config
                0x00000000080030a4       0x44 ./Drivers/STM32L1xx_HAL_Driver/Src/stm32l1xx_hal_cortex.o
 .text.HAL_NVIC_SetPriorityGrouping
                0x00000000080030e8       0x16 ./Drivers/STM32L1xx_HAL_Driver/Src/stm32l1xx_hal_cortex.o
                0x00000000080030e8                HAL_NVIC_SetPriorityGrouping
 .text.HAL_NVIC_SetPriority
                0x00000000080030fe       0x38 ./Drivers/STM32L1xx_HAL_Driver/Src/stm32l1xx_hal_cortex.o
                0x00000000080030fe                HAL_NVIC_SetPriority
 .text.HAL_NVIC_EnableIRQ
                0x0000000008003136       0x1c ./Drivers/STM32L1xx_HAL_Driver/Src/stm32l1xx_hal_cortex.o
                0x0000000008003136                HAL_NVIC_EnableIRQ
 .text.HAL_SYSTICK_Config
                0x0000000008003152       0x18 ./Drivers/STM32L1xx_HAL_Driver/Src/stm32l1xx_hal_cortex.o
                0x0000000008003152                HAL_SYSTICK_Config
 .text.HAL_SYSTICK_IRQHandler
                0x000000000800316a        0xc ./Drivers/STM32L1xx_HAL_Driver/Src/stm32l1xx_hal_cortex.o
                0x000000000800316a                HAL_SYSTICK_IRQHandler
 .text.HAL_SYSTICK_Callback
                0x0000000008003176        0xc ./Drivers/STM32L1xx_HAL_Driver/Src/stm32l1xx_hal_cortex.o
                0x0000000008003176                HAL_SYSTICK_Callback
 .text.HAL_CRC_Init
                0x0000000008003182       0x38 ./Drivers/STM32L1xx_HAL_Driver/Src/stm32l1xx_hal_crc.o
                0x0000000008003182                HAL_CRC_Init
 .text.HAL_CRC_Calculate
                0x00000000080031ba       0x64 ./Drivers/STM32L1xx_HAL_Driver/Src/stm32l1xx_hal_crc.o
                0x00000000080031ba                HAL_CRC_Calculate
 *fill*         0x000000000800321e        0x2 
 .text.HAL_DMA_Init
                0x0000000008003220       0xe8 ./Drivers/STM32L1xx_HAL_Driver/Src/stm32l1xx_hal_dma.o
                0x0000000008003220                HAL_DMA_Init
 .text.HAL_DMA_Start_IT
                0x0000000008003308       0xc0 ./Drivers/STM32L1xx_HAL_Driver/Src/stm32l1xx_hal_dma.o
                0x0000000008003308                HAL_DMA_Start_IT
 .text.HAL_DMA_Abort
                0x00000000080033c8       0x7a ./Drivers/STM32L1xx_HAL_Driver/Src/stm32l1xx_hal_dma.o
                0x00000000080033c8                HAL_DMA_Abort
 .text.HAL_DMA_Abort_IT
                0x0000000008003442       0x82 ./Drivers/STM32L1xx_HAL_Driver/Src/stm32l1xx_hal_dma.o
                0x0000000008003442                HAL_DMA_Abort_IT
 .text.HAL_DMA_IRQHandler
                0x00000000080034c4      0x15e ./Drivers/STM32L1xx_HAL_Driver/Src/stm32l1xx_hal_dma.o
                0x00000000080034c4                HAL_DMA_IRQHandler
 .text.DMA_SetConfig
                0x0000000008003622       0x5e ./Drivers/STM32L1xx_HAL_Driver/Src/stm32l1xx_hal_dma.o
 .text.HAL_FLASH_Unlock
                0x0000000008003680       0x74 ./Drivers/STM32L1xx_HAL_Driver/Src/stm32l1xx_hal_flash.o
                0x0000000008003680                HAL_FLASH_Unlock
 .text.HAL_FLASH_Lock
                0x00000000080036f4       0x20 ./Drivers/STM32L1xx_HAL_Driver/Src/stm32l1xx_hal_flash.o
                0x00000000080036f4                HAL_FLASH_Lock
 .text.FLASH_WaitForLastOperation
                0x0000000008003714       0xbc ./Drivers/STM32L1xx_HAL_Driver/Src/stm32l1xx_hal_flash.o
                0x0000000008003714                FLASH_WaitForLastOperation
 .text.FLASH_SetErrorCode
                0x00000000080037d0       0xf0 ./Drivers/STM32L1xx_HAL_Driver/Src/stm32l1xx_hal_flash.o
 .text.HAL_FLASHEx_Erase
                0x00000000080038c0       0xb0 ./Drivers/STM32L1xx_HAL_Driver/Src/stm32l1xx_hal_flash_ex.o
                0x00000000080038c0                HAL_FLASHEx_Erase
 .text.HAL_FLASHEx_DATAEEPROM_Unlock
                0x0000000008003970       0x38 ./Drivers/STM32L1xx_HAL_Driver/Src/stm32l1xx_hal_flash_ex.o
                0x0000000008003970                HAL_FLASHEx_DATAEEPROM_Unlock
 .text.HAL_FLASHEx_DATAEEPROM_Lock
                0x00000000080039a8       0x20 ./Drivers/STM32L1xx_HAL_Driver/Src/stm32l1xx_hal_flash_ex.o
                0x00000000080039a8                HAL_FLASHEx_DATAEEPROM_Lock
 .text.HAL_FLASHEx_DATAEEPROM_Erase
                0x00000000080039c8       0x64 ./Drivers/STM32L1xx_HAL_Driver/Src/stm32l1xx_hal_flash_ex.o
                0x00000000080039c8                HAL_FLASHEx_DATAEEPROM_Erase
 .text.HAL_FLASHEx_DATAEEPROM_Program
                0x0000000008003a2c       0xdc ./Drivers/STM32L1xx_HAL_Driver/Src/stm32l1xx_hal_flash_ex.o
                0x0000000008003a2c                HAL_FLASHEx_DATAEEPROM_Program
 .text.HAL_FLASHEx_DATAEEPROM_EnableFixedTimeProgram
                0x0000000008003b08       0x1c ./Drivers/STM32L1xx_HAL_Driver/Src/stm32l1xx_hal_flash_ex.o
                0x0000000008003b08                HAL_FLASHEx_DATAEEPROM_EnableFixedTimeProgram
 .text.HAL_FLASHEx_DATAEEPROM_DisableFixedTimeProgram
                0x0000000008003b24       0x1c ./Drivers/STM32L1xx_HAL_Driver/Src/stm32l1xx_hal_flash_ex.o
                0x0000000008003b24                HAL_FLASHEx_DATAEEPROM_DisableFixedTimeProgram
 .text.FLASH_DATAEEPROM_FastProgramByte
                0x0000000008003b40       0x50 ./Drivers/STM32L1xx_HAL_Driver/Src/stm32l1xx_hal_flash_ex.o
 .text.FLASH_DATAEEPROM_FastProgramHalfWord
                0x0000000008003b90       0x50 ./Drivers/STM32L1xx_HAL_Driver/Src/stm32l1xx_hal_flash_ex.o
 .text.FLASH_DATAEEPROM_FastProgramWord
                0x0000000008003be0       0x4c ./Drivers/STM32L1xx_HAL_Driver/Src/stm32l1xx_hal_flash_ex.o
 .text.FLASH_DATAEEPROM_ProgramByte
                0x0000000008003c2c       0x3e ./Drivers/STM32L1xx_HAL_Driver/Src/stm32l1xx_hal_flash_ex.o
 .text.FLASH_DATAEEPROM_ProgramHalfWord
                0x0000000008003c6a       0x3e ./Drivers/STM32L1xx_HAL_Driver/Src/stm32l1xx_hal_flash_ex.o
 .text.FLASH_DATAEEPROM_ProgramWord
                0x0000000008003ca8       0x3c ./Drivers/STM32L1xx_HAL_Driver/Src/stm32l1xx_hal_flash_ex.o
 .text.FLASH_PageErase
                0x0000000008003ce4       0x44 ./Drivers/STM32L1xx_HAL_Driver/Src/stm32l1xx_hal_flash_ex.o
                0x0000000008003ce4                FLASH_PageErase
 .text.HAL_GPIO_Init
                0x0000000008003d28      0x300 ./Drivers/STM32L1xx_HAL_Driver/Src/stm32l1xx_hal_gpio.o
                0x0000000008003d28                HAL_GPIO_Init
 .text.HAL_GPIO_ReadPin
                0x0000000008004028       0x2e ./Drivers/STM32L1xx_HAL_Driver/Src/stm32l1xx_hal_gpio.o
                0x0000000008004028                HAL_GPIO_ReadPin
 .text.HAL_GPIO_WritePin
                0x0000000008004056       0x30 ./Drivers/STM32L1xx_HAL_Driver/Src/stm32l1xx_hal_gpio.o
                0x0000000008004056                HAL_GPIO_WritePin
 *fill*         0x0000000008004086        0x2 
 .text.HAL_GPIO_EXTI_IRQHandler
                0x0000000008004088       0x30 ./Drivers/STM32L1xx_HAL_Driver/Src/stm32l1xx_hal_gpio.o
                0x0000000008004088                HAL_GPIO_EXTI_IRQHandler
 .text.HAL_I2C_Init
                0x00000000080040b8      0x288 ./Drivers/STM32L1xx_HAL_Driver/Src/stm32l1xx_hal_i2c.o
                0x00000000080040b8                HAL_I2C_Init
 .text.HAL_I2C_Master_Transmit
                0x0000000008004340      0x1fc ./Drivers/STM32L1xx_HAL_Driver/Src/stm32l1xx_hal_i2c.o
                0x0000000008004340                HAL_I2C_Master_Transmit
 .text.HAL_I2C_Master_Receive
                0x000000000800453c      0x44c ./Drivers/STM32L1xx_HAL_Driver/Src/stm32l1xx_hal_i2c.o
                0x000000000800453c                HAL_I2C_Master_Receive
 .text.I2C_MasterRequestWrite
                0x0000000008004988      0x104 ./Drivers/STM32L1xx_HAL_Driver/Src/stm32l1xx_hal_i2c.o
 .text.I2C_MasterRequestRead
                0x0000000008004a8c      0x19c ./Drivers/STM32L1xx_HAL_Driver/Src/stm32l1xx_hal_i2c.o
 .text.I2C_WaitOnFlagUntilTimeout
                0x0000000008004c28       0xae ./Drivers/STM32L1xx_HAL_Driver/Src/stm32l1xx_hal_i2c.o
 .text.I2C_WaitOnMasterAddressFlagUntilTimeout
                0x0000000008004cd6       0xfe ./Drivers/STM32L1xx_HAL_Driver/Src/stm32l1xx_hal_i2c.o
 .text.I2C_WaitOnTXEFlagUntilTimeout
                0x0000000008004dd4       0x82 ./Drivers/STM32L1xx_HAL_Driver/Src/stm32l1xx_hal_i2c.o
 .text.I2C_WaitOnBTFFlagUntilTimeout
                0x0000000008004e56       0x82 ./Drivers/STM32L1xx_HAL_Driver/Src/stm32l1xx_hal_i2c.o
 .text.I2C_WaitOnRXNEFlagUntilTimeout
                0x0000000008004ed8       0xac ./Drivers/STM32L1xx_HAL_Driver/Src/stm32l1xx_hal_i2c.o
 .text.I2C_IsAcknowledgeFailed
                0x0000000008004f84       0x5c ./Drivers/STM32L1xx_HAL_Driver/Src/stm32l1xx_hal_i2c.o
 .text.HAL_PWR_EnterSTOPMode
                0x0000000008004fe0       0x58 ./Drivers/STM32L1xx_HAL_Driver/Src/stm32l1xx_hal_pwr.o
                0x0000000008004fe0                HAL_PWR_EnterSTOPMode
 .text.HAL_PWR_EnableSleepOnExit
                0x0000000008005038       0x1c ./Drivers/STM32L1xx_HAL_Driver/Src/stm32l1xx_hal_pwr.o
                0x0000000008005038                HAL_PWR_EnableSleepOnExit
 .text.HAL_PWR_DisableSleepOnExit
                0x0000000008005054       0x1c ./Drivers/STM32L1xx_HAL_Driver/Src/stm32l1xx_hal_pwr.o
                0x0000000008005054                HAL_PWR_DisableSleepOnExit
 .text.HAL_RCC_OscConfig
                0x0000000008005070      0x660 ./Drivers/STM32L1xx_HAL_Driver/Src/stm32l1xx_hal_rcc.o
                0x0000000008005070                HAL_RCC_OscConfig
 .text.HAL_RCC_ClockConfig
                0x00000000080056d0      0x268 ./Drivers/STM32L1xx_HAL_Driver/Src/stm32l1xx_hal_rcc.o
                0x00000000080056d0                HAL_RCC_ClockConfig
 .text.HAL_RCC_GetSysClockFreq
                0x0000000008005938      0x14c ./Drivers/STM32L1xx_HAL_Driver/Src/stm32l1xx_hal_rcc.o
                0x0000000008005938                HAL_RCC_GetSysClockFreq
 .text.HAL_RCC_GetHCLKFreq
                0x0000000008005a84       0x14 ./Drivers/STM32L1xx_HAL_Driver/Src/stm32l1xx_hal_rcc.o
                0x0000000008005a84                HAL_RCC_GetHCLKFreq
 .text.HAL_RCC_GetPCLK1Freq
                0x0000000008005a98       0x28 ./Drivers/STM32L1xx_HAL_Driver/Src/stm32l1xx_hal_rcc.o
                0x0000000008005a98                HAL_RCC_GetPCLK1Freq
 .text.HAL_RCC_GetPCLK2Freq
                0x0000000008005ac0       0x28 ./Drivers/STM32L1xx_HAL_Driver/Src/stm32l1xx_hal_rcc.o
                0x0000000008005ac0                HAL_RCC_GetPCLK2Freq
 .text.RCC_SetFlashLatencyFromMSIRange
                0x0000000008005ae8       0xc0 ./Drivers/STM32L1xx_HAL_Driver/Src/stm32l1xx_hal_rcc.o
 .text.HAL_RCCEx_PeriphCLKConfig
                0x0000000008005ba8      0x214 ./Drivers/STM32L1xx_HAL_Driver/Src/stm32l1xx_hal_rcc_ex.o
                0x0000000008005ba8                HAL_RCCEx_PeriphCLKConfig
 .text.HAL_RCCEx_EnableLSECSS
                0x0000000008005dbc       0x18 ./Drivers/STM32L1xx_HAL_Driver/Src/stm32l1xx_hal_rcc_ex.o
                0x0000000008005dbc                HAL_RCCEx_EnableLSECSS
 .text.HAL_RTC_Init
                0x0000000008005dd4      0x122 ./Drivers/STM32L1xx_HAL_Driver/Src/stm32l1xx_hal_rtc.o
                0x0000000008005dd4                HAL_RTC_Init
 .text.HAL_RTC_SetTime
                0x0000000008005ef6      0x168 ./Drivers/STM32L1xx_HAL_Driver/Src/stm32l1xx_hal_rtc.o
                0x0000000008005ef6                HAL_RTC_SetTime
 .text.HAL_RTC_GetTime
                0x000000000800605e       0xba ./Drivers/STM32L1xx_HAL_Driver/Src/stm32l1xx_hal_rtc.o
                0x000000000800605e                HAL_RTC_GetTime
 .text.HAL_RTC_SetDate
                0x0000000008006118      0x13c ./Drivers/STM32L1xx_HAL_Driver/Src/stm32l1xx_hal_rtc.o
                0x0000000008006118                HAL_RTC_SetDate
 .text.HAL_RTC_GetDate
                0x0000000008006254       0x9a ./Drivers/STM32L1xx_HAL_Driver/Src/stm32l1xx_hal_rtc.o
                0x0000000008006254                HAL_RTC_GetDate
 *fill*         0x00000000080062ee        0x2 
 .text.HAL_RTC_SetAlarm_IT
                0x00000000080062f0      0x270 ./Drivers/STM32L1xx_HAL_Driver/Src/stm32l1xx_hal_rtc.o
                0x00000000080062f0                HAL_RTC_SetAlarm_IT
 .text.HAL_RTC_AlarmIRQHandler
                0x0000000008006560       0x8c ./Drivers/STM32L1xx_HAL_Driver/Src/stm32l1xx_hal_rtc.o
                0x0000000008006560                HAL_RTC_AlarmIRQHandler
 .text.HAL_RTC_WaitForSynchro
                0x00000000080065ec       0x5a ./Drivers/STM32L1xx_HAL_Driver/Src/stm32l1xx_hal_rtc.o
                0x00000000080065ec                HAL_RTC_WaitForSynchro
 .text.RTC_EnterInitMode
                0x0000000008006646       0x54 ./Drivers/STM32L1xx_HAL_Driver/Src/stm32l1xx_hal_rtc.o
                0x0000000008006646                RTC_EnterInitMode
 .text.RTC_ByteToBcd2
                0x000000000800669a       0x3e ./Drivers/STM32L1xx_HAL_Driver/Src/stm32l1xx_hal_rtc.o
                0x000000000800669a                RTC_ByteToBcd2
 .text.RTC_Bcd2ToByte
                0x00000000080066d8       0x36 ./Drivers/STM32L1xx_HAL_Driver/Src/stm32l1xx_hal_rtc.o
                0x00000000080066d8                RTC_Bcd2ToByte
 .text.HAL_RTCEx_BKUPWrite
                0x000000000800670e       0x2e ./Drivers/STM32L1xx_HAL_Driver/Src/stm32l1xx_hal_rtc_ex.o
                0x000000000800670e                HAL_RTCEx_BKUPWrite
 .text.HAL_RTCEx_AlarmBEventCallback
                0x000000000800673c       0x12 ./Drivers/STM32L1xx_HAL_Driver/Src/stm32l1xx_hal_rtc_ex.o
                0x000000000800673c                HAL_RTCEx_AlarmBEventCallback
 .text.HAL_SPI_Init
                0x000000000800674e      0x112 ./Drivers/STM32L1xx_HAL_Driver/Src/stm32l1xx_hal_spi.o
                0x000000000800674e                HAL_SPI_Init
 .text.HAL_SPI_Transmit
                0x0000000008006860      0x278 ./Drivers/STM32L1xx_HAL_Driver/Src/stm32l1xx_hal_spi.o
                0x0000000008006860                HAL_SPI_Transmit
 .text.HAL_SPI_TransmitReceive
                0x0000000008006ad8      0x344 ./Drivers/STM32L1xx_HAL_Driver/Src/stm32l1xx_hal_spi.o
                0x0000000008006ad8                HAL_SPI_TransmitReceive
 .text.SPI_WaitFlagStateUntilTimeout
                0x0000000008006e1c      0x110 ./Drivers/STM32L1xx_HAL_Driver/Src/stm32l1xx_hal_spi.o
 .text.SPI_EndRxTxTransaction
                0x0000000008006f2c       0x84 ./Drivers/STM32L1xx_HAL_Driver/Src/stm32l1xx_hal_spi.o
 .text.HAL_UART_Init
                0x0000000008006fb0       0x9a ./Drivers/STM32L1xx_HAL_Driver/Src/stm32l1xx_hal_uart.o
                0x0000000008006fb0                HAL_UART_Init
 .text.HAL_UART_Transmit
                0x000000000800704a      0x124 ./Drivers/STM32L1xx_HAL_Driver/Src/stm32l1xx_hal_uart.o
                0x000000000800704a                HAL_UART_Transmit
 .text.HAL_UARTEx_ReceiveToIdle_DMA
                0x000000000800716e       0x9e ./Drivers/STM32L1xx_HAL_Driver/Src/stm32l1xx_hal_uart.o
                0x000000000800716e                HAL_UARTEx_ReceiveToIdle_DMA
 .text.HAL_UART_IRQHandler
                0x000000000800720c      0x354 ./Drivers/STM32L1xx_HAL_Driver/Src/stm32l1xx_hal_uart.o
                0x000000000800720c                HAL_UART_IRQHandler
 .text.HAL_UART_TxCpltCallback
                0x0000000008007560       0x12 ./Drivers/STM32L1xx_HAL_Driver/Src/stm32l1xx_hal_uart.o
                0x0000000008007560                HAL_UART_TxCpltCallback
 .text.HAL_UART_RxCpltCallback
                0x0000000008007572       0x12 ./Drivers/STM32L1xx_HAL_Driver/Src/stm32l1xx_hal_uart.o
                0x0000000008007572                HAL_UART_RxCpltCallback
 .text.HAL_UART_RxHalfCpltCallback
                0x0000000008007584       0x12 ./Drivers/STM32L1xx_HAL_Driver/Src/stm32l1xx_hal_uart.o
                0x0000000008007584                HAL_UART_RxHalfCpltCallback
 .text.HAL_UART_ErrorCallback
                0x0000000008007596       0x12 ./Drivers/STM32L1xx_HAL_Driver/Src/stm32l1xx_hal_uart.o
                0x0000000008007596                HAL_UART_ErrorCallback
 .text.UART_DMAReceiveCplt
                0x00000000080075a8       0x96 ./Drivers/STM32L1xx_HAL_Driver/Src/stm32l1xx_hal_uart.o
 .text.UART_DMARxHalfCplt
                0x000000000800763e       0x36 ./Drivers/STM32L1xx_HAL_Driver/Src/stm32l1xx_hal_uart.o
 .text.UART_DMAError
                0x0000000008007674       0x94 ./Drivers/STM32L1xx_HAL_Driver/Src/stm32l1xx_hal_uart.o
 .text.UART_WaitOnFlagUntilTimeout
                0x0000000008007708       0x94 ./Drivers/STM32L1xx_HAL_Driver/Src/stm32l1xx_hal_uart.o
 .text.UART_Start_Receive_DMA
                0x000000000800779c       0xc8 ./Drivers/STM32L1xx_HAL_Driver/Src/stm32l1xx_hal_uart.o
                0x000000000800779c                UART_Start_Receive_DMA
 .text.UART_EndTxTransfer
                0x0000000008007864       0x2a ./Drivers/STM32L1xx_HAL_Driver/Src/stm32l1xx_hal_uart.o
 .text.UART_EndRxTransfer
                0x000000000800788e       0x58 ./Drivers/STM32L1xx_HAL_Driver/Src/stm32l1xx_hal_uart.o
 .text.UART_DMAAbortOnError
                0x00000000080078e6       0x28 ./Drivers/STM32L1xx_HAL_Driver/Src/stm32l1xx_hal_uart.o
 .text.UART_Transmit_IT
                0x000000000800790e       0x9e ./Drivers/STM32L1xx_HAL_Driver/Src/stm32l1xx_hal_uart.o
 .text.UART_EndTransmit_IT
                0x00000000080079ac       0x30 ./Drivers/STM32L1xx_HAL_Driver/Src/stm32l1xx_hal_uart.o
 .text.UART_Receive_IT
                0x00000000080079dc      0x152 ./Drivers/STM32L1xx_HAL_Driver/Src/stm32l1xx_hal_uart.o
 *fill*         0x0000000008007b2e        0x2 
 .text.UART_SetConfig
                0x0000000008007b30      0x1c8 ./Drivers/STM32L1xx_HAL_Driver/Src/stm32l1xx_hal_uart.o
 .text.MX_FATFS_Init
                0x0000000008007cf8       0x24 ./FATFS/App/fatfs.o
                0x0000000008007cf8                MX_FATFS_Init
 .text.get_fattime
                0x0000000008007d1c        0xe ./FATFS/App/fatfs.o
                0x0000000008007d1c                get_fattime
 .text.USER_initialize
                0x0000000008007d2a       0x1c ./FATFS/Target/user_diskio.o
                0x0000000008007d2a                USER_initialize
 .text.USER_status
                0x0000000008007d46       0x1c ./FATFS/Target/user_diskio.o
                0x0000000008007d46                USER_status
 .text.USER_read
                0x0000000008007d62       0x26 ./FATFS/Target/user_diskio.o
                0x0000000008007d62                USER_read
 .text.USER_write
                0x0000000008007d88       0x26 ./FATFS/Target/user_diskio.o
                0x0000000008007d88                USER_write
 .text.USER_ioctl
                0x0000000008007dae       0x26 ./FATFS/Target/user_diskio.o
                0x0000000008007dae                USER_ioctl
 .text.disk_status
                0x0000000008007dd4       0x34 ./Middlewares/Third_Party/FatFs/src/diskio.o
                0x0000000008007dd4                disk_status
 .text.disk_initialize
                0x0000000008007e08       0x4c ./Middlewares/Third_Party/FatFs/src/diskio.o
                0x0000000008007e08                disk_initialize
 .text.disk_read
                0x0000000008007e54       0x40 ./Middlewares/Third_Party/FatFs/src/diskio.o
                0x0000000008007e54                disk_read
 .text.disk_write
                0x0000000008007e94       0x40 ./Middlewares/Third_Party/FatFs/src/diskio.o
                0x0000000008007e94                disk_write
 .text.disk_ioctl
                0x0000000008007ed4       0x3c ./Middlewares/Third_Party/FatFs/src/diskio.o
                0x0000000008007ed4                disk_ioctl
 .text.ld_word  0x0000000008007f10       0x2e ./Middlewares/Third_Party/FatFs/src/ff.o
 .text.ld_dword
                0x0000000008007f3e       0x44 ./Middlewares/Third_Party/FatFs/src/ff.o
 .text.st_word  0x0000000008007f82       0x34 ./Middlewares/Third_Party/FatFs/src/ff.o
 .text.st_dword
                0x0000000008007fb6       0x56 ./Middlewares/Third_Party/FatFs/src/ff.o
 .text.mem_cpy  0x000000000800800c       0x40 ./Middlewares/Third_Party/FatFs/src/ff.o
 .text.mem_set  0x000000000800804c       0x34 ./Middlewares/Third_Party/FatFs/src/ff.o
 .text.mem_cmp  0x0000000008008080       0x4c ./Middlewares/Third_Party/FatFs/src/ff.o
 .text.chk_chr  0x00000000080080cc       0x34 ./Middlewares/Third_Party/FatFs/src/ff.o
 .text.chk_lock
                0x0000000008008100       0xb4 ./Middlewares/Third_Party/FatFs/src/ff.o
 .text.enq_lock
                0x00000000080081b4       0x40 ./Middlewares/Third_Party/FatFs/src/ff.o
 .text.inc_lock
                0x00000000080081f4      0x11c ./Middlewares/Third_Party/FatFs/src/ff.o
 .text.dec_lock
                0x0000000008008310       0x74 ./Middlewares/Third_Party/FatFs/src/ff.o
 .text.clear_lock
                0x0000000008008384       0x48 ./Middlewares/Third_Party/FatFs/src/ff.o
 .text.sync_window
                0x00000000080083cc       0x88 ./Middlewares/Third_Party/FatFs/src/ff.o
 .text.move_window
                0x0000000008008454       0x5a ./Middlewares/Third_Party/FatFs/src/ff.o
 *fill*         0x00000000080084ae        0x2 
 .text.sync_fs  0x00000000080084b0       0xe0 ./Middlewares/Third_Party/FatFs/src/ff.o
 .text.clust2sect
                0x0000000008008590       0x3c ./Middlewares/Third_Party/FatFs/src/ff.o
 .text.get_fat  0x00000000080085cc      0x1a8 ./Middlewares/Third_Party/FatFs/src/ff.o
 .text.put_fat  0x0000000008008774      0x238 ./Middlewares/Third_Party/FatFs/src/ff.o
 .text.remove_chain
                0x00000000080089ac       0xca ./Middlewares/Third_Party/FatFs/src/ff.o
 .text.create_chain
                0x0000000008008a76      0x130 ./Middlewares/Third_Party/FatFs/src/ff.o
 .text.clmt_clust
                0x0000000008008ba6       0x6e ./Middlewares/Third_Party/FatFs/src/ff.o
 .text.dir_sdi  0x0000000008008c14      0x112 ./Middlewares/Third_Party/FatFs/src/ff.o
 .text.dir_next
                0x0000000008008d26      0x1ac ./Middlewares/Third_Party/FatFs/src/ff.o
 .text.dir_alloc
                0x0000000008008ed2       0x8e ./Middlewares/Third_Party/FatFs/src/ff.o
 .text.ld_clust
                0x0000000008008f60       0x3e ./Middlewares/Third_Party/FatFs/src/ff.o
 .text.st_clust
                0x0000000008008f9e       0x40 ./Middlewares/Third_Party/FatFs/src/ff.o
 *fill*         0x0000000008008fde        0x2 
 .text.cmp_lfn  0x0000000008008fe0       0xe0 ./Middlewares/Third_Party/FatFs/src/ff.o
 .text.pick_lfn
                0x00000000080090c0       0xc8 ./Middlewares/Third_Party/FatFs/src/ff.o
 .text.put_lfn  0x0000000008009188       0xd0 ./Middlewares/Third_Party/FatFs/src/ff.o
 .text.gen_numname
                0x0000000008009258      0x120 ./Middlewares/Third_Party/FatFs/src/ff.o
 .text.sum_sfn  0x0000000008009378       0x40 ./Middlewares/Third_Party/FatFs/src/ff.o
 .text.dir_read
                0x00000000080093b8      0x14e ./Middlewares/Third_Party/FatFs/src/ff.o
 .text.dir_find
                0x0000000008009506      0x180 ./Middlewares/Third_Party/FatFs/src/ff.o
 *fill*         0x0000000008009686        0x2 
 .text.dir_register
                0x0000000008009688      0x1f0 ./Middlewares/Third_Party/FatFs/src/ff.o
 .text.dir_remove
                0x0000000008009878       0x94 ./Middlewares/Third_Party/FatFs/src/ff.o
 .text.get_fileinfo
                0x000000000800990c      0x1ba ./Middlewares/Third_Party/FatFs/src/ff.o
 *fill*         0x0000000008009ac6        0x2 
 .text.create_name
                0x0000000008009ac8      0x370 ./Middlewares/Third_Party/FatFs/src/ff.o
 .text.follow_path
                0x0000000008009e38       0xec ./Middlewares/Third_Party/FatFs/src/ff.o
 .text.get_ldnumber
                0x0000000008009f24       0x86 ./Middlewares/Third_Party/FatFs/src/ff.o
 *fill*         0x0000000008009faa        0x2 
 .text.check_fs
                0x0000000008009fac       0xac ./Middlewares/Third_Party/FatFs/src/ff.o
 .text.find_volume
                0x000000000800a058      0x510 ./Middlewares/Third_Party/FatFs/src/ff.o
 .text.validate
                0x000000000800a568       0x6a ./Middlewares/Third_Party/FatFs/src/ff.o
 *fill*         0x000000000800a5d2        0x2 
 .text.f_mount  0x000000000800a5d4       0x8c ./Middlewares/Third_Party/FatFs/src/ff.o
                0x000000000800a5d4                f_mount
 .text.f_open   0x000000000800a660      0x368 ./Middlewares/Third_Party/FatFs/src/ff.o
                0x000000000800a660                f_open
 .text.f_read   0x000000000800a9c8      0x272 ./Middlewares/Third_Party/FatFs/src/ff.o
                0x000000000800a9c8                f_read
 .text.f_write  0x000000000800ac3a      0x310 ./Middlewares/Third_Party/FatFs/src/ff.o
                0x000000000800ac3a                f_write
 .text.f_sync   0x000000000800af4a       0xc6 ./Middlewares/Third_Party/FatFs/src/ff.o
                0x000000000800af4a                f_sync
 .text.f_close  0x000000000800b010       0x54 ./Middlewares/Third_Party/FatFs/src/ff.o
                0x000000000800b010                f_close
 .text.f_lseek  0x000000000800b064      0x38c ./Middlewares/Third_Party/FatFs/src/ff.o
                0x000000000800b064                f_lseek
 .text.f_stat   0x000000000800b3f0       0x72 ./Middlewares/Third_Party/FatFs/src/ff.o
                0x000000000800b3f0                f_stat
 .text.f_unlink
                0x000000000800b462      0x156 ./Middlewares/Third_Party/FatFs/src/ff.o
                0x000000000800b462                f_unlink
 .text.f_mkdir  0x000000000800b5b8      0x21a ./Middlewares/Third_Party/FatFs/src/ff.o
                0x000000000800b5b8                f_mkdir
 .text.f_gets   0x000000000800b7d2       0x7a ./Middlewares/Third_Party/FatFs/src/ff.o
                0x000000000800b7d2                f_gets
 .text.FATFS_LinkDriverEx
                0x000000000800b84c       0x94 ./Middlewares/Third_Party/FatFs/src/ff_gen_drv.o
                0x000000000800b84c                FATFS_LinkDriverEx
 .text.FATFS_LinkDriver
                0x000000000800b8e0       0x1e ./Middlewares/Third_Party/FatFs/src/ff_gen_drv.o
                0x000000000800b8e0                FATFS_LinkDriver
 *fill*         0x000000000800b8fe        0x2 
 .text.ff_convert
                0x000000000800b900       0x74 ./Middlewares/Third_Party/FatFs/src/option/ccsbcs.o
                0x000000000800b900                ff_convert
 .text.ff_wtoupper
                0x000000000800b974      0x110 ./Middlewares/Third_Party/FatFs/src/option/ccsbcs.o
                0x000000000800b974                ff_wtoupper
 .text.BATTERY_init
                0x000000000800ba84      0x10c ./THT_Libraries/Low Libraries/battery.o
                0x000000000800ba84                BATTERY_init
 .text.BATTERY_getPowerState
                0x000000000800bb90       0x26 ./THT_Libraries/Low Libraries/battery.o
                0x000000000800bb90                BATTERY_getPowerState
 *fill*         0x000000000800bbb6        0x2 
 .text.BATTERY_getBatteryPercent
                0x000000000800bbb8       0xec ./THT_Libraries/Low Libraries/battery.o
                0x000000000800bbb8                BATTERY_getBatteryPercent
 .text.BATTERY_getBatteryVoltage
                0x000000000800bca4       0x88 ./THT_Libraries/Low Libraries/battery.o
                0x000000000800bca4                BATTERY_getBatteryVoltage
 .text.BQ_readRegister
                0x000000000800bd2c       0x64 ./THT_Libraries/Low Libraries/bq2429x.o
 .text.BQ_writeRegister
                0x000000000800bd90       0x70 ./THT_Libraries/Low Libraries/bq2429x.o
 .text.BQ_init  0x000000000800be00       0x84 ./THT_Libraries/Low Libraries/bq2429x.o
                0x000000000800be00                BQ_init
 .text.BQ_readStatus
                0x000000000800be84       0x2a ./THT_Libraries/Low Libraries/bq2429x.o
                0x000000000800be84                BQ_readStatus
 .text.BQ_getPowerState
                0x000000000800beae       0x38 ./THT_Libraries/Low Libraries/bq2429x.o
                0x000000000800beae                BQ_getPowerState
 *fill*         0x000000000800bee6        0x2 
 .text.SELECT   0x000000000800bee8       0x20 ./THT_Libraries/Low Libraries/fatfs_sd.o
 .text.DESELECT
                0x000000000800bf08       0x20 ./THT_Libraries/Low Libraries/fatfs_sd.o
 .text.SPI_TxByte
                0x000000000800bf28       0x34 ./THT_Libraries/Low Libraries/fatfs_sd.o
 .text.SPI_TxBuffer
                0x000000000800bf5c       0x34 ./THT_Libraries/Low Libraries/fatfs_sd.o
 .text.SPI_RxByte
                0x000000000800bf90       0x38 ./THT_Libraries/Low Libraries/fatfs_sd.o
 .text.SPI_RxBytePtr
                0x000000000800bfc8       0x1c ./THT_Libraries/Low Libraries/fatfs_sd.o
 .text.SD_ReadyWait
                0x000000000800bfe4       0x34 ./THT_Libraries/Low Libraries/fatfs_sd.o
 .text.SD_PowerOn
                0x000000000800c018       0x84 ./THT_Libraries/Low Libraries/fatfs_sd.o
 .text.SD_PowerOff
                0x000000000800c09c       0x18 ./THT_Libraries/Low Libraries/fatfs_sd.o
 .text.SD_CheckPower
                0x000000000800c0b4       0x14 ./THT_Libraries/Low Libraries/fatfs_sd.o
 .text.SD_RxDataBlock
                0x000000000800c0c8       0x5c ./THT_Libraries/Low Libraries/fatfs_sd.o
 .text.SD_TxDataBlock
                0x000000000800c124       0x86 ./THT_Libraries/Low Libraries/fatfs_sd.o
 .text.SD_SendCmd
                0x000000000800c1aa       0xa8 ./THT_Libraries/Low Libraries/fatfs_sd.o
 *fill*         0x000000000800c252        0x2 
 .text.SD_disk_initialize
                0x000000000800c254      0x1cc ./THT_Libraries/Low Libraries/fatfs_sd.o
                0x000000000800c254                SD_disk_initialize
 .text.SD_disk_status
                0x000000000800c420       0x28 ./THT_Libraries/Low Libraries/fatfs_sd.o
                0x000000000800c420                SD_disk_status
 .text.SD_disk_read
                0x000000000800c448       0xd4 ./THT_Libraries/Low Libraries/fatfs_sd.o
                0x000000000800c448                SD_disk_read
 .text.SD_disk_write
                0x000000000800c51c      0x108 ./THT_Libraries/Low Libraries/fatfs_sd.o
                0x000000000800c51c                SD_disk_write
 .text.SD_disk_ioctl
                0x000000000800c624      0x25c ./THT_Libraries/Low Libraries/fatfs_sd.o
                0x000000000800c624                SD_disk_ioctl
 .text.SD_mount
                0x000000000800c880       0x34 ./THT_Libraries/Low Libraries/sd.o
                0x000000000800c880                SD_mount
 .text.SD_unmount
                0x000000000800c8b4       0x30 ./THT_Libraries/Low Libraries/sd.o
                0x000000000800c8b4                SD_unmount
 .text.SD_createFile
                0x000000000800c8e4       0x8c ./THT_Libraries/Low Libraries/sd.o
                0x000000000800c8e4                SD_createFile
 .text.SD_updateFile
                0x000000000800c970       0xcc ./THT_Libraries/Low Libraries/sd.o
                0x000000000800c970                SD_updateFile
 .text.SD_getFileSize
                0x000000000800ca3c       0x54 ./THT_Libraries/Low Libraries/sd.o
                0x000000000800ca3c                SD_getFileSize
 .text.SD_createDir
                0x000000000800ca90       0x74 ./THT_Libraries/Low Libraries/sd.o
                0x000000000800ca90                SD_createDir
 .text.SIM7600_sendATCommand
                0x000000000800cb04      0x144 ./THT_Libraries/Low Libraries/sim7600.o
                0x000000000800cb04                SIM7600_sendATCommand
 .text.SIM7600_wakeup
                0x000000000800cc48       0x32 ./THT_Libraries/Low Libraries/sim7600.o
                0x000000000800cc48                SIM7600_wakeup
 *fill*         0x000000000800cc7a        0x2 
 .text.SIM7600_sleep
                0x000000000800cc7c       0x50 ./THT_Libraries/Low Libraries/sim7600.o
                0x000000000800cc7c                SIM7600_sleep
 .text.SIM7600_init
                0x000000000800cccc      0x270 ./THT_Libraries/Low Libraries/sim7600.o
                0x000000000800cccc                SIM7600_init
 .text.SIM7600_setFunction
                0x000000000800cf3c       0x5c ./THT_Libraries/Low Libraries/sim7600.o
                0x000000000800cf3c                SIM7600_setFunction
 .text.SIM7600_process
                0x000000000800cf98      0x148 ./THT_Libraries/Low Libraries/sim7600.o
                0x000000000800cf98                SIM7600_process
 .text.SIM7600_checkEvent
                0x000000000800d0e0       0xcc ./THT_Libraries/Low Libraries/sim7600.o
                0x000000000800d0e0                SIM7600_checkEvent
 .text.SIM7600_readSMS
                0x000000000800d1ac      0x110 ./THT_Libraries/Low Libraries/sim7600.o
                0x000000000800d1ac                SIM7600_readSMS
 .text.SIM7600_sendSMS
                0x000000000800d2bc      0x220 ./THT_Libraries/Low Libraries/sim7600.o
                0x000000000800d2bc                SIM7600_sendSMS
 .text.SIM7600_getSMSCounter
                0x000000000800d4dc       0x90 ./THT_Libraries/Low Libraries/sim7600.o
                0x000000000800d4dc                SIM7600_getSMSCounter
 .text.SIM7600_callUSSD
                0x000000000800d56c       0xb4 ./THT_Libraries/Low Libraries/sim7600.o
                0x000000000800d56c                SIM7600_callUSSD
 .text.SIM7600_getRSSI
                0x000000000800d620       0x74 ./THT_Libraries/Low Libraries/sim7600.o
                0x000000000800d620                SIM7600_getRSSI
 .text.SIM7600_getNetworkType
                0x000000000800d694      0x10c ./THT_Libraries/Low Libraries/sim7600.o
                0x000000000800d694                SIM7600_getNetworkType
 .text.SIM7600_getTemperature
                0x000000000800d7a0       0x6c ./THT_Libraries/Low Libraries/sim7600.o
                0x000000000800d7a0                SIM7600_getTemperature
 .text.SIM7600_getSimPhone
                0x000000000800d80c      0x20c ./THT_Libraries/Low Libraries/sim7600.o
                0x000000000800d80c                SIM7600_getSimPhone
 .text.SIM7600_getIMEI
                0x000000000800da18       0x9c ./THT_Libraries/Low Libraries/sim7600.o
                0x000000000800da18                SIM7600_getIMEI
 .text.SIM7600_getLocalTime
                0x000000000800dab4       0xb4 ./THT_Libraries/Low Libraries/sim7600.o
                0x000000000800dab4                SIM7600_getLocalTime
 .text.SIM7600_getFileSize
                0x000000000800db68       0xc0 ./THT_Libraries/Low Libraries/sim7600.o
                0x000000000800db68                SIM7600_getFileSize
 .text.SIM7600_deleteFile
                0x000000000800dc28       0x64 ./THT_Libraries/Low Libraries/sim7600.o
                0x000000000800dc28                SIM7600_deleteFile
 .text.SIM7600_setLocalTimeAuto
                0x000000000800dc8c       0xfc ./THT_Libraries/Low Libraries/sim7600.o
                0x000000000800dc8c                SIM7600_setLocalTimeAuto
 .text.SIM7600_setLocalTimeManual
                0x000000000800dd88       0x70 ./THT_Libraries/Low Libraries/sim7600.o
                0x000000000800dd88                SIM7600_setLocalTimeManual
 .text.SIM7600_selectPhonebookMem
                0x000000000800ddf8       0x3c ./THT_Libraries/Low Libraries/sim7600.o
                0x000000000800ddf8                SIM7600_selectPhonebookMem
 .text.SIM7600_savePhonebook
                0x000000000800de34       0x80 ./THT_Libraries/Low Libraries/sim7600.o
                0x000000000800de34                SIM7600_savePhonebook
 .text.SIM7600_readPhonebook
                0x000000000800deb4       0xa0 ./THT_Libraries/Low Libraries/sim7600.o
                0x000000000800deb4                SIM7600_readPhonebook
 .text.SIM7600_findPhonebook
                0x000000000800df54       0x64 ./THT_Libraries/Low Libraries/sim7600.o
                0x000000000800df54                SIM7600_findPhonebook
 .text.SIM7600_sendHTTP
                0x000000000800dfb8      0x39c ./THT_Libraries/Low Libraries/sim7600.o
                0x000000000800dfb8                SIM7600_sendHTTP
 .text.SIM7600_getFileHTTP
                0x000000000800e354      0x180 ./THT_Libraries/Low Libraries/sim7600.o
                0x000000000800e354                SIM7600_getFileHTTP
 .text.CLOCK_init
                0x000000000800e4d4      0x118 ./THT_Libraries/Middle Libraries/clock.o
                0x000000000800e4d4                CLOCK_init
 .text.CLOCK_callback
                0x000000000800e5ec       0xde ./THT_Libraries/Middle Libraries/clock.o
                0x000000000800e5ec                CLOCK_callback
 *fill*         0x000000000800e6ca        0x2 
 .text.CLOCK_setTime
                0x000000000800e6cc      0x16c ./THT_Libraries/Middle Libraries/clock.o
                0x000000000800e6cc                CLOCK_setTime
 .text.CLOCK_setAlarm
                0x000000000800e838       0xfc ./THT_Libraries/Middle Libraries/clock.o
                0x000000000800e838                CLOCK_setAlarm
 .text.CLOCK_setResetTime
                0x000000000800e934       0x78 ./THT_Libraries/Middle Libraries/clock.o
                0x000000000800e934                CLOCK_setResetTime
 .text.CLOCK_getResetTimeString
                0x000000000800e9ac       0x70 ./THT_Libraries/Middle Libraries/clock.o
                0x000000000800e9ac                CLOCK_getResetTimeString
 .text.CLOCK_getCurrentTimeString
                0x000000000800ea1c       0x84 ./THT_Libraries/Middle Libraries/clock.o
                0x000000000800ea1c                CLOCK_getCurrentTimeString
 .text.CLOCK_setLastAlarm
                0x000000000800eaa0       0x4a ./THT_Libraries/Middle Libraries/clock.o
                0x000000000800eaa0                CLOCK_setLastAlarm
 *fill*         0x000000000800eaea        0x2 
 .text.CLOCK_getLastAlarmString
                0x000000000800eaec       0x54 ./THT_Libraries/Middle Libraries/clock.o
                0x000000000800eaec                CLOCK_getLastAlarmString
 .text.CLOCK_setNextAlarm
                0x000000000800eb40       0xba ./THT_Libraries/Middle Libraries/clock.o
                0x000000000800eb40                CLOCK_setNextAlarm
 *fill*         0x000000000800ebfa        0x2 
 .text.CLOCK_getNextAlarmString
                0x000000000800ebfc       0x54 ./THT_Libraries/Middle Libraries/clock.o
                0x000000000800ebfc                CLOCK_getNextAlarmString
 .text.CLOCK_getPeriodTimeString
                0x000000000800ec50      0x108 ./THT_Libraries/Middle Libraries/clock.o
                0x000000000800ec50                CLOCK_getPeriodTimeString
 .text.CLOCK_setSendPeriod
                0x000000000800ed58       0x36 ./THT_Libraries/Middle Libraries/clock.o
                0x000000000800ed58                CLOCK_setSendPeriod
 .text.CLOCK_getSendPeriod
                0x000000000800ed8e       0x22 ./THT_Libraries/Middle Libraries/clock.o
                0x000000000800ed8e                CLOCK_getSendPeriod
 .text.CLOCK_setReadPeriod
                0x000000000800edb0       0x40 ./THT_Libraries/Middle Libraries/clock.o
                0x000000000800edb0                CLOCK_setReadPeriod
 .text.CLOCK_createPathForSD
                0x000000000800edf0       0x70 ./THT_Libraries/Middle Libraries/clock.o
                0x000000000800edf0                CLOCK_createPathForSD
 .text.CLOCK_readEPPROMs
                0x000000000800ee60       0x74 ./THT_Libraries/Middle Libraries/clock.o
                0x000000000800ee60                CLOCK_readEPPROMs
 .text.CLOCK_writeEPPROMs
                0x000000000800eed4       0x88 ./THT_Libraries/Middle Libraries/clock.o
                0x000000000800eed4                CLOCK_writeEPPROMs
 .text.CFG_setMode
                0x000000000800ef5c       0x38 ./THT_Libraries/Middle Libraries/dev_config.o
                0x000000000800ef5c                CFG_setMode
 .text.CFG_setDeviceID
                0x000000000800ef94       0x5a ./THT_Libraries/Middle Libraries/dev_config.o
                0x000000000800ef94                CFG_setDeviceID
 .text.CFG_setGate
                0x000000000800efee       0x86 ./THT_Libraries/Middle Libraries/dev_config.o
                0x000000000800efee                CFG_setGate
 .text.CFG_setURL
                0x000000000800f074       0x54 ./THT_Libraries/Middle Libraries/dev_config.o
                0x000000000800f074                CFG_setURL
 .text.CFG_getDeviceID
                0x000000000800f0c8       0x20 ./THT_Libraries/Middle Libraries/dev_config.o
                0x000000000800f0c8                CFG_getDeviceID
 .text.CFG_getGateSend
                0x000000000800f0e8       0x20 ./THT_Libraries/Middle Libraries/dev_config.o
                0x000000000800f0e8                CFG_getGateSend
 .text.CFG_getGateRead
                0x000000000800f108       0x20 ./THT_Libraries/Middle Libraries/dev_config.o
                0x000000000800f108                CFG_getGateRead
 .text.CFG_getURL
                0x000000000800f128       0x20 ./THT_Libraries/Middle Libraries/dev_config.o
                0x000000000800f128                CFG_getURL
 .text.CFG_readEEPROM
                0x000000000800f148      0x1e4 ./THT_Libraries/Middle Libraries/dev_config.o
                0x000000000800f148                CFG_readEEPROM
 .text.CFG_writeEEPROM
                0x000000000800f32c      0x294 ./THT_Libraries/Middle Libraries/dev_config.o
                0x000000000800f32c                CFG_writeEEPROM
 .text.FOTA_process
                0x000000000800f5c0      0x11a ./THT_Libraries/Middle Libraries/fota.o
                0x000000000800f5c0                FOTA_process
 .text.FOTA_setDownloadURL
                0x000000000800f6da       0x5a ./THT_Libraries/Middle Libraries/fota.o
                0x000000000800f6da                FOTA_setDownloadURL
 .text.FOTA_parseFirmawreInfo
                0x000000000800f734      0x124 ./THT_Libraries/Middle Libraries/fota.o
                0x000000000800f734                FOTA_parseFirmawreInfo
 .text.FOTA_compareVersion
                0x000000000800f858       0xa0 ./THT_Libraries/Middle Libraries/fota.o
                0x000000000800f858                FOTA_compareVersion
 .text.FOTA_downloadFirmware
                0x000000000800f8f8       0x30 ./THT_Libraries/Middle Libraries/fota.o
                0x000000000800f8f8                FOTA_downloadFirmware
 .text.FOTA_writeFirmware
                0x000000000800f928      0x2f0 ./THT_Libraries/Middle Libraries/fota.o
                0x000000000800f928                FOTA_writeFirmware
 .text.FOTA_getCurrentAddress
                0x000000000800fc18       0x14 ./THT_Libraries/Middle Libraries/fota.o
                0x000000000800fc18                FOTA_getCurrentAddress
 .text.FOTA_getCurrentVersion
                0x000000000800fc2c       0x4c ./THT_Libraries/Middle Libraries/fota.o
                0x000000000800fc2c                FOTA_getCurrentVersion
 .text.FOTA_writeEPPROMs
                0x000000000800fc78      0x10c ./THT_Libraries/Middle Libraries/fota.o
                0x000000000800fc78                FOTA_writeEPPROMs
 .text.HTTP_process
                0x000000000800fd84      0x150 ./THT_Libraries/Middle Libraries/http.o
                0x000000000800fd84                HTTP_process
 .text.HTTP_init
                0x000000000800fed4       0x78 ./THT_Libraries/Middle Libraries/http.o
                0x000000000800fed4                HTTP_init
 .text.HTTP_checkResponse
                0x000000000800ff4c       0xbc ./THT_Libraries/Middle Libraries/http.o
                0x000000000800ff4c                HTTP_checkResponse
 .text.HTTP_sendCurrentData
                0x0000000008010008      0x3b8 ./THT_Libraries/Middle Libraries/http.o
                0x0000000008010008                HTTP_sendCurrentData
 .text.HTTP_sendLastData
                0x00000000080103c0      0x150 ./THT_Libraries/Middle Libraries/http.o
                0x00000000080103c0                HTTP_sendLastData
 .text.HTTP_sendBatteryWarn
                0x0000000008010510      0x274 ./THT_Libraries/Middle Libraries/http.o
                0x0000000008010510                HTTP_sendBatteryWarn
 .text.HTTP_sendSensorWarn
                0x0000000008010784      0x290 ./THT_Libraries/Middle Libraries/http.o
                0x0000000008010784                HTTP_sendSensorWarn
 .text.HTTP_sendGetConfig
                0x0000000008010a14      0x138 ./THT_Libraries/Middle Libraries/http.o
                0x0000000008010a14                HTTP_sendGetConfig
 .text.HTTP_sendGetFirmwareURL
                0x0000000008010b4c       0x84 ./THT_Libraries/Middle Libraries/http.o
                0x0000000008010b4c                HTTP_sendGetFirmwareURL
 .text.HTTP_downloadFile
                0x0000000008010bd0       0x38 ./THT_Libraries/Middle Libraries/http.o
                0x0000000008010bd0                HTTP_downloadFile
 .text.SENSOR_getRainfallInHour
                0x0000000008010c08       0x2e ./THT_Libraries/Middle Libraries/level_sensor.o
                0x0000000008010c08                SENSOR_getRainfallInHour
 *fill*         0x0000000008010c36        0x2 
 .text.SENSOR_callback
                0x0000000008010c38      0x120 ./THT_Libraries/Middle Libraries/level_sensor.o
                0x0000000008010c38                SENSOR_callback
 .text.SENSOR_setWarning
                0x0000000008010d58       0x2a ./THT_Libraries/Middle Libraries/level_sensor.o
                0x0000000008010d58                SENSOR_setWarning
 .text.SENSOR_setValue
                0x0000000008010d82       0x4e ./THT_Libraries/Middle Libraries/level_sensor.o
                0x0000000008010d82                SENSOR_setValue
 .text.SENSOR_getValuesString
                0x0000000008010dd0      0x268 ./THT_Libraries/Middle Libraries/level_sensor.o
                0x0000000008010dd0                SENSOR_getValuesString
 .text.SENSOR_clearValueIndex
                0x0000000008011038       0x26 ./THT_Libraries/Middle Libraries/level_sensor.o
                0x0000000008011038                SENSOR_clearValueIndex
 .text.SENSOR_indecValueIndex
                0x000000000801105e       0x4e ./THT_Libraries/Middle Libraries/level_sensor.o
                0x000000000801105e                SENSOR_indecValueIndex
 .text.SENSOR_clearRainfallValue
                0x00000000080110ac       0x4e ./THT_Libraries/Middle Libraries/level_sensor.o
                0x00000000080110ac                SENSOR_clearRainfallValue
 *fill*         0x00000000080110fa        0x2 
 .text.SENSOR_readBKUPRegister
                0x00000000080110fc       0xf4 ./THT_Libraries/Middle Libraries/level_sensor.o
                0x00000000080110fc                SENSOR_readBKUPRegister
 .text.SENSOR_writeBKUPRegister
                0x00000000080111f0       0xa8 ./THT_Libraries/Middle Libraries/level_sensor.o
                0x00000000080111f0                SENSOR_writeBKUPRegister
 .text.SENSOR_readEEPROMs
                0x0000000008011298       0x1e ./THT_Libraries/Middle Libraries/level_sensor.o
                0x0000000008011298                SENSOR_readEEPROMs
 *fill*         0x00000000080112b6        0x2 
 .text.SENSOR_writeEEPROMs
                0x00000000080112b8       0xb8 ./THT_Libraries/Middle Libraries/level_sensor.o
                0x00000000080112b8                SENSOR_writeEEPROMs
 .text.POWER_init
                0x0000000008011370       0x24 ./THT_Libraries/Middle Libraries/power.o
                0x0000000008011370                POWER_init
 .text.POWER_getBatPercent
                0x0000000008011394       0x24 ./THT_Libraries/Middle Libraries/power.o
                0x0000000008011394                POWER_getBatPercent
 .text.POWER_getBatVoltage
                0x00000000080113b8       0x26 ./THT_Libraries/Middle Libraries/power.o
                0x00000000080113b8                POWER_getBatVoltage
 .text.POWER_getPowerState
                0x00000000080113de       0x24 ./THT_Libraries/Middle Libraries/power.o
                0x00000000080113de                POWER_getPowerState
 *fill*         0x0000000008011402        0x2 
 .text.SDCARD_init
                0x0000000008011404       0x5c ./THT_Libraries/Middle Libraries/sdcard.o
                0x0000000008011404                SDCARD_init
 .text.SDCARD_mount
                0x0000000008011460       0x22 ./THT_Libraries/Middle Libraries/sdcard.o
                0x0000000008011460                SDCARD_mount
 .text.SDCARD_unmount
                0x0000000008011482       0x22 ./THT_Libraries/Middle Libraries/sdcard.o
                0x0000000008011482                SDCARD_unmount
 .text.SDCARD_getFileSize
                0x00000000080114a4       0x2c ./THT_Libraries/Middle Libraries/sdcard.o
                0x00000000080114a4                SDCARD_getFileSize
 .text.SDCARD_logData
                0x00000000080114d0       0x46 ./THT_Libraries/Middle Libraries/sdcard.o
                0x00000000080114d0                SDCARD_logData
 *fill*         0x0000000008011516        0x2 
 .text.SDCARD_setCurrentFile
                0x0000000008011518       0xb4 ./THT_Libraries/Middle Libraries/sdcard.o
                0x0000000008011518                SDCARD_setCurrentFile
 .text.SIM_getData
                0x00000000080115cc       0xc8 ./THT_Libraries/Middle Libraries/sim.o
                0x00000000080115cc                SIM_getData
 .text.SIM_sendATCommand
                0x0000000008011694       0x48 ./THT_Libraries/Middle Libraries/sim.o
                0x0000000008011694                SIM_sendATCommand
 .text.SIM_init
                0x00000000080116dc       0x26 ./THT_Libraries/Middle Libraries/sim.o
                0x00000000080116dc                SIM_init
 .text.SIM_wakeup
                0x0000000008011702       0x22 ./THT_Libraries/Middle Libraries/sim.o
                0x0000000008011702                SIM_wakeup
 .text.SIM_sleep
                0x0000000008011724       0x22 ./THT_Libraries/Middle Libraries/sim.o
                0x0000000008011724                SIM_sleep
 .text.SIM_setFunction
                0x0000000008011746       0x2e ./THT_Libraries/Middle Libraries/sim.o
                0x0000000008011746                SIM_setFunction
 .text.SIM_process
                0x0000000008011774       0x22 ./THT_Libraries/Middle Libraries/sim.o
                0x0000000008011774                SIM_process
 .text.SIM_checkEvent
                0x0000000008011796       0x2a ./THT_Libraries/Middle Libraries/sim.o
                0x0000000008011796                SIM_checkEvent
 .text.SIM_readSMS
                0x00000000080117c0       0x36 ./THT_Libraries/Middle Libraries/sim.o
                0x00000000080117c0                SIM_readSMS
 .text.SIM_sendSMS
                0x00000000080117f6       0x44 ./THT_Libraries/Middle Libraries/sim.o
                0x00000000080117f6                SIM_sendSMS
 .text.SIM_getSMSCounter
                0x000000000801183a       0x26 ./THT_Libraries/Middle Libraries/sim.o
                0x000000000801183a                SIM_getSMSCounter
 .text.SIM_getFileSize
                0x0000000008011860       0x30 ./THT_Libraries/Middle Libraries/sim.o
                0x0000000008011860                SIM_getFileSize
 .text.SIM_setLocalTimeAuto
                0x0000000008011890       0x26 ./THT_Libraries/Middle Libraries/sim.o
                0x0000000008011890                SIM_setLocalTimeAuto
 .text.SIM_setLocalTimeManual
                0x00000000080118b6       0x36 ./THT_Libraries/Middle Libraries/sim.o
                0x00000000080118b6                SIM_setLocalTimeManual
 .text.SIM_savePhonebook
                0x00000000080118ec       0x3e ./THT_Libraries/Middle Libraries/sim.o
                0x00000000080118ec                SIM_savePhonebook
 .text.SIM_readPhonebook
                0x000000000801192a       0x3e ./THT_Libraries/Middle Libraries/sim.o
                0x000000000801192a                SIM_readPhonebook
 .text.SIM_findPhonebook
                0x0000000008011968       0x30 ./THT_Libraries/Middle Libraries/sim.o
                0x0000000008011968                SIM_findPhonebook
 .text.SIM_sendHTTP
                0x0000000008011998       0x30 ./THT_Libraries/Middle Libraries/sim.o
                0x0000000008011998                SIM_sendHTTP
 .text.SIM_getFileHTTP
                0x00000000080119c8       0x3a ./THT_Libraries/Middle Libraries/sim.o
                0x00000000080119c8                SIM_getFileHTTP
 *fill*         0x0000000008011a02        0x2 
 .text.__NVIC_SystemReset
                0x0000000008011a04       0x2c ./THT_Libraries/Middle Libraries/sms.o
 .text.SMS_replySyntaxError
                0x0000000008011a30       0x48 ./THT_Libraries/Middle Libraries/sms.o
 .text.SMS_process
                0x0000000008011a78      0x11c ./THT_Libraries/Middle Libraries/sms.o
                0x0000000008011a78                SMS_process
 .text.SMS_checkNumber
                0x0000000008011b94       0xf8 ./THT_Libraries/Middle Libraries/sms.o
                0x0000000008011b94                SMS_checkNumber
 .text.SMS_checkSyntax
                0x0000000008011c8c       0xb4 ./THT_Libraries/Middle Libraries/sms.o
                0x0000000008011c8c                SMS_checkSyntax
 .text.SMS_debug
                0x0000000008011d40      0x2b8 ./THT_Libraries/Middle Libraries/sms.o
                0x0000000008011d40                SMS_debug
 .text.SMS_send
                0x0000000008011ff8      0x314 ./THT_Libraries/Middle Libraries/sms.o
                0x0000000008011ff8                SMS_send
 .text.SMS_setConfig
                0x000000000801230c      0x14c ./THT_Libraries/Middle Libraries/sms.o
                0x000000000801230c                SMS_setConfig
 .text.SMS_setDebug
                0x0000000008012458       0xcc ./THT_Libraries/Middle Libraries/sms.o
                0x0000000008012458                SMS_setDebug
 .text.SMS_setGate
                0x0000000008012524      0x130 ./THT_Libraries/Middle Libraries/sms.o
                0x0000000008012524                SMS_setGate
 .text.SMS_setID
                0x0000000008012654       0xf8 ./THT_Libraries/Middle Libraries/sms.o
                0x0000000008012654                SMS_setID
 .text.SMS_setURL
                0x000000000801274c       0xc8 ./THT_Libraries/Middle Libraries/sms.o
                0x000000000801274c                SMS_setURL
 .text.SMS_setTime
                0x0000000008012814      0x174 ./THT_Libraries/Middle Libraries/sms.o
                0x0000000008012814                SMS_setTime
 .text.SMS_restore
                0x0000000008012988      0x13c ./THT_Libraries/Middle Libraries/sms.o
                0x0000000008012988                SMS_restore
 .text.SMS_reset
                0x0000000008012ac4       0x90 ./THT_Libraries/Middle Libraries/sms.o
                0x0000000008012ac4                SMS_reset
 .text.SMS_update
                0x0000000008012b54      0x10c ./THT_Libraries/Middle Libraries/sms.o
                0x0000000008012b54                SMS_update
 .text.SMS_resend
                0x0000000008012c60      0x278 ./THT_Libraries/Middle Libraries/sms.o
                0x0000000008012c60                SMS_resend
 .text.SMS_setAdmin
                0x0000000008012ed8      0x1d8 ./THT_Libraries/Middle Libraries/sms.o
                0x0000000008012ed8                SMS_setAdmin
 .text.SMS_setToken
                0x00000000080130b0       0xd4 ./THT_Libraries/Middle Libraries/sms.o
                0x00000000080130b0                SMS_setToken
 .text.SMS_setChatID
                0x0000000008013184       0xd4 ./THT_Libraries/Middle Libraries/sms.o
                0x0000000008013184                SMS_setChatID
 .text.TELEGRAM_init
                0x0000000008013258       0xa4 ./THT_Libraries/Middle Libraries/telegram.o
                0x0000000008013258                TELEGRAM_init
 .text.TELEGRAM_sendMessage
                0x00000000080132fc       0xf0 ./THT_Libraries/Middle Libraries/telegram.o
                0x00000000080132fc                TELEGRAM_sendMessage
 .text.TELEGRAM_setToken
                0x00000000080133ec       0x54 ./THT_Libraries/Middle Libraries/telegram.o
                0x00000000080133ec                TELEGRAM_setToken
 .text.TELEGRAM_setChatID
                0x0000000008013440       0x54 ./THT_Libraries/Middle Libraries/telegram.o
                0x0000000008013440                TELEGRAM_setChatID
 .text.TELEGRAM_writeEEPROM
                0x0000000008013494      0x168 ./THT_Libraries/Middle Libraries/telegram.o
                0x0000000008013494                TELEGRAM_writeEEPROM
 .text.THT_copyStringUntilToken
                0x00000000080135fc       0xd4 ./THT_Libraries/Middle Libraries/wlv_def.o
                0x00000000080135fc                THT_copyStringUntilToken
 .text.atoi     0x00000000080136d0        0x8 c:/st/stm32cubeide_1.8.0/stm32cubeide/plugins/com.st.stm32cube.ide.mcu.externaltools.gnu-tools-for-stm32.9-2020-q2-update.win32_2.0.0.202105311346/tools/bin/../lib/gcc/arm-none-eabi/9.3.1/../../../../arm-none-eabi/lib/thumb/v7-m/nofp\libc_nano.a(lib_a-atoi.o)
                0x00000000080136d0                atoi
 .text.atol     0x00000000080136d8        0x8 c:/st/stm32cubeide_1.8.0/stm32cubeide/plugins/com.st.stm32cube.ide.mcu.externaltools.gnu-tools-for-stm32.9-2020-q2-update.win32_2.0.0.202105311346/tools/bin/../lib/gcc/arm-none-eabi/9.3.1/../../../../arm-none-eabi/lib/thumb/v7-m/nofp\libc_nano.a(lib_a-atol.o)
                0x00000000080136d8                atol
 .text.__errno  0x00000000080136e0        0xc c:/st/stm32cubeide_1.8.0/stm32cubeide/plugins/com.st.stm32cube.ide.mcu.externaltools.gnu-tools-for-stm32.9-2020-q2-update.win32_2.0.0.202105311346/tools/bin/../lib/gcc/arm-none-eabi/9.3.1/../../../../arm-none-eabi/lib/thumb/v7-m/nofp\libc_nano.a(lib_a-errno.o)
                0x00000000080136e0                __errno
 .text.__libc_init_array
                0x00000000080136ec       0x48 c:/st/stm32cubeide_1.8.0/stm32cubeide/plugins/com.st.stm32cube.ide.mcu.externaltools.gnu-tools-for-stm32.9-2020-q2-update.win32_2.0.0.202105311346/tools/bin/../lib/gcc/arm-none-eabi/9.3.1/../../../../arm-none-eabi/lib/thumb/v7-m/nofp\libc_nano.a(lib_a-init.o)
                0x00000000080136ec                __libc_init_array
 .text.memcpy   0x0000000008013734       0x1c c:/st/stm32cubeide_1.8.0/stm32cubeide/plugins/com.st.stm32cube.ide.mcu.externaltools.gnu-tools-for-stm32.9-2020-q2-update.win32_2.0.0.202105311346/tools/bin/../lib/gcc/arm-none-eabi/9.3.1/../../../../arm-none-eabi/lib/thumb/v7-m/nofp\libc_nano.a(lib_a-memcpy-stub.o)
                0x0000000008013734                memcpy
 .text.memset   0x0000000008013750       0x10 c:/st/stm32cubeide_1.8.0/stm32cubeide/plugins/com.st.stm32cube.ide.mcu.externaltools.gnu-tools-for-stm32.9-2020-q2-update.win32_2.0.0.202105311346/tools/bin/../lib/gcc/arm-none-eabi/9.3.1/../../../../arm-none-eabi/lib/thumb/v7-m/nofp\libc_nano.a(lib_a-memset.o)
                0x0000000008013750                memset
 .text.__cvt    0x0000000008013760       0xbe c:/st/stm32cubeide_1.8.0/stm32cubeide/plugins/com.st.stm32cube.ide.mcu.externaltools.gnu-tools-for-stm32.9-2020-q2-update.win32_2.0.0.202105311346/tools/bin/../lib/gcc/arm-none-eabi/9.3.1/../../../../arm-none-eabi/lib/thumb/v7-m/nofp\libc_nano.a(lib_a-nano-vfprintf_float.o)
                0x0000000008013760                __cvt
 .text.__exponent
                0x000000000801381e       0x7c c:/st/stm32cubeide_1.8.0/stm32cubeide/plugins/com.st.stm32cube.ide.mcu.externaltools.gnu-tools-for-stm32.9-2020-q2-update.win32_2.0.0.202105311346/tools/bin/../lib/gcc/arm-none-eabi/9.3.1/../../../../arm-none-eabi/lib/thumb/v7-m/nofp\libc_nano.a(lib_a-nano-vfprintf_float.o)
                0x000000000801381e                __exponent
 *fill*         0x000000000801389a        0x2 
 .text._printf_float
                0x000000000801389c      0x458 c:/st/stm32cubeide_1.8.0/stm32cubeide/plugins/com.st.stm32cube.ide.mcu.externaltools.gnu-tools-for-stm32.9-2020-q2-update.win32_2.0.0.202105311346/tools/bin/../lib/gcc/arm-none-eabi/9.3.1/../../../../arm-none-eabi/lib/thumb/v7-m/nofp\libc_nano.a(lib_a-nano-vfprintf_float.o)
                0x000000000801389c                _printf_float
 .text._printf_common
                0x0000000008013cf4       0xde c:/st/stm32cubeide_1.8.0/stm32cubeide/plugins/com.st.stm32cube.ide.mcu.externaltools.gnu-tools-for-stm32.9-2020-q2-update.win32_2.0.0.202105311346/tools/bin/../lib/gcc/arm-none-eabi/9.3.1/../../../../arm-none-eabi/lib/thumb/v7-m/nofp\libc_nano.a(lib_a-nano-vfprintf_i.o)
                0x0000000008013cf4                _printf_common
 *fill*         0x0000000008013dd2        0x2 
 .text._printf_i
                0x0000000008013dd4      0x24c c:/st/stm32cubeide_1.8.0/stm32cubeide/plugins/com.st.stm32cube.ide.mcu.externaltools.gnu-tools-for-stm32.9-2020-q2-update.win32_2.0.0.202105311346/tools/bin/../lib/gcc/arm-none-eabi/9.3.1/../../../../arm-none-eabi/lib/thumb/v7-m/nofp\libc_nano.a(lib_a-nano-vfprintf_i.o)
                0x0000000008013dd4                _printf_i
 .text.printf   0x0000000008014020       0x30 c:/st/stm32cubeide_1.8.0/stm32cubeide/plugins/com.st.stm32cube.ide.mcu.externaltools.gnu-tools-for-stm32.9-2020-q2-update.win32_2.0.0.202105311346/tools/bin/../lib/gcc/arm-none-eabi/9.3.1/../../../../arm-none-eabi/lib/thumb/v7-m/nofp\libc_nano.a(lib_a-printf.o)
                0x0000000008014020                iprintf
                0x0000000008014020                printf
 .text.putchar  0x0000000008014050       0x28 c:/st/stm32cubeide_1.8.0/stm32cubeide/plugins/com.st.stm32cube.ide.mcu.externaltools.gnu-tools-for-stm32.9-2020-q2-update.win32_2.0.0.202105311346/tools/bin/../lib/gcc/arm-none-eabi/9.3.1/../../../../arm-none-eabi/lib/thumb/v7-m/nofp\libc_nano.a(lib_a-putchar.o)
                0x0000000008014050                putchar
 .text._puts_r  0x0000000008014078       0xdc c:/st/stm32cubeide_1.8.0/stm32cubeide/plugins/com.st.stm32cube.ide.mcu.externaltools.gnu-tools-for-stm32.9-2020-q2-update.win32_2.0.0.202105311346/tools/bin/../lib/gcc/arm-none-eabi/9.3.1/../../../../arm-none-eabi/lib/thumb/v7-m/nofp\libc_nano.a(lib_a-puts.o)
                0x0000000008014078                _puts_r
 .text.puts     0x0000000008014154       0x10 c:/st/stm32cubeide_1.8.0/stm32cubeide/plugins/com.st.stm32cube.ide.mcu.externaltools.gnu-tools-for-stm32.9-2020-q2-update.win32_2.0.0.202105311346/tools/bin/../lib/gcc/arm-none-eabi/9.3.1/../../../../arm-none-eabi/lib/thumb/v7-m/nofp\libc_nano.a(lib_a-puts.o)
                0x0000000008014154                puts
 .text.snprintf
                0x0000000008014164       0x68 c:/st/stm32cubeide_1.8.0/stm32cubeide/plugins/com.st.stm32cube.ide.mcu.externaltools.gnu-tools-for-stm32.9-2020-q2-update.win32_2.0.0.202105311346/tools/bin/../lib/gcc/arm-none-eabi/9.3.1/../../../../arm-none-eabi/lib/thumb/v7-m/nofp\libc_nano.a(lib_a-snprintf.o)
                0x0000000008014164                sniprintf
                0x0000000008014164                snprintf
 .text.sprintf  0x00000000080141cc       0x40 c:/st/stm32cubeide_1.8.0/stm32cubeide/plugins/com.st.stm32cube.ide.mcu.externaltools.gnu-tools-for-stm32.9-2020-q2-update.win32_2.0.0.202105311346/tools/bin/../lib/gcc/arm-none-eabi/9.3.1/../../../../arm-none-eabi/lib/thumb/v7-m/nofp\libc_nano.a(lib_a-sprintf.o)
                0x00000000080141cc                siprintf
                0x00000000080141cc                sprintf